Data root: synthetic_datasets/simulated_data/test
Split name: test
Scenarios (13): batch_effects_moderate_drop batch_effects_moderate_drop_group groups_balanced_moderate_drop groups_balanced_moderate_drop_group groups_balanced_nodrop groups_imbalanced_moderate_drop groups_imbalanced_moderate_drop_group groups_rare_high_drop groups_rare_high_drop_group paths_branching_moderate_drop paths_branching_moderate_drop_group paths_linear_moderate_drop paths_linear_moderate_drop_group
CPU threads per job: 8
GPU threads per job: 8
MAGIC jobs: 8
DCA threads: 8
ccImpute cores (R): 8
SAVER cores (R): 8
Repeats per method: 5
Rscript: conda run -n r45_bio Rscript
Starting parallel imputation runs on caa0dgx02...
Monitor progress with: tail -f logs_parallel_runs/*.log
Started [R/baseline] (NUMA 0, cores 8) - logging to logs_parallel_runs/r_baseline.log
Started [R/saver] (NUMA 1, cores 8) - logging to logs_parallel_runs/r_saver.log
Started [R/ccimpute] (NUMA 1, cores 8) - logging to logs_parallel_runs/r_ccimpute.log
Started [PY/magic] (CPU-only, NUMA 0) - logging to logs_parallel_runs/py_cpu_magic.log
Started [PY/dca] (CPU-only, NUMA 0) - logging to logs_parallel_runs/py_cpu_dca.log
Started [PY/autoclass] (GPU 1, NUMA 1) - logging to logs_parallel_runs/py_gpu_autoclass.log
Started [PY/balanced_mse] (GPU 3, NUMA 1) - logging to logs_parallel_runs/py_gpu_balanced_mse.log
[OK] PY/magic completed.
[OK] R/baseline completed.
[OK] R/ccimpute completed.
[OK] R/saver completed.
[OK] PY/balanced_mse completed.
[OK] PY/dca completed.
[OK] PY/autoclass completed.
All runs completed successfully.
