/mnt/nfs/home/marcin.malec.local/miniconda3/envs/magic311/lib/python3.11/site-packages/rds2py/PyRdsReader.py:105: RuntimeWarning: Unsupported R object type: other
  warn(f"Unsupported R object type: {rtype}", RuntimeWarning)
/mnt/nfs/home/marcin.malec.local/miniconda3/envs/magic311/lib/python3.11/site-packages/keras/src/export/tf2onnx_lib.py:8: FutureWarning: In the future `np.object` will be defined as the corresponding NumPy scalar.
  if not hasattr(np, "object"):
/mnt/nfs/home/marcin.malec.local/miniconda3/envs/magic311/lib/python3.11/site-packages/rds2py/PyRdsReader.py:105: RuntimeWarning: Unsupported R object type: other
  warn(f"Unsupported R object type: {rtype}", RuntimeWarning)

--- Dataset: blakeley_top1000markers ---
  -> balanced_mse
    ASW=0.9543 ARI=1.0000 NMI=1.0000 PS=1.0000

--- Dataset: darmanis_top1000markers ---
  -> balanced_mse
    ASW=0.7459 ARI=0.9273 NMI=0.8997 PS=0.9524

--- Dataset: deng_top1000markers ---
  -> balanced_mse
    ASW=0.6949 ARI=0.5527 NMI=0.7824 PS=0.8507

--- Dataset: pollen_top1000markers ---
  -> balanced_mse
    ASW=0.9061 ARI=0.9385 NMI=0.9381 PS=0.9465

--- Dataset: usoskin_top1000markers ---
  -> balanced_mse
    ASW=0.5398 ARI=0.9500 NMI=0.9169 PS=0.9727
Saved results_clustering_py/balanced_mse_grid31/mid1_top500_s10s2_kmeans/balanced_mse_clustering_table.tsv
