/mnt/nfs/home/marcin.malec.local/miniconda3/envs/magic311/lib/python3.11/site-packages/rds2py/PyRdsReader.py:105: RuntimeWarning: Unsupported R object type: other
  warn(f"Unsupported R object type: {rtype}", RuntimeWarning)
/mnt/nfs/home/marcin.malec.local/miniconda3/envs/magic311/lib/python3.11/site-packages/keras/src/export/tf2onnx_lib.py:8: FutureWarning: In the future `np.object` will be defined as the corresponding NumPy scalar.
  if not hasattr(np, "object"):
/mnt/nfs/home/marcin.malec.local/miniconda3/envs/magic311/lib/python3.11/site-packages/rds2py/PyRdsReader.py:105: RuntimeWarning: Unsupported R object type: other
  warn(f"Unsupported R object type: {rtype}", RuntimeWarning)
/mnt/nfs/home/marcin.malec.local/miniconda3/envs/magic311/lib/python3.11/site-packages/rds2py/PyRdsReader.py:105: RuntimeWarning: Unsupported R object type: other
  warn(f"Unsupported R object type: {rtype}", RuntimeWarning)
/mnt/nfs/home/marcin.malec.local/miniconda3/envs/magic311/lib/python3.11/site-packages/rds2py/PyRdsReader.py:105: RuntimeWarning: Unsupported R object type: other
  warn(f"Unsupported R object type: {rtype}", RuntimeWarning)
/mnt/nfs/home/marcin.malec.local/miniconda3/envs/magic311/lib/python3.11/site-packages/rds2py/PyRdsReader.py:105: RuntimeWarning: Unsupported R object type: other
  warn(f"Unsupported R object type: {rtype}", RuntimeWarning)

--- Dataset: blakeley_top1000markers ---
  -> balanced_mse
    ASW=0.1317 ARI=0.7998 NMI=0.8305 PS=0.9333

--- Dataset: darmanis_top1000markers ---
  -> balanced_mse
    ASW=0.2661 ARI=0.7329 NMI=0.8143 PS=0.8762

--- Dataset: deng_top1000markers ---
  -> balanced_mse
    ASW=0.4294 ARI=0.5869 NMI=0.7157 PS=0.8060

--- Dataset: pollen_top1000markers ---
  -> balanced_mse
    ASW=0.5780 ARI=0.9204 NMI=0.9357 PS=0.9532

--- Dataset: usoskin_top1000markers ---
  -> balanced_mse
    ASW=0.1893 ARI=0.8862 NMI=0.8355 PS=0.9341
Saved results_clustering_py/balanced_mse_grid50/cfg2_lat_l2_gmm/balanced_mse_clustering_table.tsv
