/mnt/nfs/home/marcin.malec.local/miniconda3/envs/magic311/lib/python3.11/site-packages/rds2py/PyRdsReader.py:105: RuntimeWarning: Unsupported R object type: other
  warn(f"Unsupported R object type: {rtype}", RuntimeWarning)
/mnt/nfs/home/marcin.malec.local/miniconda3/envs/magic311/lib/python3.11/site-packages/keras/src/export/tf2onnx_lib.py:8: FutureWarning: In the future `np.object` will be defined as the corresponding NumPy scalar.
  if not hasattr(np, "object"):
/mnt/nfs/home/marcin.malec.local/miniconda3/envs/magic311/lib/python3.11/site-packages/rds2py/PyRdsReader.py:105: RuntimeWarning: Unsupported R object type: other
  warn(f"Unsupported R object type: {rtype}", RuntimeWarning)
/mnt/nfs/home/marcin.malec.local/miniconda3/envs/magic311/lib/python3.11/site-packages/rds2py/PyRdsReader.py:105: RuntimeWarning: Unsupported R object type: other
  warn(f"Unsupported R object type: {rtype}", RuntimeWarning)
/mnt/nfs/home/marcin.malec.local/miniconda3/envs/magic311/lib/python3.11/site-packages/rds2py/PyRdsReader.py:105: RuntimeWarning: Unsupported R object type: other
  warn(f"Unsupported R object type: {rtype}", RuntimeWarning)
/mnt/nfs/home/marcin.malec.local/miniconda3/envs/magic311/lib/python3.11/site-packages/rds2py/PyRdsReader.py:105: RuntimeWarning: Unsupported R object type: other
  warn(f"Unsupported R object type: {rtype}", RuntimeWarning)

--- Dataset: blakeley_top1000markers ---
  -> balanced_mse
    ASW=0.3771 ARI=0.8593 NMI=0.9019 PS=0.9333

--- Dataset: darmanis_top1000markers ---
  -> balanced_mse
    ASW=0.4089 ARI=0.7339 NMI=0.7989 PS=0.8849

--- Dataset: deng_top1000markers ---
  -> balanced_mse
    ASW=0.5764 ARI=0.6538 NMI=0.8012 PS=0.8657

--- Dataset: pollen_top1000markers ---
  -> balanced_mse
    ASW=0.6430 ARI=0.8436 NMI=0.8956 PS=0.9008

--- Dataset: usoskin_top1000markers ---
  -> balanced_mse
    ASW=0.2006 ARI=0.5279 NMI=0.5872 PS=0.7369
Saved results_clustering_py/balanced_mse_grid24/c8_recon_gmm_diag_p100/balanced_mse_clustering_table.tsv
