/mnt/nfs/home/marcin.malec.local/miniconda3/envs/magic311/lib/python3.11/site-packages/rds2py/PyRdsReader.py:105: RuntimeWarning: Unsupported R object type: other
  warn(f"Unsupported R object type: {rtype}", RuntimeWarning)
/mnt/nfs/home/marcin.malec.local/miniconda3/envs/magic311/lib/python3.11/site-packages/keras/src/export/tf2onnx_lib.py:8: FutureWarning: In the future `np.object` will be defined as the corresponding NumPy scalar.
  if not hasattr(np, "object"):

--- Dataset: blakeley_top1000markers ---
  -> balanced_mse
Calculating MAGIC...
  Running MAGIC on 30 cells and 935 genes.
  Calculating graph and diffusion operator...
    Calculating PCA...
    Calculating KNN search...
    Calculated KNN search in 0.14 seconds.
    Calculating affinities...
  Calculated graph and diffusion operator in 0.15 seconds.
  Calculating imputation...
Calculated MAGIC in 0.15 seconds.
/mnt/nfs/home/marcin.malec.local/miniconda3/envs/magic311/lib/python3.11/site-packages/sklearn/cluster/_spectral.py:688: UserWarning: The spectral clustering API has changed. ``fit``now constructs an affinity matrix from data. To use a custom affinity matrix, set ``affinity=precomputed``.
  warnings.warn(
Calculating MAGIC...
  Running MAGIC on 30 cells and 935 genes.
  Calculating graph and diffusion operator...
    Calculating PCA...
    Calculating KNN search...
    Calculating affinities...
  Calculating imputation...
/mnt/nfs/home/marcin.malec.local/miniconda3/envs/magic311/lib/python3.11/site-packages/sklearn/cluster/_spectral.py:688: UserWarning: The spectral clustering API has changed. ``fit``now constructs an affinity matrix from data. To use a custom affinity matrix, set ``affinity=precomputed``.
  warnings.warn(
Calculating MAGIC...
  Running MAGIC on 30 cells and 935 genes.
  Calculating graph and diffusion operator...
    Calculating PCA...
    Calculating KNN search...
    Calculating affinities...
  Calculating imputation...
/mnt/nfs/home/marcin.malec.local/miniconda3/envs/magic311/lib/python3.11/site-packages/sklearn/cluster/_spectral.py:688: UserWarning: The spectral clustering API has changed. ``fit``now constructs an affinity matrix from data. To use a custom affinity matrix, set ``affinity=precomputed``.
  warnings.warn(
/mnt/nfs/home/marcin.malec.local/miniconda3/envs/magic311/lib/python3.11/site-packages/rds2py/PyRdsReader.py:105: RuntimeWarning: Unsupported R object type: other
  warn(f"Unsupported R object type: {rtype}", RuntimeWarning)
    ASW=0.7557 ARI=1.0000 NMI=1.0000 PS=1.0000

--- Dataset: darmanis_top1000markers ---
  -> balanced_mse
Calculating MAGIC...
  Running MAGIC on 420 cells and 1000 genes.
  Calculating graph and diffusion operator...
    Calculating PCA...
    Calculating KNN search...
    Calculating affinities...
    Calculated affinities in 0.01 seconds.
  Calculated graph and diffusion operator in 0.03 seconds.
  Calculating imputation...
Calculated MAGIC in 0.03 seconds.
/mnt/nfs/home/marcin.malec.local/miniconda3/envs/magic311/lib/python3.11/site-packages/sklearn/manifold/_spectral_embedding.py:273: UserWarning: Graph is not fully connected, spectral embedding may not work as expected.
  warnings.warn(
Calculating MAGIC...
  Running MAGIC on 420 cells and 1000 genes.
  Calculating graph and diffusion operator...
    Calculating PCA...
    Calculating KNN search...
    Calculating affinities...
    Calculated affinities in 0.01 seconds.
  Calculated graph and diffusion operator in 0.03 seconds.
  Calculating imputation...
Calculated MAGIC in 0.03 seconds.
/mnt/nfs/home/marcin.malec.local/miniconda3/envs/magic311/lib/python3.11/site-packages/sklearn/manifold/_spectral_embedding.py:273: UserWarning: Graph is not fully connected, spectral embedding may not work as expected.
  warnings.warn(
Calculating MAGIC...
  Running MAGIC on 420 cells and 1000 genes.
  Calculating graph and diffusion operator...
    Calculating PCA...
    Calculating KNN search...
    Calculating affinities...
    Calculated affinities in 0.01 seconds.
  Calculated graph and diffusion operator in 0.02 seconds.
  Calculating imputation...
Calculated MAGIC in 0.03 seconds.
/mnt/nfs/home/marcin.malec.local/miniconda3/envs/magic311/lib/python3.11/site-packages/sklearn/manifold/_spectral_embedding.py:273: UserWarning: Graph is not fully connected, spectral embedding may not work as expected.
  warnings.warn(
/mnt/nfs/home/marcin.malec.local/miniconda3/envs/magic311/lib/python3.11/site-packages/rds2py/PyRdsReader.py:105: RuntimeWarning: Unsupported R object type: other
  warn(f"Unsupported R object type: {rtype}", RuntimeWarning)
    ASW=0.6610 ARI=0.9324 NMI=0.9021 PS=0.9540

--- Dataset: deng_top1000markers ---
  -> balanced_mse
Calculating MAGIC...
  Running MAGIC on 268 cells and 1000 genes.
  Calculating graph and diffusion operator...
    Calculating PCA...
    Calculating KNN search...
    Calculating affinities...
  Calculated graph and diffusion operator in 0.02 seconds.
  Calculating imputation...
Calculated MAGIC in 0.02 seconds.
Calculating MAGIC...
  Running MAGIC on 268 cells and 1000 genes.
  Calculating graph and diffusion operator...
    Calculating PCA...
    Calculating KNN search...
    Calculating affinities...
  Calculated graph and diffusion operator in 0.02 seconds.
  Calculating imputation...
Calculated MAGIC in 0.02 seconds.
/mnt/nfs/home/marcin.malec.local/miniconda3/envs/magic311/lib/python3.11/site-packages/sklearn/manifold/_spectral_embedding.py:273: UserWarning: Graph is not fully connected, spectral embedding may not work as expected.
  warnings.warn(
Calculating MAGIC...
  Running MAGIC on 268 cells and 1000 genes.
  Calculating graph and diffusion operator...
    Calculating PCA...
    Calculating KNN search...
    Calculating affinities...
  Calculated graph and diffusion operator in 0.02 seconds.
  Calculating imputation...
Calculated MAGIC in 0.02 seconds.
/mnt/nfs/home/marcin.malec.local/miniconda3/envs/magic311/lib/python3.11/site-packages/sklearn/manifold/_spectral_embedding.py:273: UserWarning: Graph is not fully connected, spectral embedding may not work as expected.
  warnings.warn(
/mnt/nfs/home/marcin.malec.local/miniconda3/envs/magic311/lib/python3.11/site-packages/rds2py/PyRdsReader.py:105: RuntimeWarning: Unsupported R object type: other
  warn(f"Unsupported R object type: {rtype}", RuntimeWarning)
    ASW=0.6209 ARI=0.5552 NMI=0.7809 PS=0.8495

--- Dataset: pollen_top1000markers ---
  -> balanced_mse
Calculating MAGIC...
  Running MAGIC on 299 cells and 1000 genes.
  Calculating graph and diffusion operator...
    Calculating PCA...
    Calculating KNN search...
    Calculating affinities...
    Calculated affinities in 0.01 seconds.
  Calculated graph and diffusion operator in 0.02 seconds.
  Calculating imputation...
Calculated MAGIC in 0.03 seconds.
/mnt/nfs/home/marcin.malec.local/miniconda3/envs/magic311/lib/python3.11/site-packages/sklearn/manifold/_spectral_embedding.py:273: UserWarning: Graph is not fully connected, spectral embedding may not work as expected.
  warnings.warn(
Calculating MAGIC...
  Running MAGIC on 299 cells and 1000 genes.
  Calculating graph and diffusion operator...
    Calculating PCA...
    Calculating KNN search...
    Calculating affinities...
  Calculated graph and diffusion operator in 0.02 seconds.
  Calculating imputation...
Calculated MAGIC in 0.03 seconds.
/mnt/nfs/home/marcin.malec.local/miniconda3/envs/magic311/lib/python3.11/site-packages/sklearn/manifold/_spectral_embedding.py:273: UserWarning: Graph is not fully connected, spectral embedding may not work as expected.
  warnings.warn(
Calculating MAGIC...
  Running MAGIC on 299 cells and 1000 genes.
  Calculating graph and diffusion operator...
    Calculating PCA...
    Calculating KNN search...
    Calculating affinities...
  Calculated graph and diffusion operator in 0.02 seconds.
  Calculating imputation...
Calculated MAGIC in 0.02 seconds.
/mnt/nfs/home/marcin.malec.local/miniconda3/envs/magic311/lib/python3.11/site-packages/sklearn/manifold/_spectral_embedding.py:273: UserWarning: Graph is not fully connected, spectral embedding may not work as expected.
  warnings.warn(
/mnt/nfs/home/marcin.malec.local/miniconda3/envs/magic311/lib/python3.11/site-packages/rds2py/PyRdsReader.py:105: RuntimeWarning: Unsupported R object type: other
  warn(f"Unsupported R object type: {rtype}", RuntimeWarning)
    ASW=0.8382 ARI=0.9524 NMI=0.9390 PS=0.9554

--- Dataset: usoskin_top1000markers ---
  -> balanced_mse
Calculating MAGIC...
  Running MAGIC on 622 cells and 1000 genes.
  Calculating graph and diffusion operator...
    Calculating PCA...
    Calculating KNN search...
    Calculating affinities...
    Calculated affinities in 0.02 seconds.
  Calculated graph and diffusion operator in 0.03 seconds.
  Calculating imputation...
Calculated MAGIC in 0.04 seconds.
Calculating MAGIC...
  Running MAGIC on 622 cells and 1000 genes.
  Calculating graph and diffusion operator...
    Calculating PCA...
    Calculating KNN search...
    Calculating affinities...
    Calculated affinities in 0.02 seconds.
  Calculated graph and diffusion operator in 0.03 seconds.
  Calculating imputation...
Calculated MAGIC in 0.04 seconds.
Calculating MAGIC...
  Running MAGIC on 622 cells and 1000 genes.
  Calculating graph and diffusion operator...
    Calculating PCA...
    Calculating KNN search...
    Calculating affinities...
    Calculated affinities in 0.02 seconds.
  Calculated graph and diffusion operator in 0.03 seconds.
  Calculating imputation...
Calculated MAGIC in 0.04 seconds.
    ASW=0.4974 ARI=0.9462 NMI=0.9126 PS=0.9700
Saved results_clustering_py/balanced_mse_grid28/mid1_magic_knn9_t1_p20/balanced_mse_clustering_table.tsv
