/mnt/nfs/home/marcin.malec.local/miniconda3/envs/magic311/lib/python3.11/site-packages/rds2py/PyRdsReader.py:105: RuntimeWarning: Unsupported R object type: other
  warn(f"Unsupported R object type: {rtype}", RuntimeWarning)
/mnt/nfs/home/marcin.malec.local/miniconda3/envs/magic311/lib/python3.11/site-packages/keras/src/export/tf2onnx_lib.py:8: FutureWarning: In the future `np.object` will be defined as the corresponding NumPy scalar.
  if not hasattr(np, "object"):
/mnt/nfs/home/marcin.malec.local/miniconda3/envs/magic311/lib/python3.11/site-packages/sklearn/cluster/_spectral.py:688: UserWarning: The spectral clustering API has changed. ``fit``now constructs an affinity matrix from data. To use a custom affinity matrix, set ``affinity=precomputed``.
  warnings.warn(
/mnt/nfs/home/marcin.malec.local/miniconda3/envs/magic311/lib/python3.11/site-packages/sklearn/cluster/_spectral.py:688: UserWarning: The spectral clustering API has changed. ``fit``now constructs an affinity matrix from data. To use a custom affinity matrix, set ``affinity=precomputed``.
  warnings.warn(
/mnt/nfs/home/marcin.malec.local/miniconda3/envs/magic311/lib/python3.11/site-packages/sklearn/cluster/_spectral.py:688: UserWarning: The spectral clustering API has changed. ``fit``now constructs an affinity matrix from data. To use a custom affinity matrix, set ``affinity=precomputed``.
  warnings.warn(
/mnt/nfs/home/marcin.malec.local/miniconda3/envs/magic311/lib/python3.11/site-packages/rds2py/PyRdsReader.py:105: RuntimeWarning: Unsupported R object type: other
  warn(f"Unsupported R object type: {rtype}", RuntimeWarning)
/mnt/nfs/home/marcin.malec.local/miniconda3/envs/magic311/lib/python3.11/site-packages/rds2py/PyRdsReader.py:105: RuntimeWarning: Unsupported R object type: other
  warn(f"Unsupported R object type: {rtype}", RuntimeWarning)
/mnt/nfs/home/marcin.malec.local/miniconda3/envs/magic311/lib/python3.11/site-packages/rds2py/PyRdsReader.py:105: RuntimeWarning: Unsupported R object type: other
  warn(f"Unsupported R object type: {rtype}", RuntimeWarning)
/mnt/nfs/home/marcin.malec.local/miniconda3/envs/magic311/lib/python3.11/site-packages/sklearn/manifold/_spectral_embedding.py:273: UserWarning: Graph is not fully connected, spectral embedding may not work as expected.
  warnings.warn(
/mnt/nfs/home/marcin.malec.local/miniconda3/envs/magic311/lib/python3.11/site-packages/sklearn/manifold/_spectral_embedding.py:273: UserWarning: Graph is not fully connected, spectral embedding may not work as expected.
  warnings.warn(
/mnt/nfs/home/marcin.malec.local/miniconda3/envs/magic311/lib/python3.11/site-packages/sklearn/manifold/_spectral_embedding.py:273: UserWarning: Graph is not fully connected, spectral embedding may not work as expected.
  warnings.warn(
/mnt/nfs/home/marcin.malec.local/miniconda3/envs/magic311/lib/python3.11/site-packages/rds2py/PyRdsReader.py:105: RuntimeWarning: Unsupported R object type: other
  warn(f"Unsupported R object type: {rtype}", RuntimeWarning)

--- Dataset: blakeley_top1000markers ---
  -> balanced_mse
    ASW=0.5159 ARI=1.0000 NMI=1.0000 PS=1.0000

--- Dataset: darmanis_top1000markers ---
  -> balanced_mse
    ASW=0.5154 ARI=0.9018 NMI=0.8875 PS=0.9452

--- Dataset: deng_top1000markers ---
  -> balanced_mse
    ASW=0.6114 ARI=0.9000 NMI=0.8766 PS=0.9403

--- Dataset: pollen_top1000markers ---
  -> balanced_mse
    ASW=0.7309 ARI=0.9561 NMI=0.9449 PS=0.9599

--- Dataset: usoskin_top1000markers ---
  -> balanced_mse
    ASW=0.3915 ARI=0.9107 NMI=0.8869 PS=0.9453
Saved results_clustering_py/balanced_mse_grid46/mid1_auto_db/balanced_mse_clustering_table.tsv
