/mnt/nfs/home/marcin.malec.local/miniconda3/envs/magic311/lib/python3.11/site-packages/rds2py/PyRdsReader.py:105: RuntimeWarning: Unsupported R object type: other
  warn(f"Unsupported R object type: {rtype}", RuntimeWarning)
/mnt/nfs/home/marcin.malec.local/miniconda3/envs/magic311/lib/python3.11/site-packages/keras/src/export/tf2onnx_lib.py:8: FutureWarning: In the future `np.object` will be defined as the corresponding NumPy scalar.
  if not hasattr(np, "object"):
/mnt/nfs/home/marcin.malec.local/miniconda3/envs/magic311/lib/python3.11/site-packages/sklearn/cluster/_spectral.py:688: UserWarning: The spectral clustering API has changed. ``fit``now constructs an affinity matrix from data. To use a custom affinity matrix, set ``affinity=precomputed``.
  warnings.warn(
/mnt/nfs/home/marcin.malec.local/miniconda3/envs/magic311/lib/python3.11/site-packages/rds2py/PyRdsReader.py:105: RuntimeWarning: Unsupported R object type: other
  warn(f"Unsupported R object type: {rtype}", RuntimeWarning)
/mnt/nfs/home/marcin.malec.local/miniconda3/envs/magic311/lib/python3.11/site-packages/rds2py/PyRdsReader.py:105: RuntimeWarning: Unsupported R object type: other
  warn(f"Unsupported R object type: {rtype}", RuntimeWarning)
/mnt/nfs/home/marcin.malec.local/miniconda3/envs/magic311/lib/python3.11/site-packages/sklearn/manifold/_spectral_embedding.py:273: UserWarning: Graph is not fully connected, spectral embedding may not work as expected.
  warnings.warn(
/mnt/nfs/home/marcin.malec.local/miniconda3/envs/magic311/lib/python3.11/site-packages/rds2py/PyRdsReader.py:105: RuntimeWarning: Unsupported R object type: other
  warn(f"Unsupported R object type: {rtype}", RuntimeWarning)
/mnt/nfs/home/marcin.malec.local/miniconda3/envs/magic311/lib/python3.11/site-packages/sklearn/manifold/_spectral_embedding.py:273: UserWarning: Graph is not fully connected, spectral embedding may not work as expected.
  warnings.warn(
/mnt/nfs/home/marcin.malec.local/miniconda3/envs/magic311/lib/python3.11/site-packages/rds2py/PyRdsReader.py:105: RuntimeWarning: Unsupported R object type: other
  warn(f"Unsupported R object type: {rtype}", RuntimeWarning)

--- Dataset: blakeley_top1000markers ---
  -> balanced_mse
    ASW=0.1687 ARI=0.7130 NMI=0.7850 PS=0.9000

--- Dataset: darmanis_top1000markers ---
  -> balanced_mse
    ASW=0.3130 ARI=0.8023 NMI=0.8396 PS=0.9238

--- Dataset: deng_top1000markers ---
  -> balanced_mse
    ASW=0.4615 ARI=0.9061 NMI=0.8806 PS=0.9403

--- Dataset: pollen_top1000markers ---
  -> balanced_mse
    ASW=0.3326 ARI=0.5066 NMI=0.7730 PS=0.6990

--- Dataset: usoskin_top1000markers ---
  -> balanced_mse
    ASW=0.1956 ARI=0.8496 NMI=0.8522 PS=0.8826
Saved results_clustering_py/balanced_mse_grid50/mid1_lat_l2_spec10/balanced_mse_clustering_table.tsv
