/mnt/nfs/home/marcin.malec.local/miniconda3/envs/magic311/lib/python3.11/site-packages/rds2py/PyRdsReader.py:105: RuntimeWarning: Unsupported R object type: other
  warn(f"Unsupported R object type: {rtype}", RuntimeWarning)
/mnt/nfs/home/marcin.malec.local/miniconda3/envs/magic311/lib/python3.11/site-packages/keras/src/export/tf2onnx_lib.py:8: FutureWarning: In the future `np.object` will be defined as the corresponding NumPy scalar.
  if not hasattr(np, "object"):

--- Dataset: blakeley_top1000markers ---
  -> balanced_mse
Calculating MAGIC...
  Running MAGIC on 30 cells and 935 genes.
  Calculating graph and diffusion operator...
    Calculating PCA...
    Calculating KNN search...
    Calculated KNN search in 0.06 seconds.
    Calculating affinities...
  Calculated graph and diffusion operator in 0.07 seconds.
  Calculating imputation...
Calculated MAGIC in 0.07 seconds.
/mnt/nfs/home/marcin.malec.local/miniconda3/envs/magic311/lib/python3.11/site-packages/sklearn/cluster/_spectral.py:688: UserWarning: The spectral clustering API has changed. ``fit``now constructs an affinity matrix from data. To use a custom affinity matrix, set ``affinity=precomputed``.
  warnings.warn(
Calculating MAGIC...
  Running MAGIC on 30 cells and 935 genes.
  Calculating graph and diffusion operator...
    Calculating PCA...
    Calculating KNN search...
    Calculating affinities...
  Calculating imputation...
/mnt/nfs/home/marcin.malec.local/miniconda3/envs/magic311/lib/python3.11/site-packages/sklearn/cluster/_spectral.py:688: UserWarning: The spectral clustering API has changed. ``fit``now constructs an affinity matrix from data. To use a custom affinity matrix, set ``affinity=precomputed``.
  warnings.warn(
Calculating MAGIC...
  Running MAGIC on 30 cells and 935 genes.
  Calculating graph and diffusion operator...
    Calculating PCA...
    Calculating KNN search...
    Calculating affinities...
  Calculating imputation...
/mnt/nfs/home/marcin.malec.local/miniconda3/envs/magic311/lib/python3.11/site-packages/sklearn/cluster/_spectral.py:688: UserWarning: The spectral clustering API has changed. ``fit``now constructs an affinity matrix from data. To use a custom affinity matrix, set ``affinity=precomputed``.
  warnings.warn(
/mnt/nfs/home/marcin.malec.local/miniconda3/envs/magic311/lib/python3.11/site-packages/rds2py/PyRdsReader.py:105: RuntimeWarning: Unsupported R object type: other
  warn(f"Unsupported R object type: {rtype}", RuntimeWarning)
    ASW=0.8929 ARI=1.0000 NMI=1.0000 PS=1.0000

--- Dataset: darmanis_top1000markers ---
  -> balanced_mse
Calculating MAGIC...
  Running MAGIC on 420 cells and 1000 genes.
  Calculating graph and diffusion operator...
    Calculating PCA...
    Calculating KNN search...
    Calculating affinities...
    Calculated affinities in 0.01 seconds.
  Calculated graph and diffusion operator in 0.03 seconds.
  Calculating imputation...
Calculated MAGIC in 0.03 seconds.
/mnt/nfs/home/marcin.malec.local/miniconda3/envs/magic311/lib/python3.11/site-packages/sklearn/manifold/_spectral_embedding.py:273: UserWarning: Graph is not fully connected, spectral embedding may not work as expected.
  warnings.warn(
Calculating MAGIC...
  Running MAGIC on 420 cells and 1000 genes.
  Calculating graph and diffusion operator...
    Calculating PCA...
    Calculating KNN search...
    Calculating affinities...
  Calculated graph and diffusion operator in 0.02 seconds.
  Calculating imputation...
Calculated MAGIC in 0.03 seconds.
/mnt/nfs/home/marcin.malec.local/miniconda3/envs/magic311/lib/python3.11/site-packages/sklearn/manifold/_spectral_embedding.py:273: UserWarning: Graph is not fully connected, spectral embedding may not work as expected.
  warnings.warn(
Calculating MAGIC...
  Running MAGIC on 420 cells and 1000 genes.
  Calculating graph and diffusion operator...
    Calculating PCA...
    Calculating KNN search...
    Calculating affinities...
    Calculated affinities in 0.01 seconds.
  Calculated graph and diffusion operator in 0.03 seconds.
  Calculating imputation...
Calculated MAGIC in 0.03 seconds.
/mnt/nfs/home/marcin.malec.local/miniconda3/envs/magic311/lib/python3.11/site-packages/sklearn/manifold/_spectral_embedding.py:273: UserWarning: Graph is not fully connected, spectral embedding may not work as expected.
  warnings.warn(
/mnt/nfs/home/marcin.malec.local/miniconda3/envs/magic311/lib/python3.11/site-packages/rds2py/PyRdsReader.py:105: RuntimeWarning: Unsupported R object type: other
  warn(f"Unsupported R object type: {rtype}", RuntimeWarning)
    ASW=0.6326 ARI=0.9002 NMI=0.8843 PS=0.9365

--- Dataset: deng_top1000markers ---
  -> balanced_mse
Calculating MAGIC...
  Running MAGIC on 268 cells and 1000 genes.
  Calculating graph and diffusion operator...
    Calculating PCA...
    Calculating KNN search...
    Calculating affinities...
  Calculated graph and diffusion operator in 0.02 seconds.
  Calculating imputation...
Calculated MAGIC in 0.02 seconds.
/mnt/nfs/home/marcin.malec.local/miniconda3/envs/magic311/lib/python3.11/site-packages/sklearn/manifold/_spectral_embedding.py:273: UserWarning: Graph is not fully connected, spectral embedding may not work as expected.
  warnings.warn(
Calculating MAGIC...
  Running MAGIC on 268 cells and 1000 genes.
  Calculating graph and diffusion operator...
    Calculating PCA...
    Calculating KNN search...
    Calculating affinities...
  Calculated graph and diffusion operator in 0.02 seconds.
  Calculating imputation...
Calculated MAGIC in 0.02 seconds.
/mnt/nfs/home/marcin.malec.local/miniconda3/envs/magic311/lib/python3.11/site-packages/sklearn/manifold/_spectral_embedding.py:273: UserWarning: Graph is not fully connected, spectral embedding may not work as expected.
  warnings.warn(
Calculating MAGIC...
  Running MAGIC on 268 cells and 1000 genes.
  Calculating graph and diffusion operator...
    Calculating PCA...
    Calculating KNN search...
    Calculating affinities...
  Calculated graph and diffusion operator in 0.02 seconds.
  Calculating imputation...
Calculated MAGIC in 0.02 seconds.
/mnt/nfs/home/marcin.malec.local/miniconda3/envs/magic311/lib/python3.11/site-packages/sklearn/manifold/_spectral_embedding.py:273: UserWarning: Graph is not fully connected, spectral embedding may not work as expected.
  warnings.warn(
/mnt/nfs/home/marcin.malec.local/miniconda3/envs/magic311/lib/python3.11/site-packages/rds2py/PyRdsReader.py:105: RuntimeWarning: Unsupported R object type: other
  warn(f"Unsupported R object type: {rtype}", RuntimeWarning)
    ASW=0.6209 ARI=0.6745 NMI=0.8203 PS=0.8843

--- Dataset: pollen_top1000markers ---
  -> balanced_mse
Calculating MAGIC...
  Running MAGIC on 299 cells and 1000 genes.
  Calculating graph and diffusion operator...
    Calculating PCA...
    Calculating KNN search...
    Calculating affinities...
  Calculated graph and diffusion operator in 0.02 seconds.
  Calculating imputation...
Calculated MAGIC in 0.03 seconds.
/mnt/nfs/home/marcin.malec.local/miniconda3/envs/magic311/lib/python3.11/site-packages/sklearn/manifold/_spectral_embedding.py:273: UserWarning: Graph is not fully connected, spectral embedding may not work as expected.
  warnings.warn(
Calculating MAGIC...
  Running MAGIC on 299 cells and 1000 genes.
  Calculating graph and diffusion operator...
    Calculating PCA...
    Calculating KNN search...
    Calculating affinities...
  Calculated graph and diffusion operator in 0.02 seconds.
  Calculating imputation...
Calculated MAGIC in 0.03 seconds.
/mnt/nfs/home/marcin.malec.local/miniconda3/envs/magic311/lib/python3.11/site-packages/sklearn/manifold/_spectral_embedding.py:273: UserWarning: Graph is not fully connected, spectral embedding may not work as expected.
  warnings.warn(
Calculating MAGIC...
  Running MAGIC on 299 cells and 1000 genes.
  Calculating graph and diffusion operator...
    Calculating PCA...
    Calculating KNN search...
    Calculating affinities...
  Calculated graph and diffusion operator in 0.02 seconds.
  Calculating imputation...
Calculated MAGIC in 0.03 seconds.
/mnt/nfs/home/marcin.malec.local/miniconda3/envs/magic311/lib/python3.11/site-packages/sklearn/manifold/_spectral_embedding.py:273: UserWarning: Graph is not fully connected, spectral embedding may not work as expected.
  warnings.warn(
/mnt/nfs/home/marcin.malec.local/miniconda3/envs/magic311/lib/python3.11/site-packages/rds2py/PyRdsReader.py:105: RuntimeWarning: Unsupported R object type: other
  warn(f"Unsupported R object type: {rtype}", RuntimeWarning)
    ASW=0.8238 ARI=0.9574 NMI=0.9481 PS=0.9610

--- Dataset: usoskin_top1000markers ---
  -> balanced_mse
Calculating MAGIC...
  Running MAGIC on 622 cells and 1000 genes.
  Calculating graph and diffusion operator...
    Calculating PCA...
    Calculated PCA in 0.01 seconds.
    Calculating KNN search...
    Calculating affinities...
    Calculated affinities in 0.02 seconds.
  Calculated graph and diffusion operator in 0.04 seconds.
  Calculating imputation...
Calculated MAGIC in 0.04 seconds.
Calculating MAGIC...
  Running MAGIC on 622 cells and 1000 genes.
  Calculating graph and diffusion operator...
    Calculating PCA...
    Calculated PCA in 0.01 seconds.
    Calculating KNN search...
    Calculating affinities...
    Calculated affinities in 0.01 seconds.
  Calculated graph and diffusion operator in 0.04 seconds.
  Calculating imputation...
Calculated MAGIC in 0.04 seconds.
Calculating MAGIC...
  Running MAGIC on 622 cells and 1000 genes.
  Calculating graph and diffusion operator...
    Calculating PCA...
    Calculated PCA in 0.01 seconds.
    Calculating KNN search...
    Calculating affinities...
    Calculated affinities in 0.01 seconds.
  Calculated graph and diffusion operator in 0.04 seconds.
  Calculating imputation...
Calculated MAGIC in 0.04 seconds.
    ASW=0.4689 ARI=0.9385 NMI=0.9021 PS=0.9662
Saved results_clustering_py/balanced_mse_grid28/mid1_magic_knn5_t1_p20/balanced_mse_clustering_table.tsv
