/mnt/nfs/home/marcin.malec.local/miniconda3/envs/magic311/lib/python3.11/site-packages/rds2py/PyRdsReader.py:105: RuntimeWarning: Unsupported R object type: other
  warn(f"Unsupported R object type: {rtype}", RuntimeWarning)
/mnt/nfs/home/marcin.malec.local/miniconda3/envs/magic311/lib/python3.11/site-packages/keras/src/export/tf2onnx_lib.py:8: FutureWarning: In the future `np.object` will be defined as the corresponding NumPy scalar.
  if not hasattr(np, "object"):
/mnt/nfs/home/marcin.malec.local/miniconda3/envs/magic311/lib/python3.11/site-packages/sklearn/cluster/_spectral.py:688: UserWarning: The spectral clustering API has changed. ``fit``now constructs an affinity matrix from data. To use a custom affinity matrix, set ``affinity=precomputed``.
  warnings.warn(
/mnt/nfs/home/marcin.malec.local/miniconda3/envs/magic311/lib/python3.11/site-packages/sklearn/cluster/_spectral.py:688: UserWarning: The spectral clustering API has changed. ``fit``now constructs an affinity matrix from data. To use a custom affinity matrix, set ``affinity=precomputed``.
  warnings.warn(
/mnt/nfs/home/marcin.malec.local/miniconda3/envs/magic311/lib/python3.11/site-packages/sklearn/cluster/_spectral.py:688: UserWarning: The spectral clustering API has changed. ``fit``now constructs an affinity matrix from data. To use a custom affinity matrix, set ``affinity=precomputed``.
  warnings.warn(
/mnt/nfs/home/marcin.malec.local/miniconda3/envs/magic311/lib/python3.11/site-packages/rds2py/PyRdsReader.py:105: RuntimeWarning: Unsupported R object type: other
  warn(f"Unsupported R object type: {rtype}", RuntimeWarning)
/mnt/nfs/home/marcin.malec.local/miniconda3/envs/magic311/lib/python3.11/site-packages/sklearn/manifold/_spectral_embedding.py:273: UserWarning: Graph is not fully connected, spectral embedding may not work as expected.
  warnings.warn(
/mnt/nfs/home/marcin.malec.local/miniconda3/envs/magic311/lib/python3.11/site-packages/sklearn/manifold/_spectral_embedding.py:273: UserWarning: Graph is not fully connected, spectral embedding may not work as expected.
  warnings.warn(
/mnt/nfs/home/marcin.malec.local/miniconda3/envs/magic311/lib/python3.11/site-packages/sklearn/manifold/_spectral_embedding.py:273: UserWarning: Graph is not fully connected, spectral embedding may not work as expected.
  warnings.warn(
/mnt/nfs/home/marcin.malec.local/miniconda3/envs/magic311/lib/python3.11/site-packages/rds2py/PyRdsReader.py:105: RuntimeWarning: Unsupported R object type: other
  warn(f"Unsupported R object type: {rtype}", RuntimeWarning)
/mnt/nfs/home/marcin.malec.local/miniconda3/envs/magic311/lib/python3.11/site-packages/sklearn/manifold/_spectral_embedding.py:273: UserWarning: Graph is not fully connected, spectral embedding may not work as expected.
  warnings.warn(
/mnt/nfs/home/marcin.malec.local/miniconda3/envs/magic311/lib/python3.11/site-packages/sklearn/manifold/_spectral_embedding.py:273: UserWarning: Graph is not fully connected, spectral embedding may not work as expected.
  warnings.warn(
/mnt/nfs/home/marcin.malec.local/miniconda3/envs/magic311/lib/python3.11/site-packages/sklearn/manifold/_spectral_embedding.py:273: UserWarning: Graph is not fully connected, spectral embedding may not work as expected.
  warnings.warn(
/mnt/nfs/home/marcin.malec.local/miniconda3/envs/magic311/lib/python3.11/site-packages/rds2py/PyRdsReader.py:105: RuntimeWarning: Unsupported R object type: other
  warn(f"Unsupported R object type: {rtype}", RuntimeWarning)
/mnt/nfs/home/marcin.malec.local/miniconda3/envs/magic311/lib/python3.11/site-packages/sklearn/manifold/_spectral_embedding.py:273: UserWarning: Graph is not fully connected, spectral embedding may not work as expected.
  warnings.warn(
/mnt/nfs/home/marcin.malec.local/miniconda3/envs/magic311/lib/python3.11/site-packages/sklearn/manifold/_spectral_embedding.py:273: UserWarning: Graph is not fully connected, spectral embedding may not work as expected.
  warnings.warn(
/mnt/nfs/home/marcin.malec.local/miniconda3/envs/magic311/lib/python3.11/site-packages/sklearn/manifold/_spectral_embedding.py:273: UserWarning: Graph is not fully connected, spectral embedding may not work as expected.
  warnings.warn(
/mnt/nfs/home/marcin.malec.local/miniconda3/envs/magic311/lib/python3.11/site-packages/rds2py/PyRdsReader.py:105: RuntimeWarning: Unsupported R object type: other
  warn(f"Unsupported R object type: {rtype}", RuntimeWarning)
/mnt/nfs/home/marcin.malec.local/miniconda3/envs/magic311/lib/python3.11/site-packages/sklearn/manifold/_spectral_embedding.py:273: UserWarning: Graph is not fully connected, spectral embedding may not work as expected.
  warnings.warn(
/mnt/nfs/home/marcin.malec.local/miniconda3/envs/magic311/lib/python3.11/site-packages/sklearn/manifold/_spectral_embedding.py:273: UserWarning: Graph is not fully connected, spectral embedding may not work as expected.
  warnings.warn(
/mnt/nfs/home/marcin.malec.local/miniconda3/envs/magic311/lib/python3.11/site-packages/sklearn/manifold/_spectral_embedding.py:273: UserWarning: Graph is not fully connected, spectral embedding may not work as expected.
  warnings.warn(

--- Dataset: blakeley_top1000markers ---
  -> balanced_mse
    ASW=0.9644 ARI=1.0000 NMI=1.0000 PS=1.0000

--- Dataset: darmanis_top1000markers ---
  -> balanced_mse
    ASW=0.7703 ARI=0.9241 NMI=0.8944 PS=0.9516

--- Dataset: deng_top1000markers ---
  -> balanced_mse
    ASW=0.7879 ARI=0.9137 NMI=0.8892 PS=0.9415

--- Dataset: pollen_top1000markers ---
  -> balanced_mse
    ASW=0.9138 ARI=0.9476 NMI=0.9323 PS=0.9498

--- Dataset: usoskin_top1000markers ---
  -> balanced_mse
    ASW=0.5493 ARI=0.9574 NMI=0.9275 PS=0.9770
Saved results_clustering_py/balanced_mse_grid34/a2n20_top500_s10s2/balanced_mse_clustering_table.tsv
