/mnt/nfs/home/marcin.malec.local/miniconda3/envs/magic311/lib/python3.11/site-packages/rds2py/PyRdsReader.py:105: RuntimeWarning: Unsupported R object type: other
  warn(f"Unsupported R object type: {rtype}", RuntimeWarning)
/mnt/nfs/home/marcin.malec.local/miniconda3/envs/magic311/lib/python3.11/site-packages/keras/src/export/tf2onnx_lib.py:8: FutureWarning: In the future `np.object` will be defined as the corresponding NumPy scalar.
  if not hasattr(np, "object"):
/mnt/nfs/home/marcin.malec.local/miniconda3/envs/magic311/lib/python3.11/site-packages/sklearn/cluster/_spectral.py:688: UserWarning: The spectral clustering API has changed. ``fit``now constructs an affinity matrix from data. To use a custom affinity matrix, set ``affinity=precomputed``.
  warnings.warn(
/mnt/nfs/home/marcin.malec.local/miniconda3/envs/magic311/lib/python3.11/site-packages/sklearn/manifold/_spectral_embedding.py:273: UserWarning: Graph is not fully connected, spectral embedding may not work as expected.
  warnings.warn(
/mnt/nfs/home/marcin.malec.local/miniconda3/envs/magic311/lib/python3.11/site-packages/sklearn/cluster/_spectral.py:688: UserWarning: The spectral clustering API has changed. ``fit``now constructs an affinity matrix from data. To use a custom affinity matrix, set ``affinity=precomputed``.
  warnings.warn(
/mnt/nfs/home/marcin.malec.local/miniconda3/envs/magic311/lib/python3.11/site-packages/sklearn/manifold/_spectral_embedding.py:273: UserWarning: Graph is not fully connected, spectral embedding may not work as expected.
  warnings.warn(
/mnt/nfs/home/marcin.malec.local/miniconda3/envs/magic311/lib/python3.11/site-packages/sklearn/cluster/_spectral.py:688: UserWarning: The spectral clustering API has changed. ``fit``now constructs an affinity matrix from data. To use a custom affinity matrix, set ``affinity=precomputed``.
  warnings.warn(
/mnt/nfs/home/marcin.malec.local/miniconda3/envs/magic311/lib/python3.11/site-packages/sklearn/manifold/_spectral_embedding.py:273: UserWarning: Graph is not fully connected, spectral embedding may not work as expected.
  warnings.warn(
/mnt/nfs/home/marcin.malec.local/miniconda3/envs/magic311/lib/python3.11/site-packages/rds2py/PyRdsReader.py:105: RuntimeWarning: Unsupported R object type: other
  warn(f"Unsupported R object type: {rtype}", RuntimeWarning)
/mnt/nfs/home/marcin.malec.local/miniconda3/envs/magic311/lib/python3.11/site-packages/sklearn/manifold/_spectral_embedding.py:273: UserWarning: Graph is not fully connected, spectral embedding may not work as expected.
  warnings.warn(
/mnt/nfs/home/marcin.malec.local/miniconda3/envs/magic311/lib/python3.11/site-packages/sklearn/manifold/_spectral_embedding.py:273: UserWarning: Graph is not fully connected, spectral embedding may not work as expected.
  warnings.warn(
/mnt/nfs/home/marcin.malec.local/miniconda3/envs/magic311/lib/python3.11/site-packages/sklearn/manifold/_spectral_embedding.py:273: UserWarning: Graph is not fully connected, spectral embedding may not work as expected.
  warnings.warn(
/mnt/nfs/home/marcin.malec.local/miniconda3/envs/magic311/lib/python3.11/site-packages/rds2py/PyRdsReader.py:105: RuntimeWarning: Unsupported R object type: other
  warn(f"Unsupported R object type: {rtype}", RuntimeWarning)
/mnt/nfs/home/marcin.malec.local/miniconda3/envs/magic311/lib/python3.11/site-packages/sklearn/manifold/_spectral_embedding.py:273: UserWarning: Graph is not fully connected, spectral embedding may not work as expected.
  warnings.warn(
/mnt/nfs/home/marcin.malec.local/miniconda3/envs/magic311/lib/python3.11/site-packages/sklearn/manifold/_spectral_embedding.py:273: UserWarning: Graph is not fully connected, spectral embedding may not work as expected.
  warnings.warn(
/mnt/nfs/home/marcin.malec.local/miniconda3/envs/magic311/lib/python3.11/site-packages/sklearn/manifold/_spectral_embedding.py:273: UserWarning: Graph is not fully connected, spectral embedding may not work as expected.
  warnings.warn(
/mnt/nfs/home/marcin.malec.local/miniconda3/envs/magic311/lib/python3.11/site-packages/rds2py/PyRdsReader.py:105: RuntimeWarning: Unsupported R object type: other
  warn(f"Unsupported R object type: {rtype}", RuntimeWarning)
/mnt/nfs/home/marcin.malec.local/miniconda3/envs/magic311/lib/python3.11/site-packages/sklearn/manifold/_spectral_embedding.py:273: UserWarning: Graph is not fully connected, spectral embedding may not work as expected.
  warnings.warn(
/mnt/nfs/home/marcin.malec.local/miniconda3/envs/magic311/lib/python3.11/site-packages/sklearn/manifold/_spectral_embedding.py:273: UserWarning: Graph is not fully connected, spectral embedding may not work as expected.
  warnings.warn(
/mnt/nfs/home/marcin.malec.local/miniconda3/envs/magic311/lib/python3.11/site-packages/sklearn/manifold/_spectral_embedding.py:273: UserWarning: Graph is not fully connected, spectral embedding may not work as expected.
  warnings.warn(
/mnt/nfs/home/marcin.malec.local/miniconda3/envs/magic311/lib/python3.11/site-packages/rds2py/PyRdsReader.py:105: RuntimeWarning: Unsupported R object type: other
  warn(f"Unsupported R object type: {rtype}", RuntimeWarning)
/mnt/nfs/home/marcin.malec.local/miniconda3/envs/magic311/lib/python3.11/site-packages/sklearn/manifold/_spectral_embedding.py:273: UserWarning: Graph is not fully connected, spectral embedding may not work as expected.
  warnings.warn(
/mnt/nfs/home/marcin.malec.local/miniconda3/envs/magic311/lib/python3.11/site-packages/sklearn/manifold/_spectral_embedding.py:273: UserWarning: Graph is not fully connected, spectral embedding may not work as expected.
  warnings.warn(
/mnt/nfs/home/marcin.malec.local/miniconda3/envs/magic311/lib/python3.11/site-packages/sklearn/manifold/_spectral_embedding.py:273: UserWarning: Graph is not fully connected, spectral embedding may not work as expected.
  warnings.warn(

--- Dataset: blakeley_top1000markers ---
  -> balanced_mse
    ASW=0.7233 ARI=0.4622 NMI=0.6730 PS=0.8000

--- Dataset: darmanis_top1000markers ---
  -> balanced_mse
    ASW=0.1942 ARI=0.4809 NMI=0.6522 PS=0.7587

--- Dataset: deng_top1000markers ---
  -> balanced_mse
    ASW=0.1044 ARI=0.3342 NMI=0.5629 PS=0.7239

--- Dataset: pollen_top1000markers ---
  -> balanced_mse
    ASW=0.0712 ARI=0.2305 NMI=0.5965 PS=0.5808

--- Dataset: usoskin_top1000markers ---
  -> balanced_mse
    ASW=0.0837 ARI=0.3153 NMI=0.4538 PS=0.6211
Saved results_clustering_py/balanced_mse_grid31/mid1_top300_s10s2_spec10/balanced_mse_clustering_table.tsv
