/mnt/nfs/home/marcin.malec.local/miniconda3/envs/magic311/lib/python3.11/site-packages/rds2py/PyRdsReader.py:105: RuntimeWarning: Unsupported R object type: other
  warn(f"Unsupported R object type: {rtype}", RuntimeWarning)
/mnt/nfs/home/marcin.malec.local/miniconda3/envs/magic311/lib/python3.11/site-packages/keras/src/export/tf2onnx_lib.py:8: FutureWarning: In the future `np.object` will be defined as the corresponding NumPy scalar.
  if not hasattr(np, "object"):
/mnt/nfs/home/marcin.malec.local/miniconda3/envs/magic311/lib/python3.11/site-packages/rds2py/PyRdsReader.py:105: RuntimeWarning: Unsupported R object type: other
  warn(f"Unsupported R object type: {rtype}", RuntimeWarning)

--- Dataset: blakeley_top1000markers ---
  -> balanced_mse
    [ERROR] balanced_mse: MAGIC.__init__() got an unexpected keyword argument 'k'

--- Dataset: darmanis_top1000markers ---
  -> balanced_mse
    [ERROR] balanced_mse: MAGIC.__init__() got an unexpected keyword argument 'k'

--- Dataset: deng_top1000markers ---
  -> balanced_mse
    [ERROR] balanced_mse: MAGIC.__init__() got an unexpected keyword argument 'k'

--- Dataset: pollen_top1000markers ---
  -> balanced_mse
    [ERROR] balanced_mse: MAGIC.__init__() got an unexpected keyword argument 'k'

--- Dataset: usoskin_top1000markers ---
  -> balanced_mse
    [ERROR] balanced_mse: MAGIC.__init__() got an unexpected keyword argument 'k'
Saved results_clustering_py/balanced_mse_grid26/mid1_magicblend0p2_k10_t1_p50/balanced_mse_clustering_table.tsv
