/mnt/nfs/home/marcin.malec.local/miniconda3/envs/magic311/lib/python3.11/site-packages/rds2py/PyRdsReader.py:105: RuntimeWarning: Unsupported R object type: other
  warn(f"Unsupported R object type: {rtype}", RuntimeWarning)
/mnt/nfs/home/marcin.malec.local/miniconda3/envs/magic311/lib/python3.11/site-packages/keras/src/export/tf2onnx_lib.py:8: FutureWarning: In the future `np.object` will be defined as the corresponding NumPy scalar.
  if not hasattr(np, "object"):

--- Dataset: blakeley_top1000markers ---
  -> balanced_mse
Calculating MAGIC...
  Running MAGIC on 30 cells and 935 genes.
  Calculating graph and diffusion operator...
    Calculating PCA...
    Calculating KNN search...
/mnt/nfs/home/marcin.malec.local/miniconda3/envs/magic311/lib/python3.11/site-packages/rds2py/PyRdsReader.py:105: RuntimeWarning: Unsupported R object type: other
  warn(f"Unsupported R object type: {rtype}", RuntimeWarning)
    [ERROR] balanced_mse: Expected n_neighbors <= n_samples,  but n_samples = 30, n_neighbors = 46

--- Dataset: darmanis_top1000markers ---
  -> balanced_mse
Calculating MAGIC...
  Running MAGIC on 420 cells and 1000 genes.
  Calculating graph and diffusion operator...
    Calculating PCA...
    Calculating KNN search...
    Calculated KNN search in 0.08 seconds.
    Calculating affinities...
    Calculated affinities in 0.01 seconds.
  Calculated graph and diffusion operator in 0.10 seconds.
  Calculating imputation...
Calculated MAGIC in 0.11 seconds.
/mnt/nfs/home/marcin.malec.local/miniconda3/envs/magic311/lib/python3.11/site-packages/sklearn/manifold/_spectral_embedding.py:273: UserWarning: Graph is not fully connected, spectral embedding may not work as expected.
  warnings.warn(
Calculating MAGIC...
  Running MAGIC on 420 cells and 1000 genes.
  Calculating graph and diffusion operator...
    Calculating PCA...
    Calculating KNN search...
    Calculating affinities...
    Calculated affinities in 0.01 seconds.
  Calculated graph and diffusion operator in 0.03 seconds.
  Calculating imputation...
Calculated MAGIC in 0.04 seconds.
/mnt/nfs/home/marcin.malec.local/miniconda3/envs/magic311/lib/python3.11/site-packages/sklearn/manifold/_spectral_embedding.py:273: UserWarning: Graph is not fully connected, spectral embedding may not work as expected.
  warnings.warn(
Calculating MAGIC...
  Running MAGIC on 420 cells and 1000 genes.
  Calculating graph and diffusion operator...
    Calculating PCA...
    Calculating KNN search...
    Calculating affinities...
    Calculated affinities in 0.01 seconds.
  Calculated graph and diffusion operator in 0.03 seconds.
  Calculating imputation...
Calculated MAGIC in 0.03 seconds.
/mnt/nfs/home/marcin.malec.local/miniconda3/envs/magic311/lib/python3.11/site-packages/sklearn/manifold/_spectral_embedding.py:273: UserWarning: Graph is not fully connected, spectral embedding may not work as expected.
  warnings.warn(
/mnt/nfs/home/marcin.malec.local/miniconda3/envs/magic311/lib/python3.11/site-packages/rds2py/PyRdsReader.py:105: RuntimeWarning: Unsupported R object type: other
  warn(f"Unsupported R object type: {rtype}", RuntimeWarning)
    ASW=0.7314 ARI=0.8581 NMI=0.8609 PS=0.9079

--- Dataset: deng_top1000markers ---
  -> balanced_mse
Calculating MAGIC...
  Running MAGIC on 268 cells and 1000 genes.
  Calculating graph and diffusion operator...
    Calculating PCA...
    Calculating KNN search...
    Calculating affinities...
  Calculated graph and diffusion operator in 0.02 seconds.
  Calculating imputation...
Calculated MAGIC in 0.02 seconds.
Calculating MAGIC...
  Running MAGIC on 268 cells and 1000 genes.
  Calculating graph and diffusion operator...
    Calculating PCA...
    Calculating KNN search...
    Calculating affinities...
    Calculated affinities in 0.01 seconds.
  Calculated graph and diffusion operator in 0.02 seconds.
  Calculating imputation...
Calculated MAGIC in 0.03 seconds.
/mnt/nfs/home/marcin.malec.local/miniconda3/envs/magic311/lib/python3.11/site-packages/sklearn/manifold/_spectral_embedding.py:273: UserWarning: Graph is not fully connected, spectral embedding may not work as expected.
  warnings.warn(
Calculating MAGIC...
  Running MAGIC on 268 cells and 1000 genes.
  Calculating graph and diffusion operator...
    Calculating PCA...
    Calculating KNN search...
    Calculating affinities...
  Calculated graph and diffusion operator in 0.02 seconds.
  Calculating imputation...
Calculated MAGIC in 0.02 seconds.
/mnt/nfs/home/marcin.malec.local/miniconda3/envs/magic311/lib/python3.11/site-packages/rds2py/PyRdsReader.py:105: RuntimeWarning: Unsupported R object type: other
  warn(f"Unsupported R object type: {rtype}", RuntimeWarning)
    ASW=0.6375 ARI=0.6086 NMI=0.7752 PS=0.9117

--- Dataset: pollen_top1000markers ---
  -> balanced_mse
Calculating MAGIC...
  Running MAGIC on 299 cells and 1000 genes.
  Calculating graph and diffusion operator...
    Calculating PCA...
    Calculating KNN search...
    Calculating affinities...
  Calculated graph and diffusion operator in 0.02 seconds.
  Calculating imputation...
Calculated MAGIC in 0.02 seconds.
/mnt/nfs/home/marcin.malec.local/miniconda3/envs/magic311/lib/python3.11/site-packages/sklearn/manifold/_spectral_embedding.py:273: UserWarning: Graph is not fully connected, spectral embedding may not work as expected.
  warnings.warn(
Calculating MAGIC...
  Running MAGIC on 299 cells and 1000 genes.
  Calculating graph and diffusion operator...
    Calculating PCA...
    Calculating KNN search...
    Calculating affinities...
  Calculated graph and diffusion operator in 0.02 seconds.
  Calculating imputation...
Calculated MAGIC in 0.03 seconds.
/mnt/nfs/home/marcin.malec.local/miniconda3/envs/magic311/lib/python3.11/site-packages/sklearn/manifold/_spectral_embedding.py:273: UserWarning: Graph is not fully connected, spectral embedding may not work as expected.
  warnings.warn(
Calculating MAGIC...
  Running MAGIC on 299 cells and 1000 genes.
  Calculating graph and diffusion operator...
    Calculating PCA...
    Calculating KNN search...
    Calculating affinities...
  Calculated graph and diffusion operator in 0.02 seconds.
  Calculating imputation...
Calculated MAGIC in 0.02 seconds.
/mnt/nfs/home/marcin.malec.local/miniconda3/envs/magic311/lib/python3.11/site-packages/sklearn/manifold/_spectral_embedding.py:273: UserWarning: Graph is not fully connected, spectral embedding may not work as expected.
  warnings.warn(
/mnt/nfs/home/marcin.malec.local/miniconda3/envs/magic311/lib/python3.11/site-packages/rds2py/PyRdsReader.py:105: RuntimeWarning: Unsupported R object type: other
  warn(f"Unsupported R object type: {rtype}", RuntimeWarning)
    ASW=0.8845 ARI=0.9153 NMI=0.9353 PS=0.9197

--- Dataset: usoskin_top1000markers ---
  -> balanced_mse
Calculating MAGIC...
  Running MAGIC on 622 cells and 1000 genes.
  Calculating graph and diffusion operator...
    Calculating PCA...
    Calculated PCA in 0.01 seconds.
    Calculating KNN search...
    Calculated KNN search in 0.01 seconds.
    Calculating affinities...
    Calculated affinities in 0.02 seconds.
  Calculated graph and diffusion operator in 0.04 seconds.
  Calculating imputation...
  Calculated imputation in 0.02 seconds.
Calculated MAGIC in 0.06 seconds.
Calculating MAGIC...
  Running MAGIC on 622 cells and 1000 genes.
  Calculating graph and diffusion operator...
    Calculating PCA...
    Calculated PCA in 0.01 seconds.
    Calculating KNN search...
    Calculating affinities...
    Calculated affinities in 0.02 seconds.
  Calculated graph and diffusion operator in 0.04 seconds.
  Calculating imputation...
  Calculated imputation in 0.01 seconds.
Calculated MAGIC in 0.05 seconds.
Calculating MAGIC...
  Running MAGIC on 622 cells and 1000 genes.
  Calculating graph and diffusion operator...
    Calculating PCA...
    Calculated PCA in 0.01 seconds.
    Calculating KNN search...
    Calculating affinities...
    Calculated affinities in 0.02 seconds.
  Calculated graph and diffusion operator in 0.04 seconds.
  Calculating imputation...
  Calculated imputation in 0.01 seconds.
Calculated MAGIC in 0.05 seconds.
    ASW=0.6373 ARI=0.9372 NMI=0.9010 PS=0.9662
Saved results_clustering_py/balanced_mse_grid27/mid1_magic_knn15_t3_p20/balanced_mse_clustering_table.tsv
