/mnt/nfs/home/marcin.malec.local/miniconda3/envs/magic311/lib/python3.11/site-packages/rds2py/PyRdsReader.py:105: RuntimeWarning: Unsupported R object type: other
  warn(f"Unsupported R object type: {rtype}", RuntimeWarning)
/mnt/nfs/home/marcin.malec.local/miniconda3/envs/magic311/lib/python3.11/site-packages/keras/src/export/tf2onnx_lib.py:8: FutureWarning: In the future `np.object` will be defined as the corresponding NumPy scalar.
  if not hasattr(np, "object"):
/mnt/nfs/home/marcin.malec.local/miniconda3/envs/magic311/lib/python3.11/site-packages/rds2py/PyRdsReader.py:105: RuntimeWarning: Unsupported R object type: other
  warn(f"Unsupported R object type: {rtype}", RuntimeWarning)
/mnt/nfs/home/marcin.malec.local/miniconda3/envs/magic311/lib/python3.11/site-packages/rds2py/PyRdsReader.py:105: RuntimeWarning: Unsupported R object type: other
  warn(f"Unsupported R object type: {rtype}", RuntimeWarning)
/mnt/nfs/home/marcin.malec.local/miniconda3/envs/magic311/lib/python3.11/site-packages/rds2py/PyRdsReader.py:105: RuntimeWarning: Unsupported R object type: other
  warn(f"Unsupported R object type: {rtype}", RuntimeWarning)
/mnt/nfs/home/marcin.malec.local/miniconda3/envs/magic311/lib/python3.11/site-packages/rds2py/PyRdsReader.py:105: RuntimeWarning: Unsupported R object type: other
  warn(f"Unsupported R object type: {rtype}", RuntimeWarning)


--- Dataset: blakeley_top1000markers ---
  -> balanced_mse
    ASW=0.5121 ARI=0.8430 NMI=0.8969 PS=0.9333

--- Dataset: darmanis_top1000markers ---
  -> balanced_mse
    ASW=0.5405 ARI=0.9036 NMI=0.8897 PS=0.9389

--- Dataset: deng_top1000markers ---
  -> balanced_mse
    ASW=0.6483 ARI=0.9243 NMI=0.9012 PS=0.9515

--- Dataset: pollen_top1000markers ---
  -> balanced_mse
    ASW=0.7179 ARI=0.9317 NMI=0.9312 PS=0.9375

--- Dataset: usoskin_top1000markers ---
  -> balanced_mse
    ASW=0.3280 ARI=0.7918 NMI=0.7862 PS=0.9094
Saved results_clustering_py/balanced_mse_grid11/gmm_recon_p100/balanced_mse_clustering_table.tsv

