/mnt/nfs/home/marcin.malec.local/miniconda3/envs/magic311/lib/python3.11/site-packages/rds2py/PyRdsReader.py:105: RuntimeWarning: Unsupported R object type: other
  warn(f"Unsupported R object type: {rtype}", RuntimeWarning)
/mnt/nfs/home/marcin.malec.local/miniconda3/envs/magic311/lib/python3.11/site-packages/keras/src/export/tf2onnx_lib.py:8: FutureWarning: In the future `np.object` will be defined as the corresponding NumPy scalar.
  if not hasattr(np, "object"):
/mnt/nfs/home/marcin.malec.local/miniconda3/envs/magic311/lib/python3.11/site-packages/rds2py/PyRdsReader.py:105: RuntimeWarning: Unsupported R object type: other
  warn(f"Unsupported R object type: {rtype}", RuntimeWarning)


--- Dataset: blakeley_top1000markers ---
  -> balanced_mse
    ASW=0.4564 ARI=1.0000 NMI=1.0000 PS=1.0000

--- Dataset: darmanis_top1000markers ---
  -> balanced_mse
    ASW=0.4372 ARI=0.8913 NMI=0.8877 PS=0.9317

--- Dataset: deng_top1000markers ---
  -> balanced_mse
    ASW=0.5718 ARI=0.8572 NMI=0.8624 PS=0.8507

--- Dataset: pollen_top1000markers ---
  -> balanced_mse
    ASW=0.6210 ARI=0.9291 NMI=0.9418 PS=0.9599

--- Dataset: usoskin_top1000markers ---
  -> balanced_mse
    ASW=0.3314 ARI=0.7987 NMI=0.7743 PS=0.8982
Saved results_clustering_py/balanced_mse_grid4/a2_recon_blend0.6/balanced_mse_clustering_table.tsv

