/mnt/nfs/home/marcin.malec.local/miniconda3/envs/magic311/lib/python3.11/site-packages/rds2py/PyRdsReader.py:105: RuntimeWarning: Unsupported R object type: other
  warn(f"Unsupported R object type: {rtype}", RuntimeWarning)
/mnt/nfs/home/marcin.malec.local/miniconda3/envs/magic311/lib/python3.11/site-packages/keras/src/export/tf2onnx_lib.py:8: FutureWarning: In the future `np.object` will be defined as the corresponding NumPy scalar.
  if not hasattr(np, "object"):
/mnt/nfs/home/marcin.malec.local/miniconda3/envs/magic311/lib/python3.11/site-packages/rds2py/PyRdsReader.py:105: RuntimeWarning: Unsupported R object type: other
  warn(f"Unsupported R object type: {rtype}", RuntimeWarning)


--- Dataset: blakeley_top1000markers ---
  -> balanced_mse
    ASW=0.5045 ARI=1.0000 NMI=1.0000 PS=1.0000

--- Dataset: darmanis_top1000markers ---
  -> balanced_mse
    ASW=0.5563 ARI=0.9445 NMI=0.9163 PS=0.9627

--- Dataset: deng_top1000markers ---
  -> balanced_mse
    ASW=0.5898 ARI=0.5486 NMI=0.7746 PS=0.8470

--- Dataset: pollen_top1000markers ---
  -> balanced_mse
    ASW=0.7785 ARI=0.9520 NMI=0.9422 PS=0.9543

--- Dataset: usoskin_top1000markers ---
  -> balanced_mse
    ASW=0.3822 ARI=0.8878 NMI=0.8346 PS=0.9405
Saved results_clustering_py/balanced_mse_grid16/c2/balanced_mse_clustering_table.tsv

