/mnt/nfs/home/marcin.malec.local/miniconda3/envs/magic311/lib/python3.11/site-packages/rds2py/PyRdsReader.py:105: RuntimeWarning: Unsupported R object type: other
  warn(f"Unsupported R object type: {rtype}", RuntimeWarning)
/mnt/nfs/home/marcin.malec.local/miniconda3/envs/magic311/lib/python3.11/site-packages/keras/src/export/tf2onnx_lib.py:8: FutureWarning: In the future `np.object` will be defined as the corresponding NumPy scalar.
  if not hasattr(np, "object"):
/mnt/nfs/home/marcin.malec.local/miniconda3/envs/magic311/lib/python3.11/site-packages/magic/magic.py:425: UserWarning: Input matrix contains unexpressed genes. Please remove them prior to running MAGIC.
  warnings.warn(
/mnt/nfs/home/marcin.malec.local/miniconda3/envs/magic311/lib/python3.11/site-packages/graphtools/base.py:165: RuntimeWarning: Cannot perform PCA to 100 dimensions on data with min(n_samples, n_features) = 30
  warnings.warn(
/mnt/nfs/home/marcin.malec.local/miniconda3/envs/magic311/lib/python3.11/site-packages/magic/magic.py:425: UserWarning: Input matrix contains unexpressed genes. Please remove them prior to running MAGIC.
  warnings.warn(
/mnt/nfs/home/marcin.malec.local/miniconda3/envs/magic311/lib/python3.11/site-packages/graphtools/base.py:165: RuntimeWarning: Cannot perform PCA to 100 dimensions on data with min(n_samples, n_features) = 30
  warnings.warn(
/mnt/nfs/home/marcin.malec.local/miniconda3/envs/magic311/lib/python3.11/site-packages/magic/magic.py:425: UserWarning: Input matrix contains unexpressed genes. Please remove them prior to running MAGIC.
  warnings.warn(
/mnt/nfs/home/marcin.malec.local/miniconda3/envs/magic311/lib/python3.11/site-packages/graphtools/base.py:165: RuntimeWarning: Cannot perform PCA to 100 dimensions on data with min(n_samples, n_features) = 30
  warnings.warn(
/mnt/nfs/home/marcin.malec.local/miniconda3/envs/magic311/lib/python3.11/site-packages/rds2py/PyRdsReader.py:105: RuntimeWarning: Unsupported R object type: other
  warn(f"Unsupported R object type: {rtype}", RuntimeWarning)
/mnt/nfs/home/marcin.malec.local/miniconda3/envs/magic311/lib/python3.11/site-packages/rds2py/PyRdsReader.py:105: RuntimeWarning: Unsupported R object type: other
  warn(f"Unsupported R object type: {rtype}", RuntimeWarning)
/mnt/nfs/home/marcin.malec.local/miniconda3/envs/magic311/lib/python3.11/site-packages/magic/magic.py:425: UserWarning: Input matrix contains unexpressed genes. Please remove them prior to running MAGIC.
  warnings.warn(
/mnt/nfs/home/marcin.malec.local/miniconda3/envs/magic311/lib/python3.11/site-packages/magic/magic.py:425: UserWarning: Input matrix contains unexpressed genes. Please remove them prior to running MAGIC.
  warnings.warn(
/mnt/nfs/home/marcin.malec.local/miniconda3/envs/magic311/lib/python3.11/site-packages/rds2py/PyRdsReader.py:105: RuntimeWarning: Unsupported R object type: other
  warn(f"Unsupported R object type: {rtype}", RuntimeWarning)
/mnt/nfs/home/marcin.malec.local/miniconda3/envs/magic311/lib/python3.11/site-packages/magic/magic.py:425: UserWarning: Input matrix contains unexpressed genes. Please remove them prior to running MAGIC.
  warnings.warn(
/mnt/nfs/home/marcin.malec.local/miniconda3/envs/magic311/lib/python3.11/site-packages/rds2py/PyRdsReader.py:105: RuntimeWarning: Unsupported R object type: other
  warn(f"Unsupported R object type: {rtype}", RuntimeWarning)


--- Dataset: blakeley_top1000markers ---
  -> balanced_mse
Calculating MAGIC...
  Running MAGIC on 30 cells and 935 genes.
  Calculating graph and diffusion operator...
    Calculating KNN search...
    Calculated KNN search in 0.32 seconds.
    Calculating affinities...
    Calculated affinities in 0.05 seconds.
  Calculated graph and diffusion operator in 0.37 seconds.
  Calculating imputation...
Calculated MAGIC in 0.37 seconds.
Calculating MAGIC...
  Running MAGIC on 30 cells and 935 genes.
  Calculating graph and diffusion operator...
    Calculating KNN search...
    Calculated KNN search in 0.24 seconds.
    Calculating affinities...
    Calculated affinities in 0.26 seconds.
  Calculated graph and diffusion operator in 0.50 seconds.
  Calculating imputation...
Calculated MAGIC in 0.50 seconds.
Calculating MAGIC...
  Running MAGIC on 30 cells and 935 genes.
  Calculating graph and diffusion operator...
    Calculating KNN search...
    Calculated KNN search in 0.05 seconds.
    Calculating affinities...
    Calculated affinities in 0.05 seconds.
  Calculated graph and diffusion operator in 0.10 seconds.
  Calculating imputation...
Calculated MAGIC in 0.10 seconds.
    ASW=0.4457 ARI=1.0000 NMI=1.0000 PS=1.0000

--- Dataset: darmanis_top1000markers ---
  -> balanced_mse
Calculating MAGIC...
  Running MAGIC on 420 cells and 1000 genes.
  Calculating graph and diffusion operator...
    Calculating PCA...
    Calculated PCA in 0.04 seconds.
    Calculating KNN search...
    Calculated KNN search in 0.15 seconds.
    Calculating affinities...
    Calculated affinities in 0.05 seconds.
  Calculated graph and diffusion operator in 0.24 seconds.
  Calculating imputation...
Calculated MAGIC in 0.25 seconds.
Calculating MAGIC...
  Running MAGIC on 420 cells and 1000 genes.
  Calculating graph and diffusion operator...
    Calculating PCA...
    Calculated PCA in 0.04 seconds.
    Calculating KNN search...
    Calculated KNN search in 0.14 seconds.
    Calculating affinities...
    Calculated affinities in 0.04 seconds.
  Calculated graph and diffusion operator in 0.22 seconds.
  Calculating imputation...
Calculated MAGIC in 0.22 seconds.
Calculating MAGIC...
  Running MAGIC on 420 cells and 1000 genes.
  Calculating graph and diffusion operator...
    Calculating PCA...
    Calculated PCA in 0.04 seconds.
    Calculating KNN search...
    Calculated KNN search in 0.14 seconds.
    Calculating affinities...
    Calculated affinities in 0.07 seconds.
  Calculated graph and diffusion operator in 0.25 seconds.
  Calculating imputation...
Calculated MAGIC in 0.25 seconds.
    ASW=0.5166 ARI=0.9499 NMI=0.9242 PS=0.9651

--- Dataset: deng_top1000markers ---
  -> balanced_mse
Calculating MAGIC...
  Running MAGIC on 268 cells and 1000 genes.
  Calculating graph and diffusion operator...
    Calculating PCA...
    Calculated PCA in 0.05 seconds.
    Calculating KNN search...
    Calculated KNN search in 0.16 seconds.
    Calculating affinities...
    Calculated affinities in 0.04 seconds.
  Calculated graph and diffusion operator in 0.26 seconds.
  Calculating imputation...
Calculated MAGIC in 0.26 seconds.
Calculating MAGIC...
  Running MAGIC on 268 cells and 1000 genes.
  Calculating graph and diffusion operator...
    Calculating PCA...
    Calculated PCA in 0.03 seconds.
    Calculating KNN search...
    Calculated KNN search in 0.15 seconds.
    Calculating affinities...
    Calculated affinities in 0.05 seconds.
  Calculated graph and diffusion operator in 0.23 seconds.
  Calculating imputation...
Calculated MAGIC in 0.23 seconds.
Calculating MAGIC...
  Running MAGIC on 268 cells and 1000 genes.
  Calculating graph and diffusion operator...
    Calculating PCA...
    Calculated PCA in 0.03 seconds.
    Calculating KNN search...
    Calculated KNN search in 0.14 seconds.
    Calculating affinities...
    Calculated affinities in 0.03 seconds.
  Calculated graph and diffusion operator in 0.20 seconds.
  Calculating imputation...
Calculated MAGIC in 0.20 seconds.
    ASW=0.5703 ARI=0.5489 NMI=0.7758 PS=0.8470

--- Dataset: pollen_top1000markers ---
  -> balanced_mse
Calculating MAGIC...
  Running MAGIC on 299 cells and 1000 genes.
  Calculating graph and diffusion operator...
    Calculating PCA...
    Calculated PCA in 0.04 seconds.
    Calculating KNN search...
    Calculated KNN search in 0.14 seconds.
    Calculating affinities...
    Calculated affinities in 0.05 seconds.
  Calculated graph and diffusion operator in 0.22 seconds.
  Calculating imputation...
Calculated MAGIC in 0.23 seconds.
Calculating MAGIC...
  Running MAGIC on 299 cells and 1000 genes.
  Calculating graph and diffusion operator...
    Calculating PCA...
    Calculated PCA in 0.04 seconds.
    Calculating KNN search...
    Calculated KNN search in 0.15 seconds.
    Calculating affinities...
    Calculated affinities in 0.06 seconds.
  Calculated graph and diffusion operator in 0.25 seconds.
  Calculating imputation...
Calculated MAGIC in 0.25 seconds.
Calculating MAGIC...
  Running MAGIC on 299 cells and 1000 genes.
  Calculating graph and diffusion operator...
    Calculating PCA...
    Calculated PCA in 0.03 seconds.
    Calculating KNN search...
    Calculated KNN search in 0.14 seconds.
    Calculating affinities...
    Calculated affinities in 0.06 seconds.
  Calculated graph and diffusion operator in 0.24 seconds.
  Calculating imputation...
Calculated MAGIC in 0.24 seconds.
    ASW=0.7443 ARI=0.9581 NMI=0.9490 PS=0.9621

--- Dataset: usoskin_top1000markers ---
  -> balanced_mse
Calculating MAGIC...
  Running MAGIC on 622 cells and 1000 genes.
  Calculating graph and diffusion operator...
    Calculating PCA...
    Calculated PCA in 0.05 seconds.
    Calculating KNN search...
    Calculated KNN search in 0.16 seconds.
    Calculating affinities...
    Calculated affinities in 0.06 seconds.
  Calculated graph and diffusion operator in 0.27 seconds.
  Calculating imputation...
Calculated MAGIC in 0.27 seconds.
Calculating MAGIC...
  Running MAGIC on 622 cells and 1000 genes.
  Calculating graph and diffusion operator...
    Calculating PCA...
    Calculated PCA in 0.04 seconds.
    Calculating KNN search...
    Calculated KNN search in 0.17 seconds.
    Calculating affinities...
    Calculated affinities in 0.07 seconds.
  Calculated graph and diffusion operator in 0.28 seconds.
  Calculating imputation...
Calculated MAGIC in 0.28 seconds.
Calculating MAGIC...
  Running MAGIC on 622 cells and 1000 genes.
  Calculating graph and diffusion operator...
    Calculating PCA...
    Calculated PCA in 0.04 seconds.
    Calculating KNN search...
    Calculated KNN search in 0.15 seconds.
    Calculating affinities...
    Calculated affinities in 0.06 seconds.
  Calculated graph and diffusion operator in 0.26 seconds.
  Calculating imputation...
Calculated MAGIC in 0.26 seconds.
    ASW=0.3562 ARI=0.8955 NMI=0.8496 PS=0.9448
Saved results_clustering_py/balanced_mse_grid23/c8_magicblend0.2/balanced_mse_clustering_table.tsv

