[start] cfg_e on GPU 4
/mnt/nfs/home/marcin.malec.local/miniconda3/envs/magic311/lib/python3.11/site-packages/rds2py/PyRdsReader.py:105: RuntimeWarning: Unsupported R object type: other
  warn(f"Unsupported R object type: {rtype}", RuntimeWarning)
/mnt/nfs/home/marcin.malec.local/miniconda3/envs/magic311/lib/python3.11/site-packages/keras/src/export/tf2onnx_lib.py:8: FutureWarning: In the future `np.object` will be defined as the corresponding NumPy scalar.
  if not hasattr(np, "object"):
/mnt/nfs/home/marcin.malec.local/miniconda3/envs/magic311/lib/python3.11/site-packages/rds2py/PyRdsReader.py:105: RuntimeWarning: Unsupported R object type: other
  warn(f"Unsupported R object type: {rtype}", RuntimeWarning)


--- Dataset: blakeley_top1000markers ---
  -> balanced_mse
    ASW=0.5605 ARI=1.0000 NMI=1.0000 PS=1.0000

--- Dataset: darmanis_top1000markers ---
  -> balanced_mse
    ASW=0.4312 ARI=0.6936 NMI=0.7974 PS=0.8817

--- Dataset: deng_top1000markers ---
  -> balanced_mse
    ASW=0.5095 ARI=0.5594 NMI=0.7673 PS=0.8482

--- Dataset: pollen_top1000markers ---
  -> balanced_mse
    ASW=0.6499 ARI=0.9020 NMI=0.9206 PS=0.9298

--- Dataset: usoskin_top1000markers ---
  -> balanced_mse
    ASW=0.4281 ARI=0.8690 NMI=0.8289 PS=0.9298
Saved results_clustering_py/balanced_mse_grid/cfg_e/balanced_mse_clustering_table.tsv

