/mnt/nfs/home/marcin.malec.local/miniconda3/envs/magic311/lib/python3.11/site-packages/rds2py/PyRdsReader.py:105: RuntimeWarning: Unsupported R object type: other
  warn(f"Unsupported R object type: {rtype}", RuntimeWarning)
/mnt/nfs/home/marcin.malec.local/miniconda3/envs/magic311/lib/python3.11/site-packages/keras/src/export/tf2onnx_lib.py:8: FutureWarning: In the future `np.object` will be defined as the corresponding NumPy scalar.
  if not hasattr(np, "object"):
/mnt/nfs/home/marcin.malec.local/miniconda3/envs/magic311/lib/python3.11/site-packages/rds2py/PyRdsReader.py:105: RuntimeWarning: Unsupported R object type: other
  warn(f"Unsupported R object type: {rtype}", RuntimeWarning)


--- Dataset: blakeley_top1000markers ---
  -> balanced_mse
    ASW=0.4860 ARI=1.0000 NMI=1.0000 PS=1.0000

--- Dataset: darmanis_top1000markers ---
  -> balanced_mse
    ASW=0.5322 ARI=0.9399 NMI=0.9107 PS=0.9603

--- Dataset: deng_top1000markers ---
  -> balanced_mse
    ASW=0.5847 ARI=0.5506 NMI=0.7739 PS=0.8470

--- Dataset: pollen_top1000markers ---
  -> balanced_mse
    ASW=0.7582 ARI=0.9518 NMI=0.9437 PS=0.9554

--- Dataset: usoskin_top1000markers ---
  -> balanced_mse
    ASW=0.3618 ARI=0.8844 NMI=0.8345 PS=0.9400
Saved results_clustering_py/balanced_mse_grid16/c1/balanced_mse_clustering_table.tsv

