/mnt/nfs/home/marcin.malec.local/miniconda3/envs/magic311/lib/python3.11/site-packages/rds2py/PyRdsReader.py:105: RuntimeWarning: Unsupported R object type: other
  warn(f"Unsupported R object type: {rtype}", RuntimeWarning)
/mnt/nfs/home/marcin.malec.local/miniconda3/envs/magic311/lib/python3.11/site-packages/keras/src/export/tf2onnx_lib.py:8: FutureWarning: In the future `np.object` will be defined as the corresponding NumPy scalar.
  if not hasattr(np, "object"):
/mnt/nfs/home/marcin.malec.local/miniconda3/envs/magic311/lib/python3.11/site-packages/rds2py/PyRdsReader.py:105: RuntimeWarning: Unsupported R object type: other
  warn(f"Unsupported R object type: {rtype}", RuntimeWarning)


--- Dataset: blakeley_top1000markers ---
  -> balanced_mse
    ASW=0.5865 ARI=1.0000 NMI=1.0000 PS=1.0000

--- Dataset: darmanis_top1000markers ---
  -> balanced_mse
    ASW=0.6855 ARI=0.8377 NMI=0.8474 PS=0.9000

--- Dataset: deng_top1000markers ---
  -> balanced_mse
    ASW=0.6230 ARI=0.5700 NMI=0.7664 PS=0.8396

--- Dataset: pollen_top1000markers ---
  -> balanced_mse
    ASW=0.8688 ARI=0.8884 NMI=0.9134 PS=0.9119

--- Dataset: usoskin_top1000markers ---
  -> balanced_mse
    ASW=0.5392 ARI=0.9019 NMI=0.8524 PS=0.9518
Saved results_clustering_py/balanced_mse_grid13/a2_smooth_k40_s1/balanced_mse_clustering_table.tsv

