/mnt/nfs/home/marcin.malec.local/miniconda3/envs/magic311/lib/python3.11/site-packages/rds2py/PyRdsReader.py:105: RuntimeWarning: Unsupported R object type: other
  warn(f"Unsupported R object type: {rtype}", RuntimeWarning)
/mnt/nfs/home/marcin.malec.local/miniconda3/envs/magic311/lib/python3.11/site-packages/keras/src/export/tf2onnx_lib.py:8: FutureWarning: In the future `np.object` will be defined as the corresponding NumPy scalar.
  if not hasattr(np, "object"):
/mnt/nfs/home/marcin.malec.local/miniconda3/envs/magic311/lib/python3.11/site-packages/magic/magic.py:425: UserWarning: Input matrix contains unexpressed genes. Please remove them prior to running MAGIC.
  warnings.warn(
/mnt/nfs/home/marcin.malec.local/miniconda3/envs/magic311/lib/python3.11/site-packages/graphtools/base.py:165: RuntimeWarning: Cannot perform PCA to 100 dimensions on data with min(n_samples, n_features) = 30
  warnings.warn(
/mnt/nfs/home/marcin.malec.local/miniconda3/envs/magic311/lib/python3.11/site-packages/magic/magic.py:425: UserWarning: Input matrix contains unexpressed genes. Please remove them prior to running MAGIC.
  warnings.warn(
/mnt/nfs/home/marcin.malec.local/miniconda3/envs/magic311/lib/python3.11/site-packages/graphtools/base.py:165: RuntimeWarning: Cannot perform PCA to 100 dimensions on data with min(n_samples, n_features) = 30
  warnings.warn(
/mnt/nfs/home/marcin.malec.local/miniconda3/envs/magic311/lib/python3.11/site-packages/magic/magic.py:425: UserWarning: Input matrix contains unexpressed genes. Please remove them prior to running MAGIC.
  warnings.warn(
/mnt/nfs/home/marcin.malec.local/miniconda3/envs/magic311/lib/python3.11/site-packages/graphtools/base.py:165: RuntimeWarning: Cannot perform PCA to 100 dimensions on data with min(n_samples, n_features) = 30
  warnings.warn(
/mnt/nfs/home/marcin.malec.local/miniconda3/envs/magic311/lib/python3.11/site-packages/rds2py/PyRdsReader.py:105: RuntimeWarning: Unsupported R object type: other
  warn(f"Unsupported R object type: {rtype}", RuntimeWarning)
/mnt/nfs/home/marcin.malec.local/miniconda3/envs/magic311/lib/python3.11/site-packages/rds2py/PyRdsReader.py:105: RuntimeWarning: Unsupported R object type: other
  warn(f"Unsupported R object type: {rtype}", RuntimeWarning)
/mnt/nfs/home/marcin.malec.local/miniconda3/envs/magic311/lib/python3.11/site-packages/magic/magic.py:425: UserWarning: Input matrix contains unexpressed genes. Please remove them prior to running MAGIC.
  warnings.warn(
/mnt/nfs/home/marcin.malec.local/miniconda3/envs/magic311/lib/python3.11/site-packages/magic/magic.py:425: UserWarning: Input matrix contains unexpressed genes. Please remove them prior to running MAGIC.
  warnings.warn(
/mnt/nfs/home/marcin.malec.local/miniconda3/envs/magic311/lib/python3.11/site-packages/rds2py/PyRdsReader.py:105: RuntimeWarning: Unsupported R object type: other
  warn(f"Unsupported R object type: {rtype}", RuntimeWarning)
/mnt/nfs/home/marcin.malec.local/miniconda3/envs/magic311/lib/python3.11/site-packages/magic/magic.py:425: UserWarning: Input matrix contains unexpressed genes. Please remove them prior to running MAGIC.
  warnings.warn(
/mnt/nfs/home/marcin.malec.local/miniconda3/envs/magic311/lib/python3.11/site-packages/rds2py/PyRdsReader.py:105: RuntimeWarning: Unsupported R object type: other
  warn(f"Unsupported R object type: {rtype}", RuntimeWarning)


--- Dataset: blakeley_top1000markers ---
  -> balanced_mse
Calculating MAGIC...
  Running MAGIC on 30 cells and 935 genes.
  Calculating graph and diffusion operator...
    Calculating KNN search...
    Calculated KNN search in 0.66 seconds.
    Calculating affinities...
    Calculated affinities in 0.06 seconds.
  Calculated graph and diffusion operator in 0.72 seconds.
  Calculating imputation...
Calculated MAGIC in 0.72 seconds.
Calculating MAGIC...
  Running MAGIC on 30 cells and 935 genes.
  Calculating graph and diffusion operator...
    Calculating KNN search...
    Calculated KNN search in 0.05 seconds.
    Calculating affinities...
    Calculated affinities in 0.07 seconds.
  Calculated graph and diffusion operator in 0.12 seconds.
  Calculating imputation...
Calculated MAGIC in 0.12 seconds.
Calculating MAGIC...
  Running MAGIC on 30 cells and 935 genes.
  Calculating graph and diffusion operator...
    Calculating KNN search...
    Calculated KNN search in 0.04 seconds.
    Calculating affinities...
    Calculated affinities in 0.05 seconds.
  Calculated graph and diffusion operator in 0.09 seconds.
  Calculating imputation...
Calculated MAGIC in 0.09 seconds.
    ASW=0.6024 ARI=1.0000 NMI=1.0000 PS=1.0000

--- Dataset: darmanis_top1000markers ---
  -> balanced_mse
Calculating MAGIC...
  Running MAGIC on 420 cells and 1000 genes.
  Calculating graph and diffusion operator...
    Calculating PCA...
    Calculated PCA in 0.04 seconds.
    Calculating KNN search...
    Calculated KNN search in 0.15 seconds.
    Calculating affinities...
    Calculated affinities in 0.04 seconds.
  Calculated graph and diffusion operator in 0.23 seconds.
  Calculating imputation...
Calculated MAGIC in 0.24 seconds.
Calculating MAGIC...
  Running MAGIC on 420 cells and 1000 genes.
  Calculating graph and diffusion operator...
    Calculating PCA...
    Calculated PCA in 0.04 seconds.
    Calculating KNN search...
    Calculated KNN search in 0.34 seconds.
    Calculating affinities...
    Calculated affinities in 0.40 seconds.
  Calculated graph and diffusion operator in 0.78 seconds.
  Calculating imputation...
  Calculated imputation in 0.01 seconds.
Calculated MAGIC in 0.79 seconds.
Calculating MAGIC...
  Running MAGIC on 420 cells and 1000 genes.
  Calculating graph and diffusion operator...
    Calculating PCA...
    Calculated PCA in 0.03 seconds.
    Calculating KNN search...
    Calculated KNN search in 0.31 seconds.
    Calculating affinities...
    Calculated affinities in 0.34 seconds.
  Calculated graph and diffusion operator in 0.68 seconds.
  Calculating imputation...
  Calculated imputation in 0.01 seconds.
Calculated MAGIC in 0.70 seconds.
    ASW=0.6025 ARI=0.9414 NMI=0.9145 PS=0.9611

--- Dataset: deng_top1000markers ---
  -> balanced_mse
Calculating MAGIC...
  Running MAGIC on 268 cells and 1000 genes.
  Calculating graph and diffusion operator...
    Calculating PCA...
    Calculated PCA in 0.04 seconds.
    Calculating KNN search...
    Calculated KNN search in 0.19 seconds.
    Calculating affinities...
    Calculated affinities in 0.19 seconds.
  Calculated graph and diffusion operator in 0.43 seconds.
  Calculating imputation...
Calculated MAGIC in 0.43 seconds.
Calculating MAGIC...
  Running MAGIC on 268 cells and 1000 genes.
  Calculating graph and diffusion operator...
    Calculating PCA...
    Calculated PCA in 0.03 seconds.
    Calculating KNN search...
    Calculated KNN search in 0.28 seconds.
    Calculating affinities...
    Calculated affinities in 0.07 seconds.
  Calculated graph and diffusion operator in 0.38 seconds.
  Calculating imputation...
Calculated MAGIC in 0.39 seconds.
Calculating MAGIC...
  Running MAGIC on 268 cells and 1000 genes.
  Calculating graph and diffusion operator...
    Calculating PCA...
    Calculated PCA in 0.15 seconds.
    Calculating KNN search...
    Calculated KNN search in 0.20 seconds.
    Calculating affinities...
    Calculated affinities in 0.06 seconds.
  Calculated graph and diffusion operator in 0.41 seconds.
  Calculating imputation...
Calculated MAGIC in 0.42 seconds.
    ASW=0.5996 ARI=0.5496 NMI=0.7779 PS=0.8482

--- Dataset: pollen_top1000markers ---
  -> balanced_mse
Calculating MAGIC...
  Running MAGIC on 299 cells and 1000 genes.
  Calculating graph and diffusion operator...
    Calculating PCA...
    Calculated PCA in 0.17 seconds.
    Calculating KNN search...
    Calculated KNN search in 0.15 seconds.
    Calculating affinities...
    Calculated affinities in 0.11 seconds.
  Calculated graph and diffusion operator in 0.44 seconds.
  Calculating imputation...
Calculated MAGIC in 0.44 seconds.
Calculating MAGIC...
  Running MAGIC on 299 cells and 1000 genes.
  Calculating graph and diffusion operator...
    Calculating PCA...
    Calculated PCA in 0.07 seconds.
    Calculating KNN search...
    Calculated KNN search in 0.17 seconds.
    Calculating affinities...
    Calculated affinities in 0.15 seconds.
  Calculated graph and diffusion operator in 0.40 seconds.
  Calculating imputation...
Calculated MAGIC in 0.40 seconds.
Calculating MAGIC...
  Running MAGIC on 299 cells and 1000 genes.
  Calculating graph and diffusion operator...
    Calculating PCA...
    Calculated PCA in 0.05 seconds.
    Calculating KNN search...
    Calculated KNN search in 0.15 seconds.
    Calculating affinities...
    Calculated affinities in 0.10 seconds.
  Calculated graph and diffusion operator in 0.30 seconds.
  Calculating imputation...
Calculated MAGIC in 0.30 seconds.
    ASW=0.8100 ARI=0.9555 NMI=0.9445 PS=0.9588

--- Dataset: usoskin_top1000markers ---
  -> balanced_mse
Calculating MAGIC...
  Running MAGIC on 622 cells and 1000 genes.
  Calculating graph and diffusion operator...
    Calculating PCA...
    Calculated PCA in 0.05 seconds.
    Calculating KNN search...
    Calculated KNN search in 0.18 seconds.
    Calculating affinities...
    Calculated affinities in 0.16 seconds.
  Calculated graph and diffusion operator in 0.39 seconds.
  Calculating imputation...
Calculated MAGIC in 0.39 seconds.
Calculating MAGIC...
  Running MAGIC on 622 cells and 1000 genes.
  Calculating graph and diffusion operator...
    Calculating PCA...
    Calculated PCA in 0.05 seconds.
    Calculating KNN search...
    Calculated KNN search in 0.20 seconds.
    Calculating affinities...
    Calculated affinities in 0.14 seconds.
  Calculated graph and diffusion operator in 0.39 seconds.
  Calculating imputation...
Calculated MAGIC in 0.40 seconds.
Calculating MAGIC...
  Running MAGIC on 622 cells and 1000 genes.
  Calculating graph and diffusion operator...
    Calculating PCA...
    Calculated PCA in 0.04 seconds.
    Calculating KNN search...
    Calculated KNN search in 0.15 seconds.
    Calculating affinities...
    Calculated affinities in 0.06 seconds.
  Calculated graph and diffusion operator in 0.26 seconds.
  Calculating imputation...
Calculated MAGIC in 0.27 seconds.
    ASW=0.4239 ARI=0.9110 NMI=0.8671 PS=0.9534
Saved results_clustering_py/balanced_mse_grid23/c8_magicblend0.6/balanced_mse_clustering_table.tsv

