/mnt/nfs/home/marcin.malec.local/miniconda3/envs/magic311/lib/python3.11/site-packages/rds2py/PyRdsReader.py:105: RuntimeWarning: Unsupported R object type: other
  warn(f"Unsupported R object type: {rtype}", RuntimeWarning)
/mnt/nfs/home/marcin.malec.local/miniconda3/envs/magic311/lib/python3.11/site-packages/keras/src/export/tf2onnx_lib.py:8: FutureWarning: In the future `np.object` will be defined as the corresponding NumPy scalar.
  if not hasattr(np, "object"):
/mnt/nfs/home/marcin.malec.local/miniconda3/envs/magic311/lib/python3.11/site-packages/rds2py/PyRdsReader.py:105: RuntimeWarning: Unsupported R object type: other
  warn(f"Unsupported R object type: {rtype}", RuntimeWarning)


--- Dataset: blakeley_top1000markers ---
  -> balanced_mse
    ASW=0.5071 ARI=0.9653 NMI=0.9641 PS=0.9889

--- Dataset: darmanis_top1000markers ---
  -> balanced_mse
    ASW=0.4467 ARI=0.8313 NMI=0.8456 PS=0.9103

--- Dataset: deng_top1000markers ---
  -> balanced_mse
    ASW=0.5028 ARI=0.5627 NMI=0.7612 PS=0.8358

--- Dataset: pollen_top1000markers ---
  -> balanced_mse
    ASW=0.7113 ARI=0.9398 NMI=0.9416 PS=0.9476

--- Dataset: usoskin_top1000markers ---
  -> balanced_mse
    ASW=0.3419 ARI=0.8625 NMI=0.8257 PS=0.9217
Saved results_clustering_py/balanced_mse_grid2/cfg_f/balanced_mse_clustering_table.tsv

/mnt/nfs/home/marcin.malec.local/miniconda3/envs/magic311/lib/python3.11/site-packages/rds2py/PyRdsReader.py:105: RuntimeWarning: Unsupported R object type: other
  warn(f"Unsupported R object type: {rtype}", RuntimeWarning)
/mnt/nfs/home/marcin.malec.local/miniconda3/envs/magic311/lib/python3.11/site-packages/keras/src/export/tf2onnx_lib.py:8: FutureWarning: In the future `np.object` will be defined as the corresponding NumPy scalar.
  if not hasattr(np, "object"):
/mnt/nfs/home/marcin.malec.local/miniconda3/envs/magic311/lib/python3.11/site-packages/rds2py/PyRdsReader.py:105: RuntimeWarning: Unsupported R object type: other
  warn(f"Unsupported R object type: {rtype}", RuntimeWarning)


=== dataset_2_types_equal ===
  -> balanced_mse

=== dataset_3_types_unequal ===
  -> balanced_mse

=== dataset_4_types_rare ===
  -> balanced_mse

=== dataset_multibatch_dropout ===
  -> balanced_mse
Wrote results_imputation_py/balanced_mse/cells_1000_grid2/cfg_f/balanced_mse_mse_table.tsv

