/mnt/nfs/home/marcin.malec.local/miniconda3/envs/magic311/lib/python3.11/site-packages/rds2py/PyRdsReader.py:105: RuntimeWarning: Unsupported R object type: other
  warn(f"Unsupported R object type: {rtype}", RuntimeWarning)
/mnt/nfs/home/marcin.malec.local/miniconda3/envs/magic311/lib/python3.11/site-packages/keras/src/export/tf2onnx_lib.py:8: FutureWarning: In the future `np.object` will be defined as the corresponding NumPy scalar.
  if not hasattr(np, "object"):
/mnt/nfs/home/marcin.malec.local/miniconda3/envs/magic311/lib/python3.11/site-packages/rds2py/PyRdsReader.py:105: RuntimeWarning: Unsupported R object type: other
  warn(f"Unsupported R object type: {rtype}", RuntimeWarning)


--- Dataset: blakeley_top1000markers ---
  -> balanced_mse
    ASW=0.3659 ARI=1.0000 NMI=1.0000 PS=1.0000

--- Dataset: darmanis_top1000markers ---
  -> balanced_mse
    ASW=0.4561 ARI=0.9434 NMI=0.9141 PS=0.9619

--- Dataset: deng_top1000markers ---
  -> balanced_mse
    ASW=0.5614 ARI=0.5459 NMI=0.7696 PS=0.8458

--- Dataset: pollen_top1000markers ---
  -> balanced_mse
    ASW=0.7061 ARI=0.9565 NMI=0.9481 PS=0.9599

--- Dataset: usoskin_top1000markers ---
  -> balanced_mse
    ASW=0.3132 ARI=0.8690 NMI=0.8222 PS=0.9325
Saved results_clustering_py/balanced_mse_grid17/c8d/balanced_mse_clustering_table.tsv

