/mnt/nfs/home/marcin.malec.local/miniconda3/envs/magic311/lib/python3.11/site-packages/rds2py/PyRdsReader.py:105: RuntimeWarning: Unsupported R object type: other
  warn(f"Unsupported R object type: {rtype}", RuntimeWarning)
/mnt/nfs/home/marcin.malec.local/miniconda3/envs/magic311/lib/python3.11/site-packages/keras/src/export/tf2onnx_lib.py:8: FutureWarning: In the future `np.object` will be defined as the corresponding NumPy scalar.
  if not hasattr(np, "object"):
/mnt/nfs/home/marcin.malec.local/miniconda3/envs/magic311/lib/python3.11/site-packages/rds2py/PyRdsReader.py:105: RuntimeWarning: Unsupported R object type: other
  warn(f"Unsupported R object type: {rtype}", RuntimeWarning)


--- Dataset: blakeley_top1000markers ---
  -> balanced_mse
    ASW=0.5780 ARI=1.0000 NMI=1.0000 PS=1.0000

--- Dataset: darmanis_top1000markers ---
  -> balanced_mse
    ASW=0.5796 ARI=0.9362 NMI=0.9099 PS=0.9603

--- Dataset: deng_top1000markers ---
  -> balanced_mse
    ASW=0.6385 ARI=0.6578 NMI=0.8087 PS=0.8495

--- Dataset: pollen_top1000markers ---
  -> balanced_mse
    ASW=0.7698 ARI=0.9488 NMI=0.9400 PS=0.9498

--- Dataset: usoskin_top1000markers ---
  -> balanced_mse
    ASW=0.3985 ARI=0.8967 NMI=0.8481 PS=0.9448
Saved results_clustering_py/balanced_mse_grid16/c7/balanced_mse_clustering_table.tsv

