/mnt/nfs/home/marcin.malec.local/miniconda3/envs/magic311/lib/python3.11/site-packages/rds2py/PyRdsReader.py:105: RuntimeWarning: Unsupported R object type: other
  warn(f"Unsupported R object type: {rtype}", RuntimeWarning)
/mnt/nfs/home/marcin.malec.local/miniconda3/envs/magic311/lib/python3.11/site-packages/keras/src/export/tf2onnx_lib.py:8: FutureWarning: In the future `np.object` will be defined as the corresponding NumPy scalar.
  if not hasattr(np, "object"):
/mnt/nfs/home/marcin.malec.local/miniconda3/envs/magic311/lib/python3.11/site-packages/rds2py/PyRdsReader.py:105: RuntimeWarning: Unsupported R object type: other
  warn(f"Unsupported R object type: {rtype}", RuntimeWarning)


--- Dataset: blakeley_top1000markers ---
  -> balanced_mse
    ASW=0.3953 ARI=1.0000 NMI=1.0000 PS=1.0000

--- Dataset: darmanis_top1000markers ---
  -> balanced_mse
    ASW=0.4756 ARI=0.9462 NMI=0.9176 PS=0.9635

--- Dataset: deng_top1000markers ---
  -> balanced_mse
    ASW=0.5562 ARI=0.5461 NMI=0.7722 PS=0.8458

--- Dataset: pollen_top1000markers ---
  -> balanced_mse
    ASW=0.7133 ARI=0.9581 NMI=0.9490 PS=0.9621

--- Dataset: usoskin_top1000markers ---
  -> balanced_mse
    ASW=0.3245 ARI=0.8755 NMI=0.8223 PS=0.9346
Saved results_clustering_py/balanced_mse_grid16/c8/balanced_mse_clustering_table.tsv

