/mnt/nfs/home/marcin.malec.local/miniconda3/envs/magic311/lib/python3.11/site-packages/rds2py/PyRdsReader.py:105: RuntimeWarning: Unsupported R object type: other
  warn(f"Unsupported R object type: {rtype}", RuntimeWarning)
/mnt/nfs/home/marcin.malec.local/miniconda3/envs/magic311/lib/python3.11/site-packages/keras/src/export/tf2onnx_lib.py:8: FutureWarning: In the future `np.object` will be defined as the corresponding NumPy scalar.
  if not hasattr(np, "object"):
/mnt/nfs/home/marcin.malec.local/miniconda3/envs/magic311/lib/python3.11/site-packages/rds2py/PyRdsReader.py:105: RuntimeWarning: Unsupported R object type: other
  warn(f"Unsupported R object type: {rtype}", RuntimeWarning)


--- Dataset: blakeley_top1000markers ---
  -> balanced_mse
    ASW=0.8268 ARI=0.6301 NMI=0.7792 PS=0.8667

--- Dataset: darmanis_top1000markers ---
  -> balanced_mse
    ASW=0.6625 ARI=0.8009 NMI=0.8355 PS=0.9190

--- Dataset: deng_top1000markers ---
  -> balanced_mse
    ASW=0.8747 ARI=0.8569 NMI=0.8660 PS=0.8507

--- Dataset: pollen_top1000markers ---
  -> balanced_mse
    ASW=0.8408 ARI=0.7951 NMI=0.8619 PS=0.8238

--- Dataset: usoskin_top1000markers ---
  -> balanced_mse
    ASW=0.6097 ARI=0.8881 NMI=0.8421 PS=0.9394
Saved results_clustering_py/balanced_mse_grid16/c4/balanced_mse_clustering_table.tsv

