/mnt/nfs/home/marcin.malec.local/miniconda3/envs/magic311/lib/python3.11/site-packages/rds2py/PyRdsReader.py:105: RuntimeWarning: Unsupported R object type: other
  warn(f"Unsupported R object type: {rtype}", RuntimeWarning)
/mnt/nfs/home/marcin.malec.local/miniconda3/envs/magic311/lib/python3.11/site-packages/keras/src/export/tf2onnx_lib.py:8: FutureWarning: In the future `np.object` will be defined as the corresponding NumPy scalar.
  if not hasattr(np, "object"):
/mnt/nfs/home/marcin.malec.local/miniconda3/envs/magic311/lib/python3.11/site-packages/rds2py/PyRdsReader.py:105: RuntimeWarning: Unsupported R object type: other
  warn(f"Unsupported R object type: {rtype}", RuntimeWarning)


--- Dataset: blakeley_top1000markers ---
  -> balanced_mse
    ASW=0.6159 ARI=1.0000 NMI=1.0000 PS=1.0000

--- Dataset: darmanis_top1000markers ---
  -> balanced_mse
    ASW=0.5292 ARI=0.9263 NMI=0.8986 PS=0.9536

--- Dataset: deng_top1000markers ---
  -> balanced_mse
    ASW=0.7480 ARI=0.8572 NMI=0.8624 PS=0.8507

--- Dataset: pollen_top1000markers ---
  -> balanced_mse
    ASW=0.7417 ARI=0.9468 NMI=0.9384 PS=0.9465

--- Dataset: usoskin_top1000markers ---
  -> balanced_mse
    ASW=0.3602 ARI=0.8083 NMI=0.7799 PS=0.9003
Saved results_clustering_py/balanced_mse_grid9/a2_bioreg1.5/balanced_mse_clustering_table.tsv

/mnt/nfs/home/marcin.malec.local/miniconda3/envs/magic311/lib/python3.11/site-packages/rds2py/PyRdsReader.py:105: RuntimeWarning: Unsupported R object type: other
  warn(f"Unsupported R object type: {rtype}", RuntimeWarning)
/mnt/nfs/home/marcin.malec.local/miniconda3/envs/magic311/lib/python3.11/site-packages/keras/src/export/tf2onnx_lib.py:8: FutureWarning: In the future `np.object` will be defined as the corresponding NumPy scalar.
  if not hasattr(np, "object"):
/mnt/nfs/home/marcin.malec.local/miniconda3/envs/magic311/lib/python3.11/site-packages/rds2py/PyRdsReader.py:105: RuntimeWarning: Unsupported R object type: other
  warn(f"Unsupported R object type: {rtype}", RuntimeWarning)


=== dataset_2_types_equal ===
  -> balanced_mse

=== dataset_3_types_unequal ===
  -> balanced_mse

=== dataset_4_types_rare ===
  -> balanced_mse

=== dataset_multibatch_dropout ===
  -> balanced_mse
Wrote results_imputation_py/balanced_mse/cells_1000_grid9/a2_bioreg1.5/balanced_mse_mse_table.tsv

