/mnt/nfs/home/marcin.malec.local/miniconda3/envs/magic311/lib/python3.11/site-packages/rds2py/PyRdsReader.py:105: RuntimeWarning: Unsupported R object type: other
  warn(f"Unsupported R object type: {rtype}", RuntimeWarning)
/mnt/nfs/home/marcin.malec.local/miniconda3/envs/magic311/lib/python3.11/site-packages/keras/src/export/tf2onnx_lib.py:8: FutureWarning: In the future `np.object` will be defined as the corresponding NumPy scalar.
  if not hasattr(np, "object"):
/mnt/nfs/home/marcin.malec.local/miniconda3/envs/magic311/lib/python3.11/site-packages/magic/magic.py:425: UserWarning: Input matrix contains unexpressed genes. Please remove them prior to running MAGIC.
  warnings.warn(
/mnt/nfs/home/marcin.malec.local/miniconda3/envs/magic311/lib/python3.11/site-packages/graphtools/base.py:165: RuntimeWarning: Cannot perform PCA to 100 dimensions on data with min(n_samples, n_features) = 30
  warnings.warn(
/mnt/nfs/home/marcin.malec.local/miniconda3/envs/magic311/lib/python3.11/site-packages/magic/magic.py:425: UserWarning: Input matrix contains unexpressed genes. Please remove them prior to running MAGIC.
  warnings.warn(
/mnt/nfs/home/marcin.malec.local/miniconda3/envs/magic311/lib/python3.11/site-packages/graphtools/base.py:165: RuntimeWarning: Cannot perform PCA to 100 dimensions on data with min(n_samples, n_features) = 30
  warnings.warn(
/mnt/nfs/home/marcin.malec.local/miniconda3/envs/magic311/lib/python3.11/site-packages/magic/magic.py:425: UserWarning: Input matrix contains unexpressed genes. Please remove them prior to running MAGIC.
  warnings.warn(
/mnt/nfs/home/marcin.malec.local/miniconda3/envs/magic311/lib/python3.11/site-packages/graphtools/base.py:165: RuntimeWarning: Cannot perform PCA to 100 dimensions on data with min(n_samples, n_features) = 30
  warnings.warn(
/mnt/nfs/home/marcin.malec.local/miniconda3/envs/magic311/lib/python3.11/site-packages/rds2py/PyRdsReader.py:105: RuntimeWarning: Unsupported R object type: other
  warn(f"Unsupported R object type: {rtype}", RuntimeWarning)
/mnt/nfs/home/marcin.malec.local/miniconda3/envs/magic311/lib/python3.11/site-packages/rds2py/PyRdsReader.py:105: RuntimeWarning: Unsupported R object type: other
  warn(f"Unsupported R object type: {rtype}", RuntimeWarning)
/mnt/nfs/home/marcin.malec.local/miniconda3/envs/magic311/lib/python3.11/site-packages/magic/magic.py:425: UserWarning: Input matrix contains unexpressed genes. Please remove them prior to running MAGIC.
  warnings.warn(
/mnt/nfs/home/marcin.malec.local/miniconda3/envs/magic311/lib/python3.11/site-packages/magic/magic.py:425: UserWarning: Input matrix contains unexpressed genes. Please remove them prior to running MAGIC.
  warnings.warn(
/mnt/nfs/home/marcin.malec.local/miniconda3/envs/magic311/lib/python3.11/site-packages/rds2py/PyRdsReader.py:105: RuntimeWarning: Unsupported R object type: other
  warn(f"Unsupported R object type: {rtype}", RuntimeWarning)
/mnt/nfs/home/marcin.malec.local/miniconda3/envs/magic311/lib/python3.11/site-packages/magic/magic.py:425: UserWarning: Input matrix contains unexpressed genes. Please remove them prior to running MAGIC.
  warnings.warn(
/mnt/nfs/home/marcin.malec.local/miniconda3/envs/magic311/lib/python3.11/site-packages/rds2py/PyRdsReader.py:105: RuntimeWarning: Unsupported R object type: other
  warn(f"Unsupported R object type: {rtype}", RuntimeWarning)


--- Dataset: blakeley_top1000markers ---
  -> balanced_mse
Calculating MAGIC...
  Running MAGIC on 30 cells and 935 genes.
  Calculating graph and diffusion operator...
    Calculating KNN search...
    Calculated KNN search in 0.71 seconds.
    Calculating affinities...
    Calculated affinities in 0.14 seconds.
  Calculated graph and diffusion operator in 0.86 seconds.
  Calculating imputation...
Calculated MAGIC in 0.86 seconds.
Calculating MAGIC...
  Running MAGIC on 30 cells and 935 genes.
  Calculating graph and diffusion operator...
    Calculating KNN search...
    Calculated KNN search in 0.07 seconds.
    Calculating affinities...
    Calculated affinities in 0.13 seconds.
  Calculated graph and diffusion operator in 0.20 seconds.
  Calculating imputation...
Calculated MAGIC in 0.21 seconds.
Calculating MAGIC...
  Running MAGIC on 30 cells and 935 genes.
  Calculating graph and diffusion operator...
    Calculating KNN search...
    Calculated KNN search in 0.15 seconds.
    Calculating affinities...
    Calculated affinities in 0.06 seconds.
  Calculated graph and diffusion operator in 0.20 seconds.
  Calculating imputation...
Calculated MAGIC in 0.20 seconds.
    ASW=0.5125 ARI=1.0000 NMI=1.0000 PS=1.0000

--- Dataset: darmanis_top1000markers ---
  -> balanced_mse
Calculating MAGIC...
  Running MAGIC on 420 cells and 1000 genes.
  Calculating graph and diffusion operator...
    Calculating PCA...
    Calculated PCA in 0.05 seconds.
    Calculating KNN search...
    Calculated KNN search in 0.18 seconds.
    Calculating affinities...
    Calculated affinities in 0.21 seconds.
  Calculated graph and diffusion operator in 0.44 seconds.
  Calculating imputation...
Calculated MAGIC in 0.44 seconds.
Calculating MAGIC...
  Running MAGIC on 420 cells and 1000 genes.
  Calculating graph and diffusion operator...
    Calculating PCA...
    Calculated PCA in 0.63 seconds.
    Calculating KNN search...
    Calculated KNN search in 0.21 seconds.
    Calculating affinities...
    Calculated affinities in 0.13 seconds.
  Calculated graph and diffusion operator in 0.97 seconds.
  Calculating imputation...
Calculated MAGIC in 0.97 seconds.
Calculating MAGIC...
  Running MAGIC on 420 cells and 1000 genes.
  Calculating graph and diffusion operator...
    Calculating PCA...
    Calculated PCA in 0.60 seconds.
    Calculating KNN search...
    Calculated KNN search in 0.21 seconds.
    Calculating affinities...
    Calculated affinities in 0.13 seconds.
  Calculated graph and diffusion operator in 0.95 seconds.
  Calculating imputation...
Calculated MAGIC in 0.95 seconds.
    ASW=0.5584 ARI=0.9482 NMI=0.9219 PS=0.9643

--- Dataset: deng_top1000markers ---
  -> balanced_mse
Calculating MAGIC...
  Running MAGIC on 268 cells and 1000 genes.
  Calculating graph and diffusion operator...
    Calculating PCA...
    Calculated PCA in 0.04 seconds.
    Calculating KNN search...
    Calculated KNN search in 0.29 seconds.
    Calculating affinities...
    Calculated affinities in 0.20 seconds.
  Calculated graph and diffusion operator in 0.53 seconds.
  Calculating imputation...
Calculated MAGIC in 0.54 seconds.
Calculating MAGIC...
  Running MAGIC on 268 cells and 1000 genes.
  Calculating graph and diffusion operator...
    Calculating PCA...
    Calculated PCA in 0.03 seconds.
    Calculating KNN search...
    Calculated KNN search in 0.13 seconds.
    Calculating affinities...
    Calculated affinities in 0.05 seconds.
  Calculated graph and diffusion operator in 0.22 seconds.
  Calculating imputation...
Calculated MAGIC in 0.22 seconds.
Calculating MAGIC...
  Running MAGIC on 268 cells and 1000 genes.
  Calculating graph and diffusion operator...
    Calculating PCA...
    Calculated PCA in 0.03 seconds.
    Calculating KNN search...
    Calculated KNN search in 0.16 seconds.
    Calculating affinities...
    Calculated affinities in 0.04 seconds.
  Calculated graph and diffusion operator in 0.23 seconds.
  Calculating imputation...
Calculated MAGIC in 0.23 seconds.
    ASW=0.5853 ARI=0.5492 NMI=0.7778 PS=0.8482

--- Dataset: pollen_top1000markers ---
  -> balanced_mse
Calculating MAGIC...
  Running MAGIC on 299 cells and 1000 genes.
  Calculating graph and diffusion operator...
    Calculating PCA...
    Calculated PCA in 0.03 seconds.
    Calculating KNN search...
    Calculated KNN search in 0.15 seconds.
    Calculating affinities...
    Calculated affinities in 0.05 seconds.
  Calculated graph and diffusion operator in 0.23 seconds.
  Calculating imputation...
Calculated MAGIC in 0.24 seconds.
Calculating MAGIC...
  Running MAGIC on 299 cells and 1000 genes.
  Calculating graph and diffusion operator...
    Calculating PCA...
    Calculated PCA in 0.03 seconds.
    Calculating KNN search...
    Calculated KNN search in 0.13 seconds.
    Calculating affinities...
    Calculated affinities in 0.04 seconds.
  Calculated graph and diffusion operator in 0.21 seconds.
  Calculating imputation...
Calculated MAGIC in 0.21 seconds.
Calculating MAGIC...
  Running MAGIC on 299 cells and 1000 genes.
  Calculating graph and diffusion operator...
    Calculating PCA...
    Calculated PCA in 0.03 seconds.
    Calculating KNN search...
    Calculated KNN search in 0.15 seconds.
    Calculating affinities...
    Calculated affinities in 0.05 seconds.
  Calculated graph and diffusion operator in 0.24 seconds.
  Calculating imputation...
Calculated MAGIC in 0.24 seconds.
    ASW=0.7769 ARI=0.9555 NMI=0.9445 PS=0.9588

--- Dataset: usoskin_top1000markers ---
  -> balanced_mse
Calculating MAGIC...
  Running MAGIC on 622 cells and 1000 genes.
  Calculating graph and diffusion operator...
    Calculating PCA...
    Calculated PCA in 0.04 seconds.
    Calculating KNN search...
    Calculated KNN search in 0.16 seconds.
    Calculating affinities...
    Calculated affinities in 0.06 seconds.
  Calculated graph and diffusion operator in 0.26 seconds.
  Calculating imputation...
Calculated MAGIC in 0.27 seconds.
Calculating MAGIC...
  Running MAGIC on 622 cells and 1000 genes.
  Calculating graph and diffusion operator...
    Calculating PCA...
    Calculated PCA in 0.04 seconds.
    Calculating KNN search...
    Calculated KNN search in 0.16 seconds.
    Calculating affinities...
    Calculated affinities in 0.07 seconds.
  Calculated graph and diffusion operator in 0.28 seconds.
  Calculating imputation...
Calculated MAGIC in 0.29 seconds.
Calculating MAGIC...
  Running MAGIC on 622 cells and 1000 genes.
  Calculating graph and diffusion operator...
    Calculating PCA...
    Calculated PCA in 0.04 seconds.
    Calculating KNN search...
    Calculated KNN search in 0.16 seconds.
    Calculating affinities...
    Calculated affinities in 0.06 seconds.
  Calculated graph and diffusion operator in 0.26 seconds.
  Calculating imputation...
Calculated MAGIC in 0.27 seconds.
    ASW=0.3898 ARI=0.9075 NMI=0.8638 PS=0.9513
Saved results_clustering_py/balanced_mse_grid23/c8_magicblend0.4/balanced_mse_clustering_table.tsv

