/mnt/nfs/home/marcin.malec.local/miniconda3/envs/magic311/lib/python3.11/site-packages/rds2py/PyRdsReader.py:105: RuntimeWarning: Unsupported R object type: other
  warn(f"Unsupported R object type: {rtype}", RuntimeWarning)
/mnt/nfs/home/marcin.malec.local/miniconda3/envs/magic311/lib/python3.11/site-packages/keras/src/export/tf2onnx_lib.py:8: FutureWarning: In the future `np.object` will be defined as the corresponding NumPy scalar.
  if not hasattr(np, "object"):
/mnt/nfs/home/marcin.malec.local/miniconda3/envs/magic311/lib/python3.11/site-packages/rds2py/PyRdsReader.py:105: RuntimeWarning: Unsupported R object type: other
  warn(f"Unsupported R object type: {rtype}", RuntimeWarning)


--- Dataset: blakeley_top1000markers ---
  -> balanced_mse
    ASW=0.8322 ARI=0.8787 NMI=0.9089 PS=0.9333

--- Dataset: darmanis_top1000markers ---
  -> balanced_mse
    ASW=0.7814 ARI=0.9320 NMI=0.9073 PS=0.9571

--- Dataset: deng_top1000markers ---
  -> balanced_mse
    ASW=0.6712 ARI=0.5815 NMI=0.7873 PS=0.8507

--- Dataset: pollen_top1000markers ---
  -> balanced_mse
    ASW=0.8875 ARI=0.8541 NMI=0.9143 PS=0.9353

--- Dataset: usoskin_top1000markers ---
  -> balanced_mse
    ASW=0.5316 ARI=0.9156 NMI=0.8750 PS=0.9587
Saved results_clustering_py/balanced_mse_grid13/a2_smooth_k20_s2/balanced_mse_clustering_table.tsv

