/mnt/nfs/home/marcin.malec.local/miniconda3/envs/magic311/lib/python3.11/site-packages/rds2py/PyRdsReader.py:105: RuntimeWarning: Unsupported R object type: other
  warn(f"Unsupported R object type: {rtype}", RuntimeWarning)
/mnt/nfs/home/marcin.malec.local/miniconda3/envs/magic311/lib/python3.11/site-packages/keras/src/export/tf2onnx_lib.py:8: FutureWarning: In the future `np.object` will be defined as the corresponding NumPy scalar.
  if not hasattr(np, "object"):
/mnt/nfs/home/marcin.malec.local/miniconda3/envs/magic311/lib/python3.11/site-packages/rds2py/PyRdsReader.py:105: RuntimeWarning: Unsupported R object type: other
  warn(f"Unsupported R object type: {rtype}", RuntimeWarning)


--- Dataset: blakeley_top1000markers ---
  -> balanced_mse
    ASW=0.5865 ARI=1.0000 NMI=1.0000 PS=1.0000

--- Dataset: darmanis_top1000markers ---
  -> balanced_mse
    ASW=0.7393 ARI=0.6522 NMI=0.7797 PS=0.8730

--- Dataset: deng_top1000markers ---
  -> balanced_mse
    ASW=0.7349 ARI=0.4765 NMI=0.7129 PS=0.8470

--- Dataset: pollen_top1000markers ---
  -> balanced_mse
    ASW=0.9541 ARI=0.8671 NMI=0.9110 PS=0.8829

--- Dataset: usoskin_top1000markers ---
  -> balanced_mse
    ASW=0.6279 ARI=0.9135 NMI=0.8644 PS=0.9566
Saved results_clustering_py/balanced_mse_grid13/a2_smooth_k40_s2/balanced_mse_clustering_table.tsv

