/mnt/nfs/home/marcin.malec.local/miniconda3/envs/magic311/lib/python3.11/site-packages/rds2py/PyRdsReader.py:105: RuntimeWarning: Unsupported R object type: other
  warn(f"Unsupported R object type: {rtype}", RuntimeWarning)
/mnt/nfs/home/marcin.malec.local/miniconda3/envs/magic311/lib/python3.11/site-packages/keras/src/export/tf2onnx_lib.py:8: FutureWarning: In the future `np.object` will be defined as the corresponding NumPy scalar.
  if not hasattr(np, "object"):
/mnt/nfs/home/marcin.malec.local/miniconda3/envs/magic311/lib/python3.11/site-packages/rds2py/PyRdsReader.py:105: RuntimeWarning: Unsupported R object type: other
  warn(f"Unsupported R object type: {rtype}", RuntimeWarning)


--- Dataset: blakeley_top1000markers ---
  -> balanced_mse
    ASW=0.3710 ARI=1.0000 NMI=1.0000 PS=1.0000

--- Dataset: darmanis_top1000markers ---
  -> balanced_mse
    ASW=0.3860 ARI=0.9151 NMI=0.9039 PS=0.9468

--- Dataset: deng_top1000markers ---
  -> balanced_mse
    ASW=0.3404 ARI=0.5487 NMI=0.7754 PS=0.8482

--- Dataset: pollen_top1000markers ---
  -> balanced_mse
    ASW=0.5513 ARI=0.9395 NMI=0.9481 PS=0.9632

--- Dataset: usoskin_top1000markers ---
  -> balanced_mse
    ASW=0.3005 ARI=0.7557 NMI=0.7426 PS=0.8773
Saved results_clustering_py/balanced_mse_grid4/a2_recon_blend0.4/balanced_mse_clustering_table.tsv

