/mnt/nfs/home/marcin.malec.local/miniconda3/envs/magic311/lib/python3.11/site-packages/rds2py/PyRdsReader.py:105: RuntimeWarning: Unsupported R object type: other
  warn(f"Unsupported R object type: {rtype}", RuntimeWarning)
/mnt/nfs/home/marcin.malec.local/miniconda3/envs/magic311/lib/python3.11/site-packages/keras/src/export/tf2onnx_lib.py:8: FutureWarning: In the future `np.object` will be defined as the corresponding NumPy scalar.
  if not hasattr(np, "object"):
/mnt/nfs/home/marcin.malec.local/miniconda3/envs/magic311/lib/python3.11/site-packages/rds2py/PyRdsReader.py:105: RuntimeWarning: Unsupported R object type: other
  warn(f"Unsupported R object type: {rtype}", RuntimeWarning)
/mnt/nfs/home/marcin.malec.local/miniconda3/envs/magic311/lib/python3.11/site-packages/rds2py/PyRdsReader.py:105: RuntimeWarning: Unsupported R object type: other
  warn(f"Unsupported R object type: {rtype}", RuntimeWarning)
/mnt/nfs/home/marcin.malec.local/miniconda3/envs/magic311/lib/python3.11/site-packages/rds2py/PyRdsReader.py:105: RuntimeWarning: Unsupported R object type: other
  warn(f"Unsupported R object type: {rtype}", RuntimeWarning)
/mnt/nfs/home/marcin.malec.local/miniconda3/envs/magic311/lib/python3.11/site-packages/rds2py/PyRdsReader.py:105: RuntimeWarning: Unsupported R object type: other
  warn(f"Unsupported R object type: {rtype}", RuntimeWarning)


--- Dataset: blakeley_top1000markers ---
  -> balanced_mse
    ASW=0.5121 ARI=0.8430 NMI=0.8969 PS=0.9333

--- Dataset: darmanis_top1000markers ---
  -> balanced_mse
    ASW=0.5223 ARI=0.8410 NMI=0.8542 PS=0.9056

--- Dataset: deng_top1000markers ---
  -> balanced_mse
    ASW=0.6470 ARI=0.9005 NMI=0.8767 PS=0.9390

--- Dataset: pollen_top1000markers ---
  -> balanced_mse
    ASW=0.7176 ARI=0.9348 NMI=0.9336 PS=0.9420

--- Dataset: usoskin_top1000markers ---
  -> balanced_mse
    ASW=0.3139 ARI=0.7363 NMI=0.7602 PS=0.8837
Saved results_clustering_py/balanced_mse_grid14/gmm_spherical_p100/balanced_mse_clustering_table.tsv

