/mnt/nfs/home/marcin.malec.local/miniconda3/envs/magic311/lib/python3.11/site-packages/rds2py/PyRdsReader.py:105: RuntimeWarning: Unsupported R object type: other
  warn(f"Unsupported R object type: {rtype}", RuntimeWarning)
/mnt/nfs/home/marcin.malec.local/miniconda3/envs/magic311/lib/python3.11/site-packages/keras/src/export/tf2onnx_lib.py:8: FutureWarning: In the future `np.object` will be defined as the corresponding NumPy scalar.
  if not hasattr(np, "object"):
/mnt/nfs/home/marcin.malec.local/miniconda3/envs/magic311/lib/python3.11/site-packages/rds2py/PyRdsReader.py:105: RuntimeWarning: Unsupported R object type: other
  warn(f"Unsupported R object type: {rtype}", RuntimeWarning)


--- Dataset: blakeley_top1000markers ---
  -> balanced_mse
    ASW=0.3498 ARI=1.0000 NMI=1.0000 PS=1.0000

--- Dataset: darmanis_top1000markers ---
  -> balanced_mse
    ASW=0.4530 ARI=0.9437 NMI=0.9148 PS=0.9619

--- Dataset: deng_top1000markers ---
  -> balanced_mse
    ASW=0.5724 ARI=0.5436 NMI=0.7674 PS=0.8445

--- Dataset: pollen_top1000markers ---
  -> balanced_mse
    ASW=0.7064 ARI=0.9565 NMI=0.9481 PS=0.9599

--- Dataset: usoskin_top1000markers ---
  -> balanced_mse
    ASW=0.3128 ARI=0.8876 NMI=0.8439 PS=0.9400
Saved results_clustering_py/balanced_mse_grid17/c8c/balanced_mse_clustering_table.tsv

