/mnt/nfs/home/marcin.malec.local/miniconda3/envs/magic311/lib/python3.11/site-packages/rds2py/PyRdsReader.py:105: RuntimeWarning: Unsupported R object type: other
  warn(f"Unsupported R object type: {rtype}", RuntimeWarning)
/mnt/nfs/home/marcin.malec.local/miniconda3/envs/magic311/lib/python3.11/site-packages/keras/src/export/tf2onnx_lib.py:8: FutureWarning: In the future `np.object` will be defined as the corresponding NumPy scalar.
  if not hasattr(np, "object"):
/mnt/nfs/home/marcin.malec.local/miniconda3/envs/magic311/lib/python3.11/site-packages/rds2py/PyRdsReader.py:105: RuntimeWarning: Unsupported R object type: other
  warn(f"Unsupported R object type: {rtype}", RuntimeWarning)


--- Dataset: blakeley_top1000markers ---
  -> balanced_mse
    ASW=0.7264 ARI=1.0000 NMI=1.0000 PS=1.0000

--- Dataset: darmanis_top1000markers ---
  -> balanced_mse
    ASW=0.6379 ARI=0.9140 NMI=0.8919 PS=0.9420

--- Dataset: deng_top1000markers ---
  -> balanced_mse
    ASW=0.8215 ARI=0.8540 NMI=0.8629 PS=0.8495

--- Dataset: pollen_top1000markers ---
  -> balanced_mse
    ASW=0.8372 ARI=0.9394 NMI=0.9285 PS=0.9398

--- Dataset: usoskin_top1000markers ---
  -> balanced_mse
    ASW=0.4660 ARI=0.8968 NMI=0.8503 PS=0.9464
Saved results_clustering_py/balanced_mse_grid16/c3/balanced_mse_clustering_table.tsv

