/mnt/nfs/home/marcin.malec.local/miniconda3/envs/magic311/lib/python3.11/site-packages/rds2py/PyRdsReader.py:105: RuntimeWarning: Unsupported R object type: other
  warn(f"Unsupported R object type: {rtype}", RuntimeWarning)
/mnt/nfs/home/marcin.malec.local/miniconda3/envs/magic311/lib/python3.11/site-packages/keras/src/export/tf2onnx_lib.py:8: FutureWarning: In the future `np.object` will be defined as the corresponding NumPy scalar.
  if not hasattr(np, "object"):
/mnt/nfs/home/marcin.malec.local/miniconda3/envs/magic311/lib/python3.11/site-packages/rds2py/PyRdsReader.py:105: RuntimeWarning: Unsupported R object type: other
  warn(f"Unsupported R object type: {rtype}", RuntimeWarning)


--- Dataset: blakeley_top1000markers ---
  -> balanced_mse
    ASW=0.5931 ARI=1.0000 NMI=1.0000 PS=1.0000

--- Dataset: darmanis_top1000markers ---
  -> balanced_mse
    ASW=0.4888 ARI=0.8425 NMI=0.8515 PS=0.9166

--- Dataset: deng_top1000markers ---
  -> balanced_mse
    ASW=0.5378 ARI=0.5595 NMI=0.7762 PS=0.8470

--- Dataset: pollen_top1000markers ---
  -> balanced_mse
    ASW=0.7309 ARI=0.9486 NMI=0.9361 PS=0.9499

--- Dataset: usoskin_top1000markers ---
  -> balanced_mse
    ASW=0.4056 ARI=0.8870 NMI=0.8446 PS=0.9413
Saved results_clustering_py/balanced_mse_grid3/cfg_b2/balanced_mse_clustering_table.tsv

/mnt/nfs/home/marcin.malec.local/miniconda3/envs/magic311/lib/python3.11/site-packages/rds2py/PyRdsReader.py:105: RuntimeWarning: Unsupported R object type: other
  warn(f"Unsupported R object type: {rtype}", RuntimeWarning)
/mnt/nfs/home/marcin.malec.local/miniconda3/envs/magic311/lib/python3.11/site-packages/keras/src/export/tf2onnx_lib.py:8: FutureWarning: In the future `np.object` will be defined as the corresponding NumPy scalar.
  if not hasattr(np, "object"):
/mnt/nfs/home/marcin.malec.local/miniconda3/envs/magic311/lib/python3.11/site-packages/rds2py/PyRdsReader.py:105: RuntimeWarning: Unsupported R object type: other
  warn(f"Unsupported R object type: {rtype}", RuntimeWarning)


=== dataset_2_types_equal ===
  -> balanced_mse

=== dataset_3_types_unequal ===
  -> balanced_mse

=== dataset_4_types_rare ===
  -> balanced_mse

=== dataset_multibatch_dropout ===
  -> balanced_mse
Wrote results_imputation_py/balanced_mse/cells_1000_grid3/cfg_b2/balanced_mse_mse_table.tsv

