/mnt/nfs/home/marcin.malec.local/miniconda3/envs/magic311/lib/python3.11/site-packages/rds2py/PyRdsReader.py:105: RuntimeWarning: Unsupported R object type: other
  warn(f"Unsupported R object type: {rtype}", RuntimeWarning)
/mnt/nfs/home/marcin.malec.local/miniconda3/envs/magic311/lib/python3.11/site-packages/keras/src/export/tf2onnx_lib.py:8: FutureWarning: In the future `np.object` will be defined as the corresponding NumPy scalar.
  if not hasattr(np, "object"):
/mnt/nfs/home/marcin.malec.local/miniconda3/envs/magic311/lib/python3.11/site-packages/magic/magic.py:425: UserWarning: Input matrix contains unexpressed genes. Please remove them prior to running MAGIC.
  warnings.warn(
/mnt/nfs/home/marcin.malec.local/miniconda3/envs/magic311/lib/python3.11/site-packages/graphtools/base.py:165: RuntimeWarning: Cannot perform PCA to 100 dimensions on data with min(n_samples, n_features) = 30
  warnings.warn(
/mnt/nfs/home/marcin.malec.local/miniconda3/envs/magic311/lib/python3.11/site-packages/magic/magic.py:425: UserWarning: Input matrix contains unexpressed genes. Please remove them prior to running MAGIC.
  warnings.warn(
/mnt/nfs/home/marcin.malec.local/miniconda3/envs/magic311/lib/python3.11/site-packages/graphtools/base.py:165: RuntimeWarning: Cannot perform PCA to 100 dimensions on data with min(n_samples, n_features) = 30
  warnings.warn(
/mnt/nfs/home/marcin.malec.local/miniconda3/envs/magic311/lib/python3.11/site-packages/magic/magic.py:425: UserWarning: Input matrix contains unexpressed genes. Please remove them prior to running MAGIC.
  warnings.warn(
/mnt/nfs/home/marcin.malec.local/miniconda3/envs/magic311/lib/python3.11/site-packages/graphtools/base.py:165: RuntimeWarning: Cannot perform PCA to 100 dimensions on data with min(n_samples, n_features) = 30
  warnings.warn(
/mnt/nfs/home/marcin.malec.local/miniconda3/envs/magic311/lib/python3.11/site-packages/rds2py/PyRdsReader.py:105: RuntimeWarning: Unsupported R object type: other
  warn(f"Unsupported R object type: {rtype}", RuntimeWarning)
/mnt/nfs/home/marcin.malec.local/miniconda3/envs/magic311/lib/python3.11/site-packages/rds2py/PyRdsReader.py:105: RuntimeWarning: Unsupported R object type: other
  warn(f"Unsupported R object type: {rtype}", RuntimeWarning)
/mnt/nfs/home/marcin.malec.local/miniconda3/envs/magic311/lib/python3.11/site-packages/magic/magic.py:425: UserWarning: Input matrix contains unexpressed genes. Please remove them prior to running MAGIC.
  warnings.warn(
/mnt/nfs/home/marcin.malec.local/miniconda3/envs/magic311/lib/python3.11/site-packages/magic/magic.py:425: UserWarning: Input matrix contains unexpressed genes. Please remove them prior to running MAGIC.
  warnings.warn(
/mnt/nfs/home/marcin.malec.local/miniconda3/envs/magic311/lib/python3.11/site-packages/rds2py/PyRdsReader.py:105: RuntimeWarning: Unsupported R object type: other
  warn(f"Unsupported R object type: {rtype}", RuntimeWarning)
/mnt/nfs/home/marcin.malec.local/miniconda3/envs/magic311/lib/python3.11/site-packages/magic/magic.py:425: UserWarning: Input matrix contains unexpressed genes. Please remove them prior to running MAGIC.
  warnings.warn(
/mnt/nfs/home/marcin.malec.local/miniconda3/envs/magic311/lib/python3.11/site-packages/rds2py/PyRdsReader.py:105: RuntimeWarning: Unsupported R object type: other
  warn(f"Unsupported R object type: {rtype}", RuntimeWarning)


--- Dataset: blakeley_top1000markers ---
  -> balanced_mse
Calculating MAGIC...
  Running MAGIC on 30 cells and 935 genes.
  Calculating graph and diffusion operator...
    Calculating KNN search...
    Calculated KNN search in 0.70 seconds.
    Calculating affinities...
    Calculated affinities in 0.17 seconds.
  Calculated graph and diffusion operator in 0.87 seconds.
  Calculating imputation...
Calculated MAGIC in 0.87 seconds.
Calculating MAGIC...
  Running MAGIC on 30 cells and 935 genes.
  Calculating graph and diffusion operator...
    Calculating KNN search...
    Calculated KNN search in 0.07 seconds.
    Calculating affinities...
    Calculated affinities in 0.13 seconds.
  Calculated graph and diffusion operator in 0.20 seconds.
  Calculating imputation...
Calculated MAGIC in 0.20 seconds.
Calculating MAGIC...
  Running MAGIC on 30 cells and 935 genes.
  Calculating graph and diffusion operator...
    Calculating KNN search...
    Calculated KNN search in 0.05 seconds.
    Calculating affinities...
    Calculated affinities in 0.10 seconds.
  Calculated graph and diffusion operator in 0.15 seconds.
  Calculating imputation...
Calculated MAGIC in 0.15 seconds.
    ASW=0.7252 ARI=1.0000 NMI=1.0000 PS=1.0000

--- Dataset: darmanis_top1000markers ---
  -> balanced_mse
Calculating MAGIC...
  Running MAGIC on 420 cells and 1000 genes.
  Calculating graph and diffusion operator...
    Calculating PCA...
    Calculated PCA in 0.06 seconds.
    Calculating KNN search...
    Calculated KNN search in 0.19 seconds.
    Calculating affinities...
    Calculated affinities in 0.09 seconds.
  Calculated graph and diffusion operator in 0.34 seconds.
  Calculating imputation...
Calculated MAGIC in 0.34 seconds.
Calculating MAGIC...
  Running MAGIC on 420 cells and 1000 genes.
  Calculating graph and diffusion operator...
    Calculating PCA...
    Calculated PCA in 0.51 seconds.
    Calculating KNN search...
    Calculated KNN search in 0.38 seconds.
    Calculating affinities...
    Calculated affinities in 0.14 seconds.
  Calculated graph and diffusion operator in 1.04 seconds.
  Calculating imputation...
Calculated MAGIC in 1.04 seconds.
Calculating MAGIC...
  Running MAGIC on 420 cells and 1000 genes.
  Calculating graph and diffusion operator...
    Calculating PCA...
    Calculated PCA in 0.38 seconds.
    Calculating KNN search...
    Calculated KNN search in 0.33 seconds.
    Calculating affinities...
    Calculated affinities in 0.12 seconds.
  Calculated graph and diffusion operator in 0.84 seconds.
  Calculating imputation...
Calculated MAGIC in 0.84 seconds.
    ASW=0.6463 ARI=0.9399 NMI=0.9133 PS=0.9603

--- Dataset: deng_top1000markers ---
  -> balanced_mse
Calculating MAGIC...
  Running MAGIC on 268 cells and 1000 genes.
  Calculating graph and diffusion operator...
    Calculating PCA...
    Calculated PCA in 0.18 seconds.
    Calculating KNN search...
    Calculated KNN search in 0.19 seconds.
    Calculating affinities...
    Calculated affinities in 0.12 seconds.
  Calculated graph and diffusion operator in 0.49 seconds.
  Calculating imputation...
Calculated MAGIC in 0.49 seconds.
Calculating MAGIC...
  Running MAGIC on 268 cells and 1000 genes.
  Calculating graph and diffusion operator...
    Calculating PCA...
    Calculated PCA in 0.14 seconds.
    Calculating KNN search...
    Calculated KNN search in 0.16 seconds.
    Calculating affinities...
    Calculated affinities in 0.06 seconds.
  Calculated graph and diffusion operator in 0.37 seconds.
  Calculating imputation...
Calculated MAGIC in 0.37 seconds.
Calculating MAGIC...
  Running MAGIC on 268 cells and 1000 genes.
  Calculating graph and diffusion operator...
    Calculating PCA...
    Calculated PCA in 0.13 seconds.
    Calculating KNN search...
    Calculated KNN search in 0.22 seconds.
    Calculating affinities...
    Calculated affinities in 0.08 seconds.
  Calculated graph and diffusion operator in 0.44 seconds.
  Calculating imputation...
Calculated MAGIC in 0.44 seconds.
    ASW=0.6135 ARI=0.5519 NMI=0.7803 PS=0.8495

--- Dataset: pollen_top1000markers ---
  -> balanced_mse
Calculating MAGIC...
  Running MAGIC on 299 cells and 1000 genes.
  Calculating graph and diffusion operator...
    Calculating PCA...
    Calculated PCA in 0.03 seconds.
    Calculating KNN search...
    Calculated KNN search in 0.24 seconds.
    Calculating affinities...
    Calculated affinities in 0.14 seconds.
  Calculated graph and diffusion operator in 0.41 seconds.
  Calculating imputation...
Calculated MAGIC in 0.42 seconds.
Calculating MAGIC...
  Running MAGIC on 299 cells and 1000 genes.
  Calculating graph and diffusion operator...
    Calculating PCA...
    Calculated PCA in 0.07 seconds.
    Calculating KNN search...
    Calculated KNN search in 0.16 seconds.
    Calculating affinities...
    Calculated affinities in 0.21 seconds.
  Calculated graph and diffusion operator in 0.45 seconds.
  Calculating imputation...
Calculated MAGIC in 0.45 seconds.
Calculating MAGIC...
  Running MAGIC on 299 cells and 1000 genes.
  Calculating graph and diffusion operator...
    Calculating PCA...
    Calculated PCA in 0.04 seconds.
    Calculating KNN search...
    Calculated KNN search in 0.18 seconds.
    Calculating affinities...
    Calculated affinities in 0.16 seconds.
  Calculated graph and diffusion operator in 0.37 seconds.
  Calculating imputation...
Calculated MAGIC in 0.38 seconds.
    ASW=0.8429 ARI=0.9555 NMI=0.9445 PS=0.9588

--- Dataset: usoskin_top1000markers ---
  -> balanced_mse
Calculating MAGIC...
  Running MAGIC on 622 cells and 1000 genes.
  Calculating graph and diffusion operator...
    Calculating PCA...
    Calculated PCA in 0.04 seconds.
    Calculating KNN search...
    Calculated KNN search in 0.17 seconds.
    Calculating affinities...
    Calculated affinities in 0.22 seconds.
  Calculated graph and diffusion operator in 0.44 seconds.
  Calculating imputation...
Calculated MAGIC in 0.45 seconds.
Calculating MAGIC...
  Running MAGIC on 622 cells and 1000 genes.
  Calculating graph and diffusion operator...
    Calculating PCA...
    Calculated PCA in 0.04 seconds.
    Calculating KNN search...
    Calculated KNN search in 0.24 seconds.
    Calculating affinities...
    Calculated affinities in 0.08 seconds.
  Calculated graph and diffusion operator in 0.36 seconds.
  Calculating imputation...
Calculated MAGIC in 0.36 seconds.
Calculating MAGIC...
  Running MAGIC on 622 cells and 1000 genes.
  Calculating graph and diffusion operator...
    Calculating PCA...
    Calculated PCA in 0.04 seconds.
    Calculating KNN search...
    Calculated KNN search in 0.17 seconds.
    Calculating affinities...
    Calculated affinities in 0.08 seconds.
  Calculated graph and diffusion operator in 0.29 seconds.
  Calculating imputation...
Calculated MAGIC in 0.30 seconds.
    ASW=0.4579 ARI=0.9176 NMI=0.8767 PS=0.9571
Saved results_clustering_py/balanced_mse_grid23/c8_magicblend0.8/balanced_mse_clustering_table.tsv

