[start] cfg_g on GPU 6
/mnt/nfs/home/marcin.malec.local/miniconda3/envs/magic311/lib/python3.11/site-packages/rds2py/PyRdsReader.py:105: RuntimeWarning: Unsupported R object type: other
  warn(f"Unsupported R object type: {rtype}", RuntimeWarning)
/mnt/nfs/home/marcin.malec.local/miniconda3/envs/magic311/lib/python3.11/site-packages/keras/src/export/tf2onnx_lib.py:8: FutureWarning: In the future `np.object` will be defined as the corresponding NumPy scalar.
  if not hasattr(np, "object"):
/mnt/nfs/home/marcin.malec.local/miniconda3/envs/magic311/lib/python3.11/site-packages/rds2py/PyRdsReader.py:105: RuntimeWarning: Unsupported R object type: other
  warn(f"Unsupported R object type: {rtype}", RuntimeWarning)


--- Dataset: blakeley_top1000markers ---
  -> balanced_mse
    ASW=0.1465 ARI=1.0000 NMI=1.0000 PS=1.0000

--- Dataset: darmanis_top1000markers ---
  -> balanced_mse
    ASW=0.2716 ARI=0.7758 NMI=0.8284 PS=0.8920

--- Dataset: deng_top1000markers ---
  -> balanced_mse
    ASW=0.5361 ARI=0.5576 NMI=0.7852 PS=0.8557

--- Dataset: pollen_top1000markers ---
  -> balanced_mse
    ASW=0.5960 ARI=0.9394 NMI=0.9418 PS=0.9476

--- Dataset: usoskin_top1000markers ---
  -> balanced_mse
    ASW=0.1759 ARI=0.8691 NMI=0.8394 PS=0.9287
Saved results_clustering_py/balanced_mse_grid/cfg_g/balanced_mse_clustering_table.tsv

/mnt/nfs/home/marcin.malec.local/miniconda3/envs/magic311/lib/python3.11/site-packages/rds2py/PyRdsReader.py:105: RuntimeWarning: Unsupported R object type: other
  warn(f"Unsupported R object type: {rtype}", RuntimeWarning)
/mnt/nfs/home/marcin.malec.local/miniconda3/envs/magic311/lib/python3.11/site-packages/keras/src/export/tf2onnx_lib.py:8: FutureWarning: In the future `np.object` will be defined as the corresponding NumPy scalar.
  if not hasattr(np, "object"):
/mnt/nfs/home/marcin.malec.local/miniconda3/envs/magic311/lib/python3.11/site-packages/rds2py/PyRdsReader.py:105: RuntimeWarning: Unsupported R object type: other
  warn(f"Unsupported R object type: {rtype}", RuntimeWarning)


=== dataset_2_types_equal ===
  -> balanced_mse

=== dataset_3_types_unequal ===
  -> balanced_mse

=== dataset_4_types_rare ===
  -> balanced_mse

=== dataset_multibatch_dropout ===
  -> balanced_mse
Wrote results_imputation_py/balanced_mse/cells_1000_grid/cfg_g/balanced_mse_mse_table.tsv

[done] cfg_g
