/mnt/nfs/home/marcin.malec.local/miniconda3/envs/magic311/lib/python3.11/site-packages/keras/src/export/tf2onnx_lib.py:8: FutureWarning: In the future `np.object` will be defined as the corresponding NumPy scalar.
  if not hasattr(np, "object"):
=== batch_effects_moderate_drop
{"ari_grid_max": 0.5481717880847837, "ari_grid_mean": 0.42300004706653516, "ari_matched_mean": 0.5458081625636053, "dataset": "batch_effects_moderate_drop", "gnrmse": 1.1449996087163534, "mae": 0.3561807147734052, "mse": 0.23662081444565145, "mse_biozero": 0.016157684250078023, "mse_dropout": 0.3195558408709355, "n_clusters_matched_mean": 6.0, "nmi_grid_max": 0.708969486707449, "nmi_grid_mean": 0.6234130656175213, "nmi_matched_mean": 0.7050220632241883, "runtime_sec": 143.15198912494816, "seed": 42, "transform": "raw"}
=== batch_effects_moderate_drop_group
{"ari_grid_max": 0.531770643815891, "ari_grid_mean": 0.44629011214772873, "ari_matched_mean": 0.5261492939484524, "dataset": "batch_effects_moderate_drop_group", "gnrmse": 1.1225804006877733, "mae": 0.3375486532964823, "mse": 0.2154846370580238, "mse_biozero": 0.015447023115091635, "mse_dropout": 0.2948495531391683, "n_clusters_matched_mean": 6.0, "nmi_grid_max": 0.6807681044599115, "nmi_grid_mean": 0.6277674762675445, "nmi_matched_mean": 0.6733193508684421, "runtime_sec": 144.8555398241151, "seed": 42, "transform": "raw"}
=== groups_balanced_moderate_drop
{"ari_grid_max": 0.9946048937444701, "ari_grid_mean": 0.736814720137825, "ari_matched_mean": 0.9946048937444701, "dataset": "groups_balanced_moderate_drop", "gnrmse": 1.155541273732946, "mae": 0.3457245540018763, "mse": 0.21824264173550784, "mse_biozero": 0.013172002171668543, "mse_dropout": 0.2873458752734228, "n_clusters_matched_mean": 3.0, "nmi_grid_max": 0.9879234201633059, "nmi_grid_mean": 0.8347622437209737, "nmi_matched_mean": 0.9879234201633059, "runtime_sec": 145.4500942241866, "seed": 42, "transform": "raw"}
=== groups_balanced_moderate_drop_group
{"ari_grid_max": 0.9857760323227778, "ari_grid_mean": 0.7807414593915071, "ari_matched_mean": 0.9851902870398734, "dataset": "groups_balanced_moderate_drop_group", "gnrmse": 1.1542210181071932, "mae": 0.3367401339379774, "mse": 0.20920650182244974, "mse_biozero": 0.01222265888749587, "mse_dropout": 0.27753064120125287, "n_clusters_matched_mean": 3.0, "nmi_grid_max": 0.9724325465116825, "nmi_grid_mean": 0.8475047917307801, "nmi_matched_mean": 0.9715946219193383, "runtime_sec": 145.55632407707162, "seed": 42, "transform": "raw"}
=== groups_balanced_nodrop
{"ari_grid_max": 1.0, "ari_grid_mean": 0.8611232138028764, "ari_matched_mean": 1.0, "dataset": "groups_balanced_nodrop", "gnrmse": 0.988575710234742, "mae": 0.2868025503281174, "mse": 0.1479018519104595, "mse_biozero": 0.02890373420326039, "mse_dropout": NaN, "n_clusters_matched_mean": 3.0, "nmi_grid_max": 1.0, "nmi_grid_mean": 0.9210158264331982, "nmi_matched_mean": 1.0, "runtime_sec": 144.23765002493747, "seed": 42, "transform": "raw"}
=== groups_imbalanced_moderate_drop
{"ari_grid_max": 0.9899019012148513, "ari_grid_mean": 0.602570071377827, "ari_matched_mean": 0.9866789809310496, "dataset": "groups_imbalanced_moderate_drop", "gnrmse": 1.1688379970102103, "mae": 0.3455219704610892, "mse": 0.2181206660260975, "mse_biozero": 0.010824643444387196, "mse_dropout": 0.2909135273225208, "n_clusters_matched_mean": 3.0, "nmi_grid_max": 0.9702189956051435, "nmi_grid_mean": 0.7487581972092312, "nmi_matched_mean": 0.9632012262153022, "runtime_sec": 145.29985193908215, "seed": 42, "transform": "raw"}
=== groups_imbalanced_moderate_drop_group
{"ari_grid_max": 0.9777149033569634, "ari_grid_mean": 0.5956427404300788, "ari_matched_mean": 0.9762844410724442, "dataset": "groups_imbalanced_moderate_drop_group", "gnrmse": 1.1501100176845505, "mae": 0.3372764880296481, "mse": 0.20786353516772063, "mse_biozero": 0.012094160449519253, "mse_dropout": 0.2830827304407851, "n_clusters_matched_mean": 3.0, "nmi_grid_max": 0.9493170753054104, "nmi_grid_mean": 0.7354884929263801, "nmi_matched_mean": 0.9469982931306619, "runtime_sec": 144.59173595090397, "seed": 42, "transform": "raw"}
=== groups_rare_high_drop
{"ari_grid_max": 0.583578444645592, "ari_grid_mean": 0.39839306151786424, "ari_matched_mean": 0.44087684090950846, "dataset": "groups_rare_high_drop", "gnrmse": 1.356512211734124, "mae": 0.42365788811803134, "mse": 0.3152378001456022, "mse_biozero": 0.006208531877187791, "mse_dropout": 0.38627979257780876, "n_clusters_matched_mean": 5.0, "nmi_grid_max": 0.4913089246406561, "nmi_grid_mean": 0.4090282752318055, "nmi_matched_mean": 0.42701513919542144, "runtime_sec": 144.42420789506286, "seed": 42, "transform": "raw"}
=== groups_rare_high_drop_group
{"ari_grid_max": 0.9498029197473921, "ari_grid_mean": 0.658031531923739, "ari_matched_mean": 0.6262763988877386, "dataset": "groups_rare_high_drop_group", "gnrmse": 1.3088021781622134, "mae": 0.3992663401396413, "mse": 0.28998370144493835, "mse_biozero": 0.005920815409499344, "mse_dropout": 0.37560874048985, "n_clusters_matched_mean": 5.0, "nmi_grid_max": 0.9071092956472128, "nmi_grid_mean": 0.7566405591204002, "nmi_matched_mean": 0.755802166670241, "runtime_sec": 146.9127503929194, "seed": 42, "transform": "raw"}
=== paths_branching_moderate_drop
{"ari_grid_max": 0.49082682089372465, "ari_grid_mean": 0.39309760346019457, "ari_matched_mean": 0.4570087151653268, "dataset": "paths_branching_moderate_drop", "gnrmse": 1.1396105007815722, "mae": 0.3452442511754805, "mse": 0.21702700325854452, "mse_biozero": 0.015533815968135918, "mse_dropout": 0.28574407088015263, "n_clusters_matched_mean": 5.0, "nmi_grid_max": 0.6065208398690479, "nmi_grid_mean": 0.5370674185537553, "nmi_matched_mean": 0.5773924870994364, "runtime_sec": 146.68118833680637, "seed": 42, "transform": "raw"}
=== paths_branching_moderate_drop_group
{"ari_grid_max": 0.617857092599775, "ari_grid_mean": 0.43986325481810934, "ari_matched_mean": 0.617857092599775, "dataset": "paths_branching_moderate_drop_group", "gnrmse": 1.1516668680405733, "mae": 0.34539733919649074, "mse": 0.21822441200848589, "mse_biozero": 0.010715041153332907, "mse_dropout": 0.2911271448644526, "n_clusters_matched_mean": 4.0, "nmi_grid_max": 0.6359900613350996, "nmi_grid_mean": 0.5516869838313733, "nmi_matched_mean": 0.6359900613350996, "runtime_sec": 145.72919803182594, "seed": 42, "transform": "raw"}
=== paths_linear_moderate_drop
{"ari_grid_max": 0.6072871775603231, "ari_grid_mean": 0.45329972212667413, "ari_matched_mean": 0.580433914952046, "dataset": "paths_linear_moderate_drop", "gnrmse": 1.1231031074655173, "mae": 0.3390720927735481, "mse": 0.21252848817535172, "mse_biozero": 0.013294138028969189, "mse_dropout": 0.28407686134180915, "n_clusters_matched_mean": 4.0, "nmi_grid_max": 0.6499926854643846, "nmi_grid_mean": 0.5609150412413116, "nmi_matched_mean": 0.6499926854643846, "runtime_sec": 145.4591004399117, "seed": 42, "transform": "raw"}
=== paths_linear_moderate_drop_group
{"ari_grid_max": 0.6001370657394776, "ari_grid_mean": 0.48071205483988827, "ari_matched_mean": 0.5955402419840451, "dataset": "paths_linear_moderate_drop_group", "gnrmse": 1.1138437824697918, "mae": 0.33280601796307874, "mse": 0.20586061849342688, "mse_biozero": 0.013987343056831523, "mse_dropout": 0.27379821438449975, "n_clusters_matched_mean": 5.0, "nmi_grid_max": 0.647051495428028, "nmi_grid_mean": 0.579129763720509, "nmi_matched_mean": 0.6407000754270387, "runtime_sec": 144.34280944895, "seed": 42, "transform": "raw"}
transform      mse  mse_dropout  mse_biozero      mae   gnrmse  ari_grid_mean  nmi_grid_mean  ari_matched_mean  nmi_matched_mean
      raw 0.224023     0.304159     0.013422 0.348557 1.159877       0.559198       0.671783          0.717901          0.764227
Wrote results_phase6/ablation_current/metrics.tsv
