
=== Baron: datasets/baron-human_top1000markers.rds ===
[WARN] normalization.target_sum missing; inferred target_sum=2735.44 from counts/logcounts.
cells=8569 genes=1000 label=cell_type1 n_labels=14 target_sum=2735.4386509414444
  -> baseline
  -> scvi
Seed set to 42
An NVIDIA GPU may be present on this machine, but a CUDA-enabled jaxlib is not installed. Falling back to cpu.
GPU available: True (cuda), used: True
TPU available: False, using: 0 TPU cores
IPU available: False, using: 0 IPUs
HPU available: False, using: 0 HPUs
You are using a CUDA device ('NVIDIA H100 80GB HBM3') that has Tensor Cores. To properly utilize them, you should set `torch.set_float32_matmul_precision('medium' | 'high')` which will trade-off precision for performance. For more details, read https://pytorch.org/docs/stable/generated/torch.set_float32_matmul_precision.html#torch.set_float32_matmul_precision
LOCAL_RANK: 0 - CUDA_VISIBLE_DEVICES: [0]
/mnt/nfs/home/marcin.malec.local/Coding/MaskedImpute/.venv_scvi/lib/python3.11/site-packages/lightning/pytorch/utilities/_pytree.py:21: `isinstance(treespec, LeafSpec)` is deprecated, use `isinstance(treespec, TreeSpec) and treespec.is_leaf()` instead.
/mnt/nfs/home/marcin.malec.local/Coding/MaskedImpute/.venv_scvi/lib/python3.11/site-packages/lightning/pytorch/trainer/connectors/data_connector.py:441: The 'train_dataloader' does not have many workers which may be a bottleneck. Consider increasing the value of the `num_workers` argument` to `num_workers=223` in the `DataLoader` to improve performance.
`Trainer.fit` stopped: `max_epochs=400` reached.
  -> alra
  -> magic
Calculating MAGIC...
  Running MAGIC on 8569 cells and 1000 genes.
  Calculating graph and diffusion operator...
    Calculating PCA...
    Calculated PCA in 0.13 seconds.
    Calculating KNN search...
    Calculated KNN search in 0.06 seconds.
    Calculating affinities...
    Calculated affinities in 0.16 seconds.
  Calculated graph and diffusion operator in 0.36 seconds.
  Calculating imputation...
  Calculated imputation in 0.34 seconds.
Calculated MAGIC in 0.71 seconds.
  -> maskimpute
/mnt/nfs/home/marcin.malec.local/miniconda3/envs/magic311/lib/python3.11/site-packages/keras/src/export/tf2onnx_lib.py:8: FutureWarning: In the future `np.object` will be defined as the corresponding NumPy scalar.
  if not hasattr(np, "object"):

=== Zeisel: datasets/zeisel_top1000markers.rds ===
[WARN] normalization.target_sum missing; inferred target_sum=4433.09 from counts/logcounts.
cells=3005 genes=1000 label=cell_type1 n_labels=9 target_sum=4433.0881489841995
  -> baseline
  -> scvi
Seed set to 42
GPU available: True (cuda), used: True
TPU available: False, using: 0 TPU cores
IPU available: False, using: 0 IPUs
HPU available: False, using: 0 HPUs
LOCAL_RANK: 0 - CUDA_VISIBLE_DEVICES: [0]
/mnt/nfs/home/marcin.malec.local/Coding/MaskedImpute/.venv_scvi/lib/python3.11/site-packages/lightning/pytorch/utilities/_pytree.py:21: `isinstance(treespec, LeafSpec)` is deprecated, use `isinstance(treespec, TreeSpec) and treespec.is_leaf()` instead.
/mnt/nfs/home/marcin.malec.local/Coding/MaskedImpute/.venv_scvi/lib/python3.11/site-packages/lightning/pytorch/trainer/connectors/data_connector.py:441: The 'train_dataloader' does not have many workers which may be a bottleneck. Consider increasing the value of the `num_workers` argument` to `num_workers=223` in the `DataLoader` to improve performance.
`Trainer.fit` stopped: `max_epochs=400` reached.
  -> alra
  -> magic
Calculating MAGIC...
  Running MAGIC on 3005 cells and 1000 genes.
  Calculating graph and diffusion operator...
    Calculating PCA...
    Calculated PCA in 0.05 seconds.
    Calculating KNN search...
    Calculated KNN search in 0.02 seconds.
    Calculating affinities...
    Calculated affinities in 0.06 seconds.
  Calculated graph and diffusion operator in 0.13 seconds.
  Calculating imputation...
  Calculated imputation in 0.06 seconds.
Calculated MAGIC in 0.19 seconds.
  -> maskimpute
Wrote results_real_data/real_data_clustering.tsv
Wrote paper/generated/real_data_table.tex
