{
  "corr_err": 0.1963977920040659,
  "corr_err_scenario_std": 0.0327096680455706,
  "gnrmse": 1.15915438512954,
  "gnrmse_marker": 1.107178236394046,
  "gnrmse_marker_scenario_std": 0.08640113729125291,
  "gnrmse_scenario_std": 0.08695403900488247,
  "mae": 0.3484974640011181,
  "mae_biozero": 0.03789075407270268,
  "mae_biozero_scenario_std": 0.013731930078264825,
  "mae_dropout": 0.43684034089563156,
  "mae_dropout_scenario_std": 0.025838778622534902,
  "mae_marker": 0.3469905020661225,
  "mae_marker_scenario_std": 0.03313574715358439,
  "mae_non_zero": 0.3523350492988194,
  "mae_non_zero_scenario_std": 0.023785927442098096,
  "mae_scenario_std": 0.031956600393688514,
  "mse": 0.22415885165513894,
  "mse_biozero": 0.013313135444198541,
  "mse_biozero_scenario_std": 0.005463213409983765,
  "mse_dropout": 0.30533052388516974,
  "mse_dropout_scenario_std": 0.03741865674812528,
  "mse_marker": 0.223495322383005,
  "mse_marker_scenario_std": 0.04104964492322171,
  "mse_non_zero": 0.20450716705814623,
  "mse_non_zero_scenario_std": 0.024065018106815862,
  "mse_scenario_std": 0.03992411311386571,
  "n_datasets": 13,
  "runtime_sec": 136.45760177085356,
  "runtime_sec_scenario_std": 1.5021480815103256
}
