Processing magic n10000...

=== groups_balanced_moderate_drop_n10000 ===
  -> magic
Calculating MAGIC...
  Running MAGIC on 10000 cells and 994 genes.
  Calculating graph and diffusion operator...
    Calculating PCA...
    Calculated PCA in 0.17 seconds.
    Calculating KNN search...
    Calculated KNN search in 0.21 seconds.
    Calculating affinities...
    Calculated affinities in 0.28 seconds.
  Calculated graph and diffusion operator in 0.67 seconds.
  Calculating imputation...
  Calculated imputation in 0.57 seconds.
Calculated MAGIC in 1.24 seconds.
Wrote results_imputation_py/magic/scale/n10000/magic_mse_table.tsv
Processing magic n100000...

=== groups_balanced_moderate_drop_n100000 ===
  -> magic
Calculating MAGIC...
  Running MAGIC on 100000 cells and 1000 genes.
  Calculating graph and diffusion operator...
    Calculating PCA...
    Calculated PCA in 1.67 seconds.
    Calculating KNN search...
    Calculated KNN search in 14.36 seconds.
    Calculating affinities...
    Calculated affinities in 15.93 seconds.
  Calculated graph and diffusion operator in 32.08 seconds.
  Calculating imputation...
  Calculated imputation in 9.79 seconds.
Calculated MAGIC in 41.91 seconds.
Wrote results_imputation_py/magic/scale/n100000/magic_mse_table.tsv
Processing magic n20000...

=== groups_balanced_moderate_drop_n20000 ===
  -> magic
Calculating MAGIC...
  Running MAGIC on 20000 cells and 996 genes.
  Calculating graph and diffusion operator...
    Calculating PCA...
    Calculated PCA in 0.30 seconds.
    Calculating KNN search...
    Calculated KNN search in 0.62 seconds.
    Calculating affinities...
    Calculated affinities in 0.85 seconds.
  Calculated graph and diffusion operator in 1.79 seconds.
  Calculating imputation...
  Calculated imputation in 1.52 seconds.
Calculated MAGIC in 3.32 seconds.
Wrote results_imputation_py/magic/scale/n20000/magic_mse_table.tsv
Processing magic n30000...

=== groups_balanced_moderate_drop_n30000 ===
  -> magic
Calculating MAGIC...
  Running MAGIC on 30000 cells and 995 genes.
  Calculating graph and diffusion operator...
    Calculating PCA...
    Calculated PCA in 0.48 seconds.
    Calculating KNN search...
    Calculated KNN search in 1.34 seconds.
    Calculating affinities...
    Calculated affinities in 1.70 seconds.
  Calculated graph and diffusion operator in 3.56 seconds.
  Calculating imputation...
  Calculated imputation in 2.43 seconds.
Calculated MAGIC in 6.01 seconds.
Wrote results_imputation_py/magic/scale/n30000/magic_mse_table.tsv
Processing magic n40000...

=== groups_balanced_moderate_drop_n40000 ===
  -> magic
Calculating MAGIC...
  Running MAGIC on 40000 cells and 999 genes.
  Calculating graph and diffusion operator...
    Calculating PCA...
    Calculated PCA in 0.63 seconds.
    Calculating KNN search...
    Calculated KNN search in 2.38 seconds.
    Calculating affinities...
    Calculated affinities in 2.89 seconds.
  Calculated graph and diffusion operator in 5.95 seconds.
  Calculating imputation...
  Calculated imputation in 3.50 seconds.
Calculated MAGIC in 9.47 seconds.
Wrote results_imputation_py/magic/scale/n40000/magic_mse_table.tsv
Processing magic n50000...

=== groups_balanced_moderate_drop_n50000 ===
  -> magic
Calculating MAGIC...
  Running MAGIC on 50000 cells and 997 genes.
  Calculating graph and diffusion operator...
    Calculating PCA...
    Calculated PCA in 0.86 seconds.
    Calculating KNN search...
    Calculated KNN search in 3.69 seconds.
    Calculating affinities...
    Calculated affinities in 4.30 seconds.
  Calculated graph and diffusion operator in 8.97 seconds.
  Calculating imputation...
  Calculated imputation in 4.65 seconds.
Calculated MAGIC in 13.64 seconds.
Wrote results_imputation_py/magic/scale/n50000/magic_mse_table.tsv
Processing magic n60000...

=== groups_balanced_moderate_drop_n60000 ===
  -> magic
Calculating MAGIC...
  Running MAGIC on 60000 cells and 993 genes.
  Calculating graph and diffusion operator...
    Calculating PCA...
    Calculated PCA in 0.97 seconds.
    Calculating KNN search...
    Calculated KNN search in 5.43 seconds.
    Calculating affinities...
    Calculated affinities in 6.58 seconds.
  Calculated graph and diffusion operator in 13.13 seconds.
  Calculating imputation...
  Calculated imputation in 5.64 seconds.
Calculated MAGIC in 18.80 seconds.
Wrote results_imputation_py/magic/scale/n60000/magic_mse_table.tsv
Processing magic n70000...

=== groups_balanced_moderate_drop_n70000 ===
  -> magic
Calculating MAGIC...
  Running MAGIC on 70000 cells and 998 genes.
  Calculating graph and diffusion operator...
    Calculating PCA...
    Calculated PCA in 1.23 seconds.
    Calculating KNN search...
    Calculated KNN search in 7.18 seconds.
    Calculating affinities...
    Calculated affinities in 8.20 seconds.
  Calculated graph and diffusion operator in 16.69 seconds.
  Calculating imputation...
  Calculated imputation in 6.72 seconds.
Calculated MAGIC in 23.45 seconds.
Wrote results_imputation_py/magic/scale/n70000/magic_mse_table.tsv
Processing magic n80000...

=== groups_balanced_moderate_drop_n80000 ===
  -> magic
Calculating MAGIC...
  Running MAGIC on 80000 cells and 997 genes.
  Calculating graph and diffusion operator...
    Calculating PCA...
    Calculated PCA in 1.38 seconds.
    Calculating KNN search...
    Calculated KNN search in 9.47 seconds.
    Calculating affinities...
    Calculated affinities in 10.40 seconds.
  Calculated graph and diffusion operator in 21.35 seconds.
  Calculating imputation...
  Calculated imputation in 7.73 seconds.
Calculated MAGIC in 29.12 seconds.
Wrote results_imputation_py/magic/scale/n80000/magic_mse_table.tsv
Processing magic n90000...

=== groups_balanced_moderate_drop_n90000 ===
  -> magic
Calculating MAGIC...
  Running MAGIC on 90000 cells and 998 genes.
  Calculating graph and diffusion operator...
    Calculating PCA...
    Calculated PCA in 1.53 seconds.
    Calculating KNN search...
    Calculated KNN search in 11.78 seconds.
    Calculating affinities...
    Calculated affinities in 12.77 seconds.
  Calculated graph and diffusion operator in 26.19 seconds.
  Calculating imputation...
  Calculated imputation in 8.76 seconds.
Calculated MAGIC in 34.99 seconds.
Wrote results_imputation_py/magic/scale/n90000/magic_mse_table.tsv
Finished [PY/magic]
