Processing saver cells_1000...
Running SAVER with 8 worker(s)
1066 genes, 1000 cells
Running SAVER with 8 worker(s)
Calculating predictions for 1066 genes using 961 genes and 1000 cells...
Start time: 2026-02-08 02:19:26.971013
Estimating finish time...
Loading required package: SAVER
loaded SAVER and set parent environment
Loading required package: SAVER
loaded SAVER and set parent environment
Loading required package: SAVER
loaded SAVER and set parent environment
Loading required package: SAVER
loaded SAVER and set parent environment
Loading required package: SAVER
loaded SAVER and set parent environment
Loading required package: SAVER
loaded SAVER and set parent environment
Loading required package: SAVER
loaded SAVER and set parent environment
Loading required package: SAVER
loaded SAVER and set parent environment
Finished 8/1066 genes. Approximate finish time: 2026-02-08 02:20:09.825729
Calculating max cor cutoff...
loaded SAVER and set parent environment
loaded SAVER and set parent environment
loaded SAVER and set parent environment
loaded SAVER and set parent environment
loaded SAVER and set parent environment
loaded SAVER and set parent environment
loaded SAVER and set parent environment
loaded SAVER and set parent environment
Finished 100/1066 genes. Approximate finish time: 2026-02-08 02:19:58.39863
Calculating lambda coefficients...
loaded SAVER and set parent environment
loaded SAVER and set parent environment
loaded SAVER and set parent environment
loaded SAVER and set parent environment
loaded SAVER and set parent environment
loaded SAVER and set parent environment
loaded SAVER and set parent environment
loaded SAVER and set parent environment
Finished 230/1066 genes. Approximate finish time: 2026-02-08 02:20:00.410376
Predicting remaining genes...
loaded SAVER and set parent environment
loaded SAVER and set parent environment
loaded SAVER and set parent environment
loaded SAVER and set parent environment
loaded SAVER and set parent environment
loaded SAVER and set parent environment
loaded SAVER and set parent environment
loaded SAVER and set parent environment
Finished 439/1066 genes. Approximate finish time: 2026-02-08 02:20:01.894745
Predicting remaining genes...
loaded SAVER and set parent environment
loaded SAVER and set parent environment
loaded SAVER and set parent environment
loaded SAVER and set parent environment
loaded SAVER and set parent environment
loaded SAVER and set parent environment
loaded SAVER and set parent environment
loaded SAVER and set parent environment
Done!
Finish time: 2026-02-08 02:20:01.240768
Total time: 34.26935 secs
1066 genes, 1000 cells
Running SAVER with 8 worker(s)
Calculating predictions for 1066 genes using 961 genes and 1000 cells...
Start time: 2026-02-08 02:20:03.258462
Estimating finish time...
Loading required package: SAVER
loaded SAVER and set parent environment
Loading required package: SAVER
loaded SAVER and set parent environment
Loading required package: SAVER
loaded SAVER and set parent environment
Loading required package: SAVER
loaded SAVER and set parent environment
Loading required package: SAVER
loaded SAVER and set parent environment
Loading required package: SAVER
loaded SAVER and set parent environment
Loading required package: SAVER
loaded SAVER and set parent environment
Loading required package: SAVER
loaded SAVER and set parent environment
Finished 8/1066 genes. Approximate finish time: 2026-02-08 02:21:02.656044
Calculating max cor cutoff...
loaded SAVER and set parent environment
loaded SAVER and set parent environment
loaded SAVER and set parent environment
loaded SAVER and set parent environment
loaded SAVER and set parent environment
loaded SAVER and set parent environment
loaded SAVER and set parent environment
loaded SAVER and set parent environment
Finished 100/1066 genes. Approximate finish time: 2026-02-08 02:20:38.359942
Calculating lambda coefficients...
loaded SAVER and set parent environment
loaded SAVER and set parent environment
loaded SAVER and set parent environment
loaded SAVER and set parent environment
loaded SAVER and set parent environment
loaded SAVER and set parent environment
loaded SAVER and set parent environment
loaded SAVER and set parent environment
Finished 232/1066 genes. Approximate finish time: 2026-02-08 02:20:41.827392
Predicting remaining genes...
loaded SAVER and set parent environment
loaded SAVER and set parent environment
loaded SAVER and set parent environment
loaded SAVER and set parent environment
loaded SAVER and set parent environment
loaded SAVER and set parent environment
loaded SAVER and set parent environment
loaded SAVER and set parent environment
Finished 441/1066 genes. Approximate finish time: 2026-02-08 02:20:44.646929
Predicting remaining genes...
loaded SAVER and set parent environment
loaded SAVER and set parent environment
loaded SAVER and set parent environment
loaded SAVER and set parent environment
loaded SAVER and set parent environment
loaded SAVER and set parent environment
loaded SAVER and set parent environment
loaded SAVER and set parent environment
Done!
Finish time: 2026-02-08 02:20:43.019094
Total time: 39.76033 secs
1066 genes, 1000 cells
Running SAVER with 8 worker(s)
Calculating predictions for 1066 genes using 961 genes and 1000 cells...
Start time: 2026-02-08 02:20:44.158042
Estimating finish time...
Loading required package: SAVER
loaded SAVER and set parent environment
Loading required package: SAVER
loaded SAVER and set parent environment
Loading required package: SAVER
loaded SAVER and set parent environment
Loading required package: SAVER
loaded SAVER and set parent environment
Loading required package: SAVER
loaded SAVER and set parent environment
Loading required package: SAVER
loaded SAVER and set parent environment
Loading required package: SAVER
loaded SAVER and set parent environment
Loading required package: SAVER
loaded SAVER and set parent environment
Finished 8/1066 genes. Approximate finish time: 2026-02-08 02:21:34.273898
Calculating max cor cutoff...
loaded SAVER and set parent environment
loaded SAVER and set parent environment
loaded SAVER and set parent environment
loaded SAVER and set parent environment
loaded SAVER and set parent environment
loaded SAVER and set parent environment
loaded SAVER and set parent environment
loaded SAVER and set parent environment
Finished 100/1066 genes. Approximate finish time: 2026-02-08 02:21:23.621586
Calculating lambda coefficients...
loaded SAVER and set parent environment
loaded SAVER and set parent environment
loaded SAVER and set parent environment
loaded SAVER and set parent environment
loaded SAVER and set parent environment
loaded SAVER and set parent environment
loaded SAVER and set parent environment
loaded SAVER and set parent environment
Finished 221/1066 genes. Approximate finish time: 2026-02-08 02:21:26.146524
Predicting remaining genes...
loaded SAVER and set parent environment
loaded SAVER and set parent environment
loaded SAVER and set parent environment
loaded SAVER and set parent environment
loaded SAVER and set parent environment
loaded SAVER and set parent environment
loaded SAVER and set parent environment
loaded SAVER and set parent environment
Finished 433/1066 genes. Approximate finish time: 2026-02-08 02:21:29.060088
Predicting remaining genes...
loaded SAVER and set parent environment
loaded SAVER and set parent environment
loaded SAVER and set parent environment
loaded SAVER and set parent environment
loaded SAVER and set parent environment
loaded SAVER and set parent environment
loaded SAVER and set parent environment
loaded SAVER and set parent environment
Done!
Finish time: 2026-02-08 02:21:27.62384
Total time: 43.46551 secs
1066 genes, 1000 cells
Running SAVER with 8 worker(s)
Calculating predictions for 1066 genes using 961 genes and 1000 cells...
Start time: 2026-02-08 02:21:28.731377
Estimating finish time...
Loading required package: SAVER
loaded SAVER and set parent environment
Loading required package: SAVER
loaded SAVER and set parent environment
Loading required package: SAVER
loaded SAVER and set parent environment
Loading required package: SAVER
loaded SAVER and set parent environment
Loading required package: SAVER
loaded SAVER and set parent environment
Loading required package: SAVER
loaded SAVER and set parent environment
Loading required package: SAVER
loaded SAVER and set parent environment
Loading required package: SAVER
loaded SAVER and set parent environment
Finished 8/1066 genes. Approximate finish time: 2026-02-08 02:22:20.724406
Calculating max cor cutoff...
loaded SAVER and set parent environment
loaded SAVER and set parent environment
loaded SAVER and set parent environment
loaded SAVER and set parent environment
loaded SAVER and set parent environment
loaded SAVER and set parent environment
loaded SAVER and set parent environment
loaded SAVER and set parent environment
Finished 100/1066 genes. Approximate finish time: 2026-02-08 02:22:03.618149
Calculating lambda coefficients...
loaded SAVER and set parent environment
loaded SAVER and set parent environment
loaded SAVER and set parent environment
loaded SAVER and set parent environment
loaded SAVER and set parent environment
loaded SAVER and set parent environment
loaded SAVER and set parent environment
loaded SAVER and set parent environment
Finished 213/1066 genes. Approximate finish time: 2026-02-08 02:22:02.420754
Predicting remaining genes...
loaded SAVER and set parent environment
loaded SAVER and set parent environment
loaded SAVER and set parent environment
loaded SAVER and set parent environment
loaded SAVER and set parent environment
loaded SAVER and set parent environment
loaded SAVER and set parent environment
loaded SAVER and set parent environment
Finished 427/1066 genes. Approximate finish time: 2026-02-08 02:22:04.274863
Predicting remaining genes...
loaded SAVER and set parent environment
loaded SAVER and set parent environment
loaded SAVER and set parent environment
loaded SAVER and set parent environment
loaded SAVER and set parent environment
loaded SAVER and set parent environment
loaded SAVER and set parent environment
loaded SAVER and set parent environment
Done!
Finish time: 2026-02-08 02:22:03.474517
Total time: 34.74281 secs
Running SAVER with 8 worker(s)
1065 genes, 1000 cells
Running SAVER with 8 worker(s)
Calculating predictions for 1065 genes using 971 genes and 1000 cells...
Start time: 2026-02-08 02:22:05.054826
Estimating finish time...
Loading required package: SAVER
loaded SAVER and set parent environment
Loading required package: SAVER
loaded SAVER and set parent environment
Loading required package: SAVER
loaded SAVER and set parent environment
Loading required package: SAVER
loaded SAVER and set parent environment
Loading required package: SAVER
loaded SAVER and set parent environment
Loading required package: SAVER
loaded SAVER and set parent environment
Loading required package: SAVER
loaded SAVER and set parent environment
Loading required package: SAVER
loaded SAVER and set parent environment
Finished 8/1065 genes. Approximate finish time: 2026-02-08 02:22:51.038314
Calculating max cor cutoff...
loaded SAVER and set parent environment
loaded SAVER and set parent environment
loaded SAVER and set parent environment
loaded SAVER and set parent environment
loaded SAVER and set parent environment
loaded SAVER and set parent environment
loaded SAVER and set parent environment
loaded SAVER and set parent environment
Finished 100/1065 genes. Approximate finish time: 2026-02-08 02:22:35.204265
Calculating lambda coefficients...
loaded SAVER and set parent environment
loaded SAVER and set parent environment
loaded SAVER and set parent environment
loaded SAVER and set parent environment
loaded SAVER and set parent environment
loaded SAVER and set parent environment
loaded SAVER and set parent environment
loaded SAVER and set parent environment
Finished 217/1065 genes. Approximate finish time: 2026-02-08 02:22:36.715171
Predicting remaining genes...
loaded SAVER and set parent environment
loaded SAVER and set parent environment
loaded SAVER and set parent environment
loaded SAVER and set parent environment
loaded SAVER and set parent environment
loaded SAVER and set parent environment
loaded SAVER and set parent environment
loaded SAVER and set parent environment
Finished 429/1065 genes. Approximate finish time: 2026-02-08 02:22:39.265403
Predicting remaining genes...
loaded SAVER and set parent environment
loaded SAVER and set parent environment
loaded SAVER and set parent environment
loaded SAVER and set parent environment
loaded SAVER and set parent environment
loaded SAVER and set parent environment
loaded SAVER and set parent environment
loaded SAVER and set parent environment
Done!
Finish time: 2026-02-08 02:22:38.402699
Total time: 33.34752 secs
1065 genes, 1000 cells
Running SAVER with 8 worker(s)
Calculating predictions for 1065 genes using 971 genes and 1000 cells...
Start time: 2026-02-08 02:22:39.877835
Estimating finish time...
Loading required package: SAVER
loaded SAVER and set parent environment
Loading required package: SAVER
loaded SAVER and set parent environment
Loading required package: SAVER
loaded SAVER and set parent environment
Loading required package: SAVER
loaded SAVER and set parent environment
Loading required package: SAVER
loaded SAVER and set parent environment
Loading required package: SAVER
loaded SAVER and set parent environment
Loading required package: SAVER
loaded SAVER and set parent environment
Loading required package: SAVER
loaded SAVER and set parent environment
Finished 8/1065 genes. Approximate finish time: 2026-02-08 02:23:32.001836
Calculating max cor cutoff...
loaded SAVER and set parent environment
loaded SAVER and set parent environment
loaded SAVER and set parent environment
loaded SAVER and set parent environment
loaded SAVER and set parent environment
loaded SAVER and set parent environment
loaded SAVER and set parent environment
loaded SAVER and set parent environment
Finished 100/1065 genes. Approximate finish time: 2026-02-08 02:23:16.865331
Calculating lambda coefficients...
loaded SAVER and set parent environment
loaded SAVER and set parent environment
loaded SAVER and set parent environment
loaded SAVER and set parent environment
loaded SAVER and set parent environment
loaded SAVER and set parent environment
loaded SAVER and set parent environment
loaded SAVER and set parent environment
Finished 222/1065 genes. Approximate finish time: 2026-02-08 02:23:20.250042
Predicting remaining genes...
loaded SAVER and set parent environment
loaded SAVER and set parent environment
loaded SAVER and set parent environment
loaded SAVER and set parent environment
loaded SAVER and set parent environment
loaded SAVER and set parent environment
loaded SAVER and set parent environment
loaded SAVER and set parent environment
Finished 433/1065 genes. Approximate finish time: 2026-02-08 02:23:21.586423
Predicting remaining genes...
loaded SAVER and set parent environment
loaded SAVER and set parent environment
loaded SAVER and set parent environment
loaded SAVER and set parent environment
loaded SAVER and set parent environment
loaded SAVER and set parent environment
loaded SAVER and set parent environment
loaded SAVER and set parent environment
Done!
Finish time: 2026-02-08 02:23:20.927018
Total time: 41.04892 secs
1065 genes, 1000 cells
Running SAVER with 8 worker(s)
Calculating predictions for 1065 genes using 971 genes and 1000 cells...
Start time: 2026-02-08 02:23:21.414916
Estimating finish time...
Loading required package: SAVER
loaded SAVER and set parent environment
Loading required package: SAVER
loaded SAVER and set parent environment
Loading required package: SAVER
loaded SAVER and set parent environment
Loading required package: SAVER
loaded SAVER and set parent environment
Loading required package: SAVER
loaded SAVER and set parent environment
Loading required package: SAVER
loaded SAVER and set parent environment
Loading required package: SAVER
loaded SAVER and set parent environment
Loading required package: SAVER
loaded SAVER and set parent environment
Finished 8/1065 genes. Approximate finish time: 2026-02-08 02:24:02.915684
Calculating max cor cutoff...
loaded SAVER and set parent environment
loaded SAVER and set parent environment
loaded SAVER and set parent environment
loaded SAVER and set parent environment
loaded SAVER and set parent environment
loaded SAVER and set parent environment
loaded SAVER and set parent environment
loaded SAVER and set parent environment
Finished 100/1065 genes. Approximate finish time: 2026-02-08 02:23:52.814163
Calculating lambda coefficients...
loaded SAVER and set parent environment
loaded SAVER and set parent environment
loaded SAVER and set parent environment
loaded SAVER and set parent environment
loaded SAVER and set parent environment
loaded SAVER and set parent environment
loaded SAVER and set parent environment
loaded SAVER and set parent environment
Finished 229/1065 genes. Approximate finish time: 2026-02-08 02:23:57.428328
Predicting remaining genes...
loaded SAVER and set parent environment
loaded SAVER and set parent environment
loaded SAVER and set parent environment
loaded SAVER and set parent environment
loaded SAVER and set parent environment
loaded SAVER and set parent environment
loaded SAVER and set parent environment
loaded SAVER and set parent environment
Finished 438/1065 genes. Approximate finish time: 2026-02-08 02:23:59.939714
Predicting remaining genes...
loaded SAVER and set parent environment
loaded SAVER and set parent environment
loaded SAVER and set parent environment
loaded SAVER and set parent environment
loaded SAVER and set parent environment
loaded SAVER and set parent environment
loaded SAVER and set parent environment
loaded SAVER and set parent environment
Done!
Finish time: 2026-02-08 02:23:59.338141
Total time: 37.92292 secs
1065 genes, 1000 cells
Running SAVER with 8 worker(s)
Calculating predictions for 1065 genes using 971 genes and 1000 cells...
Start time: 2026-02-08 02:24:00.565604
Estimating finish time...
Loading required package: SAVER
loaded SAVER and set parent environment
Loading required package: SAVER
loaded SAVER and set parent environment
Loading required package: SAVER
loaded SAVER and set parent environment
Loading required package: SAVER
loaded SAVER and set parent environment
Loading required package: SAVER
loaded SAVER and set parent environment
Loading required package: SAVER
loaded SAVER and set parent environment
Loading required package: SAVER
loaded SAVER and set parent environment
Loading required package: SAVER
loaded SAVER and set parent environment
Finished 8/1065 genes. Approximate finish time: 2026-02-08 02:24:52.33264
Calculating max cor cutoff...
loaded SAVER and set parent environment
loaded SAVER and set parent environment
loaded SAVER and set parent environment
loaded SAVER and set parent environment
loaded SAVER and set parent environment
loaded SAVER and set parent environment
loaded SAVER and set parent environment
loaded SAVER and set parent environment
Finished 100/1065 genes. Approximate finish time: 2026-02-08 02:24:31.926887
Calculating lambda coefficients...
loaded SAVER and set parent environment
loaded SAVER and set parent environment
loaded SAVER and set parent environment
loaded SAVER and set parent environment
loaded SAVER and set parent environment
loaded SAVER and set parent environment
loaded SAVER and set parent environment
loaded SAVER and set parent environment
Finished 241/1065 genes. Approximate finish time: 2026-02-08 02:24:32.088734
Predicting remaining genes...
loaded SAVER and set parent environment
loaded SAVER and set parent environment
loaded SAVER and set parent environment
loaded SAVER and set parent environment
loaded SAVER and set parent environment
loaded SAVER and set parent environment
loaded SAVER and set parent environment
loaded SAVER and set parent environment
Finished 447/1065 genes. Approximate finish time: 2026-02-08 02:24:34.836853
Predicting remaining genes...
loaded SAVER and set parent environment
loaded SAVER and set parent environment
loaded SAVER and set parent environment
loaded SAVER and set parent environment
loaded SAVER and set parent environment
loaded SAVER and set parent environment
loaded SAVER and set parent environment
loaded SAVER and set parent environment
Done!
Finish time: 2026-02-08 02:24:33.390105
Total time: 32.82418 secs
Running SAVER with 8 worker(s)
1073 genes, 1000 cells
Running SAVER with 8 worker(s)
Calculating predictions for 1073 genes using 990 genes and 1000 cells...
Start time: 2026-02-08 02:24:35.150402
Estimating finish time...
Loading required package: SAVER
loaded SAVER and set parent environment
Loading required package: SAVER
loaded SAVER and set parent environment
Loading required package: SAVER
loaded SAVER and set parent environment
Loading required package: SAVER
loaded SAVER and set parent environment
Loading required package: SAVER
loaded SAVER and set parent environment
Loading required package: SAVER
loaded SAVER and set parent environment
Loading required package: SAVER
loaded SAVER and set parent environment
Loading required package: SAVER
loaded SAVER and set parent environment
Finished 8/1073 genes. Approximate finish time: 2026-02-08 02:25:31.560916
Calculating max cor cutoff...
loaded SAVER and set parent environment
loaded SAVER and set parent environment
loaded SAVER and set parent environment
loaded SAVER and set parent environment
loaded SAVER and set parent environment
loaded SAVER and set parent environment
loaded SAVER and set parent environment
loaded SAVER and set parent environment
Finished 100/1073 genes. Approximate finish time: 2026-02-08 02:25:05.523125
Calculating lambda coefficients...
loaded SAVER and set parent environment
loaded SAVER and set parent environment
loaded SAVER and set parent environment
loaded SAVER and set parent environment
loaded SAVER and set parent environment
loaded SAVER and set parent environment
loaded SAVER and set parent environment
loaded SAVER and set parent environment
Finished 217/1073 genes. Approximate finish time: 2026-02-08 02:25:08.256932
Predicting remaining genes...
loaded SAVER and set parent environment
loaded SAVER and set parent environment
loaded SAVER and set parent environment
loaded SAVER and set parent environment
loaded SAVER and set parent environment
loaded SAVER and set parent environment
loaded SAVER and set parent environment
loaded SAVER and set parent environment
Finished 431/1073 genes. Approximate finish time: 2026-02-08 02:25:10.208176
Predicting remaining genes...
loaded SAVER and set parent environment
loaded SAVER and set parent environment
loaded SAVER and set parent environment
loaded SAVER and set parent environment
loaded SAVER and set parent environment
loaded SAVER and set parent environment
loaded SAVER and set parent environment
loaded SAVER and set parent environment
Done!
Finish time: 2026-02-08 02:25:09.330596
Total time: 34.1799 secs
1073 genes, 1000 cells
Running SAVER with 8 worker(s)
Calculating predictions for 1073 genes using 990 genes and 1000 cells...
Start time: 2026-02-08 02:25:10.118593
Estimating finish time...
Loading required package: SAVER
loaded SAVER and set parent environment
Loading required package: SAVER
loaded SAVER and set parent environment
Loading required package: SAVER
loaded SAVER and set parent environment
Loading required package: SAVER
loaded SAVER and set parent environment
Loading required package: SAVER
loaded SAVER and set parent environment
Loading required package: SAVER
loaded SAVER and set parent environment
Loading required package: SAVER
loaded SAVER and set parent environment
Loading required package: SAVER
loaded SAVER and set parent environment
Finished 8/1073 genes. Approximate finish time: 2026-02-08 02:26:10.003055
Calculating max cor cutoff...
loaded SAVER and set parent environment
loaded SAVER and set parent environment
loaded SAVER and set parent environment
loaded SAVER and set parent environment
loaded SAVER and set parent environment
loaded SAVER and set parent environment
loaded SAVER and set parent environment
loaded SAVER and set parent environment
Finished 100/1073 genes. Approximate finish time: 2026-02-08 02:25:51.292248
Calculating lambda coefficients...
loaded SAVER and set parent environment
loaded SAVER and set parent environment
loaded SAVER and set parent environment
loaded SAVER and set parent environment
loaded SAVER and set parent environment
loaded SAVER and set parent environment
loaded SAVER and set parent environment
loaded SAVER and set parent environment
Finished 224/1073 genes. Approximate finish time: 2026-02-08 02:25:51.742898
Predicting remaining genes...
loaded SAVER and set parent environment
loaded SAVER and set parent environment
loaded SAVER and set parent environment
loaded SAVER and set parent environment
loaded SAVER and set parent environment
loaded SAVER and set parent environment
loaded SAVER and set parent environment
loaded SAVER and set parent environment
Finished 437/1073 genes. Approximate finish time: 2026-02-08 02:25:53.389494
Predicting remaining genes...
loaded SAVER and set parent environment
loaded SAVER and set parent environment
loaded SAVER and set parent environment
loaded SAVER and set parent environment
loaded SAVER and set parent environment
loaded SAVER and set parent environment
loaded SAVER and set parent environment
loaded SAVER and set parent environment
Done!
Finish time: 2026-02-08 02:25:52.674619
Total time: 42.55575 secs
1073 genes, 1000 cells
Running SAVER with 8 worker(s)
Calculating predictions for 1073 genes using 990 genes and 1000 cells...
Start time: 2026-02-08 02:25:53.692339
Estimating finish time...
Loading required package: SAVER
loaded SAVER and set parent environment
Loading required package: SAVER
loaded SAVER and set parent environment
Loading required package: SAVER
loaded SAVER and set parent environment
Loading required package: SAVER
loaded SAVER and set parent environment
Loading required package: SAVER
loaded SAVER and set parent environment
Loading required package: SAVER
loaded SAVER and set parent environment
Loading required package: SAVER
loaded SAVER and set parent environment
Loading required package: SAVER
loaded SAVER and set parent environment
Finished 8/1073 genes. Approximate finish time: 2026-02-08 02:26:34.541306
Calculating max cor cutoff...
loaded SAVER and set parent environment
loaded SAVER and set parent environment
loaded SAVER and set parent environment
loaded SAVER and set parent environment
loaded SAVER and set parent environment
loaded SAVER and set parent environment
loaded SAVER and set parent environment
loaded SAVER and set parent environment
Finished 100/1073 genes. Approximate finish time: 2026-02-08 02:26:22.296149
Calculating lambda coefficients...
loaded SAVER and set parent environment
loaded SAVER and set parent environment
loaded SAVER and set parent environment
loaded SAVER and set parent environment
loaded SAVER and set parent environment
loaded SAVER and set parent environment
loaded SAVER and set parent environment
loaded SAVER and set parent environment
Finished 221/1073 genes. Approximate finish time: 2026-02-08 02:26:26.788137
Predicting remaining genes...
loaded SAVER and set parent environment
loaded SAVER and set parent environment
loaded SAVER and set parent environment
loaded SAVER and set parent environment
loaded SAVER and set parent environment
loaded SAVER and set parent environment
loaded SAVER and set parent environment
loaded SAVER and set parent environment
Finished 434/1073 genes. Approximate finish time: 2026-02-08 02:26:29.889251
Predicting remaining genes...
loaded SAVER and set parent environment
loaded SAVER and set parent environment
loaded SAVER and set parent environment
loaded SAVER and set parent environment
loaded SAVER and set parent environment
loaded SAVER and set parent environment
loaded SAVER and set parent environment
loaded SAVER and set parent environment
Done!
Finish time: 2026-02-08 02:26:28.990187
Total time: 35.29745 secs
1073 genes, 1000 cells
Running SAVER with 8 worker(s)
Calculating predictions for 1073 genes using 990 genes and 1000 cells...
Start time: 2026-02-08 02:26:29.556756
Estimating finish time...
Loading required package: SAVER
loaded SAVER and set parent environment
Loading required package: SAVER
loaded SAVER and set parent environment
Loading required package: SAVER
loaded SAVER and set parent environment
Loading required package: SAVER
loaded SAVER and set parent environment
Loading required package: SAVER
loaded SAVER and set parent environment
Loading required package: SAVER
loaded SAVER and set parent environment
Loading required package: SAVER
loaded SAVER and set parent environment
Loading required package: SAVER
loaded SAVER and set parent environment
Finished 8/1073 genes. Approximate finish time: 2026-02-08 02:27:18.727767
Calculating max cor cutoff...
loaded SAVER and set parent environment
loaded SAVER and set parent environment
loaded SAVER and set parent environment
loaded SAVER and set parent environment
loaded SAVER and set parent environment
loaded SAVER and set parent environment
loaded SAVER and set parent environment
loaded SAVER and set parent environment
Finished 100/1073 genes. Approximate finish time: 2026-02-08 02:27:04.361442
Calculating lambda coefficients...
loaded SAVER and set parent environment
loaded SAVER and set parent environment
loaded SAVER and set parent environment
loaded SAVER and set parent environment
loaded SAVER and set parent environment
loaded SAVER and set parent environment
loaded SAVER and set parent environment
loaded SAVER and set parent environment
Finished 209/1073 genes. Approximate finish time: 2026-02-08 02:27:03.317407
Predicting remaining genes...
loaded SAVER and set parent environment
loaded SAVER and set parent environment
loaded SAVER and set parent environment
loaded SAVER and set parent environment
loaded SAVER and set parent environment
loaded SAVER and set parent environment
loaded SAVER and set parent environment
loaded SAVER and set parent environment
Finished 425/1073 genes. Approximate finish time: 2026-02-08 02:27:05.788085
Predicting remaining genes...
loaded SAVER and set parent environment
loaded SAVER and set parent environment
loaded SAVER and set parent environment
loaded SAVER and set parent environment
loaded SAVER and set parent environment
loaded SAVER and set parent environment
loaded SAVER and set parent environment
loaded SAVER and set parent environment
Done!
Finish time: 2026-02-08 02:27:04.830828
Total time: 35.27381 secs
Running SAVER with 8 worker(s)
1072 genes, 1000 cells
Running SAVER with 8 worker(s)
Calculating predictions for 1072 genes using 981 genes and 1000 cells...
Start time: 2026-02-08 02:27:06.330626
Estimating finish time...
Loading required package: SAVER
loaded SAVER and set parent environment
Loading required package: SAVER
loaded SAVER and set parent environment
Loading required package: SAVER
loaded SAVER and set parent environment
Loading required package: SAVER
loaded SAVER and set parent environment
Loading required package: SAVER
loaded SAVER and set parent environment
Loading required package: SAVER
loaded SAVER and set parent environment
Loading required package: SAVER
loaded SAVER and set parent environment
Loading required package: SAVER
loaded SAVER and set parent environment
Finished 8/1072 genes. Approximate finish time: 2026-02-08 02:27:56.440391
Calculating max cor cutoff...
loaded SAVER and set parent environment
loaded SAVER and set parent environment
loaded SAVER and set parent environment
loaded SAVER and set parent environment
loaded SAVER and set parent environment
loaded SAVER and set parent environment
loaded SAVER and set parent environment
loaded SAVER and set parent environment
Finished 100/1072 genes. Approximate finish time: 2026-02-08 02:27:35.739692
Calculating lambda coefficients...
loaded SAVER and set parent environment
loaded SAVER and set parent environment
loaded SAVER and set parent environment
loaded SAVER and set parent environment
loaded SAVER and set parent environment
loaded SAVER and set parent environment
loaded SAVER and set parent environment
loaded SAVER and set parent environment
Finished 333/1072 genes. Approximate finish time: 2026-02-08 02:27:36.4924
Predicting remaining genes...
loaded SAVER and set parent environment
loaded SAVER and set parent environment
loaded SAVER and set parent environment
loaded SAVER and set parent environment
loaded SAVER and set parent environment
loaded SAVER and set parent environment
loaded SAVER and set parent environment
loaded SAVER and set parent environment
Finished 518/1072 genes. Approximate finish time: 2026-02-08 02:27:38.903141
Predicting remaining genes...
loaded SAVER and set parent environment
loaded SAVER and set parent environment
loaded SAVER and set parent environment
loaded SAVER and set parent environment
loaded SAVER and set parent environment
loaded SAVER and set parent environment
loaded SAVER and set parent environment
loaded SAVER and set parent environment
Done!
Finish time: 2026-02-08 02:27:38.083012
Total time: 31.75202 secs
1072 genes, 1000 cells
Running SAVER with 8 worker(s)
Calculating predictions for 1072 genes using 981 genes and 1000 cells...
Start time: 2026-02-08 02:27:39.027136
Estimating finish time...
Loading required package: SAVER
loaded SAVER and set parent environment
Loading required package: SAVER
loaded SAVER and set parent environment
Loading required package: SAVER
loaded SAVER and set parent environment
Loading required package: SAVER
loaded SAVER and set parent environment
Loading required package: SAVER
loaded SAVER and set parent environment
Loading required package: SAVER
loaded SAVER and set parent environment
Loading required package: SAVER
loaded SAVER and set parent environment
Loading required package: SAVER
loaded SAVER and set parent environment
Finished 8/1072 genes. Approximate finish time: 2026-02-08 02:28:31.374138
Calculating max cor cutoff...
loaded SAVER and set parent environment
loaded SAVER and set parent environment
loaded SAVER and set parent environment
loaded SAVER and set parent environment
loaded SAVER and set parent environment
loaded SAVER and set parent environment
loaded SAVER and set parent environment
loaded SAVER and set parent environment
Finished 100/1072 genes. Approximate finish time: 2026-02-08 02:28:13.636688
Calculating lambda coefficients...
loaded SAVER and set parent environment
loaded SAVER and set parent environment
loaded SAVER and set parent environment
loaded SAVER and set parent environment
loaded SAVER and set parent environment
loaded SAVER and set parent environment
loaded SAVER and set parent environment
loaded SAVER and set parent environment
Finished 339/1072 genes. Approximate finish time: 2026-02-08 02:28:13.339325
Predicting remaining genes...
loaded SAVER and set parent environment
loaded SAVER and set parent environment
loaded SAVER and set parent environment
loaded SAVER and set parent environment
loaded SAVER and set parent environment
loaded SAVER and set parent environment
loaded SAVER and set parent environment
loaded SAVER and set parent environment
Finished 523/1072 genes. Approximate finish time: 2026-02-08 02:28:15.388302
Predicting remaining genes...
loaded SAVER and set parent environment
loaded SAVER and set parent environment
loaded SAVER and set parent environment
loaded SAVER and set parent environment
loaded SAVER and set parent environment
loaded SAVER and set parent environment
loaded SAVER and set parent environment
loaded SAVER and set parent environment
Done!
Finish time: 2026-02-08 02:28:14.436011
Total time: 35.40854 secs
1072 genes, 1000 cells
Running SAVER with 8 worker(s)
Calculating predictions for 1072 genes using 981 genes and 1000 cells...
Start time: 2026-02-08 02:28:15.587746
Estimating finish time...
Loading required package: SAVER
loaded SAVER and set parent environment
Loading required package: SAVER
loaded SAVER and set parent environment
Loading required package: SAVER
loaded SAVER and set parent environment
Loading required package: SAVER
loaded SAVER and set parent environment
Loading required package: SAVER
loaded SAVER and set parent environment
Loading required package: SAVER
loaded SAVER and set parent environment
Loading required package: SAVER
loaded SAVER and set parent environment
Loading required package: SAVER
loaded SAVER and set parent environment
Finished 8/1072 genes. Approximate finish time: 2026-02-08 02:29:01.635434
Calculating max cor cutoff...
loaded SAVER and set parent environment
loaded SAVER and set parent environment
loaded SAVER and set parent environment
loaded SAVER and set parent environment
loaded SAVER and set parent environment
loaded SAVER and set parent environment
loaded SAVER and set parent environment
loaded SAVER and set parent environment
Finished 100/1072 genes. Approximate finish time: 2026-02-08 02:28:44.164365
Calculating lambda coefficients...
loaded SAVER and set parent environment
loaded SAVER and set parent environment
loaded SAVER and set parent environment
loaded SAVER and set parent environment
loaded SAVER and set parent environment
loaded SAVER and set parent environment
loaded SAVER and set parent environment
loaded SAVER and set parent environment
Finished 305/1072 genes. Approximate finish time: 2026-02-08 02:28:48.111403
Predicting remaining genes...
loaded SAVER and set parent environment
loaded SAVER and set parent environment
loaded SAVER and set parent environment
loaded SAVER and set parent environment
loaded SAVER and set parent environment
loaded SAVER and set parent environment
loaded SAVER and set parent environment
loaded SAVER and set parent environment
Finished 497/1072 genes. Approximate finish time: 2026-02-08 02:28:50.226707
Predicting remaining genes...
loaded SAVER and set parent environment
loaded SAVER and set parent environment
loaded SAVER and set parent environment
loaded SAVER and set parent environment
loaded SAVER and set parent environment
loaded SAVER and set parent environment
loaded SAVER and set parent environment
loaded SAVER and set parent environment
Done!
Finish time: 2026-02-08 02:28:49.218471
Total time: 33.63039 secs
1072 genes, 1000 cells
Running SAVER with 8 worker(s)
Calculating predictions for 1072 genes using 981 genes and 1000 cells...
Start time: 2026-02-08 02:28:49.814428
Estimating finish time...
Loading required package: SAVER
loaded SAVER and set parent environment
Loading required package: SAVER
loaded SAVER and set parent environment
Loading required package: SAVER
loaded SAVER and set parent environment
Loading required package: SAVER
loaded SAVER and set parent environment
Loading required package: SAVER
loaded SAVER and set parent environment
Loading required package: SAVER
loaded SAVER and set parent environment
Loading required package: SAVER
loaded SAVER and set parent environment
Loading required package: SAVER
loaded SAVER and set parent environment
Finished 8/1072 genes. Approximate finish time: 2026-02-08 02:29:35.827356
Calculating max cor cutoff...
loaded SAVER and set parent environment
loaded SAVER and set parent environment
loaded SAVER and set parent environment
loaded SAVER and set parent environment
loaded SAVER and set parent environment
loaded SAVER and set parent environment
loaded SAVER and set parent environment
loaded SAVER and set parent environment
Finished 100/1072 genes. Approximate finish time: 2026-02-08 02:29:18.605563
Calculating lambda coefficients...
loaded SAVER and set parent environment
loaded SAVER and set parent environment
loaded SAVER and set parent environment
loaded SAVER and set parent environment
loaded SAVER and set parent environment
loaded SAVER and set parent environment
loaded SAVER and set parent environment
loaded SAVER and set parent environment
Finished 309/1072 genes. Approximate finish time: 2026-02-08 02:29:19.750551
Predicting remaining genes...
loaded SAVER and set parent environment
loaded SAVER and set parent environment
loaded SAVER and set parent environment
loaded SAVER and set parent environment
loaded SAVER and set parent environment
loaded SAVER and set parent environment
loaded SAVER and set parent environment
loaded SAVER and set parent environment
Finished 500/1072 genes. Approximate finish time: 2026-02-08 02:29:21.948703
Predicting remaining genes...
loaded SAVER and set parent environment
loaded SAVER and set parent environment
loaded SAVER and set parent environment
loaded SAVER and set parent environment
loaded SAVER and set parent environment
loaded SAVER and set parent environment
loaded SAVER and set parent environment
loaded SAVER and set parent environment
Done!
Finish time: 2026-02-08 02:29:20.722122
Total time: 30.90737 secs

=== dataset_2_types_equal ===
Running SAVER x4...
starting worker pid=12318 on localhost:11612 at 02:19:26.299
starting worker pid=12313 on localhost:11612 at 02:19:26.305
starting worker pid=12314 on localhost:11612 at 02:19:26.305
starting worker pid=12311 on localhost:11612 at 02:19:26.306
starting worker pid=12312 on localhost:11612 at 02:19:26.308
starting worker pid=12317 on localhost:11612 at 02:19:26.309
starting worker pid=12315 on localhost:11612 at 02:19:26.312
starting worker pid=12316 on localhost:11612 at 02:19:26.314
  [saver] Saved imputed matrix to results_imputation_r/saver/cells_1000/dataset_2_types_equal_saver.rds
starting worker pid=14526 on localhost:11612 at 02:20:02.562
starting worker pid=14533 on localhost:11612 at 02:20:02.562
starting worker pid=14532 on localhost:11612 at 02:20:02.562
starting worker pid=14529 on localhost:11612 at 02:20:02.562
starting worker pid=14531 on localhost:11612 at 02:20:02.567
starting worker pid=14528 on localhost:11612 at 02:20:02.573
starting worker pid=14527 on localhost:11612 at 02:20:02.582
starting worker pid=14530 on localhost:11612 at 02:20:02.597
starting worker pid=15816 on localhost:11612 at 02:20:43.518
starting worker pid=15814 on localhost:11612 at 02:20:43.518
starting worker pid=15812 on localhost:11612 at 02:20:43.518
starting worker pid=15815 on localhost:11612 at 02:20:43.518
starting worker pid=15817 on localhost:11612 at 02:20:43.518
starting worker pid=15813 on localhost:11612 at 02:20:43.518
starting worker pid=15819 on localhost:11612 at 02:20:43.519
starting worker pid=15818 on localhost:11612 at 02:20:43.539
starting worker pid=17518 on localhost:11612 at 02:21:28.092
starting worker pid=17521 on localhost:11612 at 02:21:28.092
starting worker pid=17519 on localhost:11612 at 02:21:28.092
starting worker pid=17522 on localhost:11612 at 02:21:28.098
starting worker pid=17524 on localhost:11612 at 02:21:28.103
starting worker pid=17520 on localhost:11612 at 02:21:28.104
starting worker pid=17523 on localhost:11612 at 02:21:28.107
starting worker pid=17517 on localhost:11612 at 02:21:28.122

=== dataset_3_types_unequal ===
Running SAVER x4...
starting worker pid=19002 on localhost:11612 at 02:22:04.915
starting worker pid=18997 on localhost:11612 at 02:22:04.915
starting worker pid=19000 on localhost:11612 at 02:22:04.915
starting worker pid=18996 on localhost:11612 at 02:22:04.915
starting worker pid=19001 on localhost:11612 at 02:22:04.915
starting worker pid=18998 on localhost:11612 at 02:22:04.915
starting worker pid=18999 on localhost:11612 at 02:22:04.936
starting worker pid=19003 on localhost:11612 at 02:22:04.947
  [saver] Saved imputed matrix to results_imputation_r/saver/cells_1000/dataset_3_types_unequal_saver.rds
starting worker pid=20392 on localhost:11612 at 02:22:39.708
starting worker pid=20398 on localhost:11612 at 02:22:39.709
starting worker pid=20397 on localhost:11612 at 02:22:39.709
starting worker pid=20394 on localhost:11612 at 02:22:39.710
starting worker pid=20393 on localhost:11612 at 02:22:39.711
starting worker pid=20395 on localhost:11612 at 02:22:39.714
starting worker pid=20396 on localhost:11612 at 02:22:39.734
starting worker pid=20399 on localhost:11612 at 02:22:39.754
starting worker pid=21908 on localhost:11612 at 02:23:21.339
starting worker pid=21906 on localhost:11612 at 02:23:21.339
starting worker pid=21913 on localhost:11612 at 02:23:21.341
starting worker pid=21910 on localhost:11612 at 02:23:21.341
starting worker pid=21909 on localhost:11612 at 02:23:21.342
starting worker pid=21907 on localhost:11612 at 02:23:21.342
starting worker pid=21912 on localhost:11612 at 02:23:21.343
starting worker pid=21911 on localhost:11612 at 02:23:21.344
starting worker pid=23187 on localhost:11612 at 02:24:00.433
starting worker pid=23189 on localhost:11612 at 02:24:00.433
starting worker pid=23190 on localhost:11612 at 02:24:00.434
starting worker pid=23188 on localhost:11612 at 02:24:00.434
starting worker pid=23192 on localhost:11612 at 02:24:00.437
starting worker pid=23194 on localhost:11612 at 02:24:00.443
starting worker pid=23193 on localhost:11612 at 02:24:00.470
starting worker pid=23191 on localhost:11612 at 02:24:00.474

=== dataset_4_types_rare ===
Running SAVER x4...
starting worker pid=24277 on localhost:11612 at 02:24:34.423
starting worker pid=24272 on localhost:11612 at 02:24:34.427
starting worker pid=24270 on localhost:11612 at 02:24:34.427
starting worker pid=24274 on localhost:11612 at 02:24:34.427
starting worker pid=24271 on localhost:11612 at 02:24:34.428
starting worker pid=24276 on localhost:11612 at 02:24:34.433
starting worker pid=24275 on localhost:11612 at 02:24:34.451
starting worker pid=24273 on localhost:11612 at 02:24:34.454
  [saver] Saved imputed matrix to results_imputation_r/saver/cells_1000/dataset_4_types_rare_saver.rds
starting worker pid=25948 on localhost:11612 at 02:25:10.028
starting worker pid=25946 on localhost:11612 at 02:25:10.028
starting worker pid=25950 on localhost:11612 at 02:25:10.029
starting worker pid=25951 on localhost:11612 at 02:25:10.030
starting worker pid=25947 on localhost:11612 at 02:25:10.031
starting worker pid=25949 on localhost:11612 at 02:25:10.032
starting worker pid=25944 on localhost:11612 at 02:25:10.032
starting worker pid=25945 on localhost:11612 at 02:25:10.036
starting worker pid=27633 on localhost:11612 at 02:25:53.112
starting worker pid=27630 on localhost:11612 at 02:25:53.113
starting worker pid=27627 on localhost:11612 at 02:25:53.113
starting worker pid=27628 on localhost:11612 at 02:25:53.113
starting worker pid=27631 on localhost:11612 at 02:25:53.113
starting worker pid=27629 on localhost:11612 at 02:25:53.115
starting worker pid=27634 on localhost:11612 at 02:25:53.115
starting worker pid=27632 on localhost:11612 at 02:25:53.122
starting worker pid=28700 on localhost:11612 at 02:26:29.460
starting worker pid=28701 on localhost:11612 at 02:26:29.460
starting worker pid=28699 on localhost:11612 at 02:26:29.460
starting worker pid=28696 on localhost:11612 at 02:26:29.462
starting worker pid=28702 on localhost:11612 at 02:26:29.465
starting worker pid=28695 on localhost:11612 at 02:26:29.466
starting worker pid=28697 on localhost:11612 at 02:26:29.467
starting worker pid=28698 on localhost:11612 at 02:26:29.470

=== dataset_multibatch_dropout ===
Running SAVER x4...
starting worker pid=29832 on localhost:11612 at 02:27:06.222
starting worker pid=29839 on localhost:11612 at 02:27:06.222
starting worker pid=29833 on localhost:11612 at 02:27:06.222
starting worker pid=29835 on localhost:11612 at 02:27:06.222
starting worker pid=29834 on localhost:11612 at 02:27:06.222
starting worker pid=29838 on localhost:11612 at 02:27:06.229
starting worker pid=29837 on localhost:11612 at 02:27:06.231
starting worker pid=29836 on localhost:11612 at 02:27:06.245
  [saver] Saved imputed matrix to results_imputation_r/saver/cells_1000/dataset_multibatch_dropout_saver.rds
starting worker pid=30786 on localhost:11612 at 02:27:38.889
starting worker pid=30788 on localhost:11612 at 02:27:38.892
starting worker pid=30787 on localhost:11612 at 02:27:38.892
starting worker pid=30792 on localhost:11612 at 02:27:38.896
starting worker pid=30790 on localhost:11612 at 02:27:38.898
starting worker pid=30789 on localhost:11612 at 02:27:38.904
starting worker pid=30793 on localhost:11612 at 02:27:38.918
starting worker pid=30791 on localhost:11612 at 02:27:38.920
starting worker pid=32194 on localhost:11612 at 02:28:15.471
starting worker pid=32191 on localhost:11612 at 02:28:15.475
starting worker pid=32193 on localhost:11612 at 02:28:15.479
starting worker pid=32192 on localhost:11612 at 02:28:15.480
starting worker pid=32190 on localhost:11612 at 02:28:15.484
starting worker pid=32195 on localhost:11612 at 02:28:15.485
starting worker pid=32196 on localhost:11612 at 02:28:15.494
starting worker pid=32189 on localhost:11612 at 02:28:15.508
starting worker pid=33643 on localhost:11612 at 02:28:49.677
starting worker pid=33648 on localhost:11612 at 02:28:49.677
starting worker pid=33647 on localhost:11612 at 02:28:49.678
starting worker pid=33645 on localhost:11612 at 02:28:49.680
starting worker pid=33650 on localhost:11612 at 02:28:49.681
starting worker pid=33649 on localhost:11612 at 02:28:49.681
starting worker pid=33644 on localhost:11612 at 02:28:49.690
starting worker pid=33646 on localhost:11612 at 02:28:49.714
Wrote results_imputation_r/saver/cells_1000/saver_mse_table.tsv

Done.
