Processing saver cells_20000...
Running SAVER with 8 worker(s)
1096 genes, 20000 cells
Running SAVER with 8 worker(s)
Calculating predictions for 1096 genes using 980 genes and 20000 cells...
Start time: 2026-02-08 02:29:53.331099
Estimating finish time...
Loading required package: SAVER
loaded SAVER and set parent environment
Loading required package: SAVER
loaded SAVER and set parent environment
Loading required package: SAVER
loaded SAVER and set parent environment
Loading required package: SAVER
loaded SAVER and set parent environment
Loading required package: SAVER
loaded SAVER and set parent environment
Loading required package: SAVER
loaded SAVER and set parent environment
Loading required package: SAVER
loaded SAVER and set parent environment
Loading required package: SAVER
loaded SAVER and set parent environment
Finished 8/1096 genes. Approximate finish time: 2026-02-08 02:37:02.133409
Calculating max cor cutoff...
loaded SAVER and set parent environment
loaded SAVER and set parent environment
loaded SAVER and set parent environment
loaded SAVER and set parent environment
loaded SAVER and set parent environment
loaded SAVER and set parent environment
loaded SAVER and set parent environment
loaded SAVER and set parent environment
Finished 100/1096 genes. Approximate finish time: 2026-02-08 02:37:33.754975
Calculating lambda coefficients...
loaded SAVER and set parent environment
loaded SAVER and set parent environment
loaded SAVER and set parent environment
loaded SAVER and set parent environment
loaded SAVER and set parent environment
loaded SAVER and set parent environment
loaded SAVER and set parent environment
loaded SAVER and set parent environment
Finished 202/1096 genes. Approximate finish time: 2026-02-08 02:40:03.057928
Predicting remaining genes...
loaded SAVER and set parent environment
loaded SAVER and set parent environment
loaded SAVER and set parent environment
loaded SAVER and set parent environment
loaded SAVER and set parent environment
loaded SAVER and set parent environment
loaded SAVER and set parent environment
loaded SAVER and set parent environment
Finished 426/1096 genes. Approximate finish time: 2026-02-08 02:43:35.866535
Predicting remaining genes...
loaded SAVER and set parent environment
loaded SAVER and set parent environment
loaded SAVER and set parent environment
loaded SAVER and set parent environment
loaded SAVER and set parent environment
loaded SAVER and set parent environment
loaded SAVER and set parent environment
loaded SAVER and set parent environment
Done!
Finish time: 2026-02-08 02:43:34.099676
Total time: 13.67947 mins
1096 genes, 20000 cells
Running SAVER with 8 worker(s)
Calculating predictions for 1096 genes using 980 genes and 20000 cells...
Start time: 2026-02-08 02:43:47.065274
Estimating finish time...
Loading required package: SAVER
loaded SAVER and set parent environment
Loading required package: SAVER
loaded SAVER and set parent environment
Loading required package: SAVER
loaded SAVER and set parent environment
Loading required package: SAVER
loaded SAVER and set parent environment
Loading required package: SAVER
loaded SAVER and set parent environment
Loading required package: SAVER
loaded SAVER and set parent environment
Loading required package: SAVER
loaded SAVER and set parent environment
Loading required package: SAVER
loaded SAVER and set parent environment
Finished 8/1096 genes. Approximate finish time: 2026-02-08 02:51:00.739938
Calculating max cor cutoff...
loaded SAVER and set parent environment
loaded SAVER and set parent environment
loaded SAVER and set parent environment
loaded SAVER and set parent environment
loaded SAVER and set parent environment
loaded SAVER and set parent environment
loaded SAVER and set parent environment
loaded SAVER and set parent environment
Finished 100/1096 genes. Approximate finish time: 2026-02-08 02:52:15.337229
Calculating lambda coefficients...
loaded SAVER and set parent environment
loaded SAVER and set parent environment
loaded SAVER and set parent environment
loaded SAVER and set parent environment
loaded SAVER and set parent environment
loaded SAVER and set parent environment
loaded SAVER and set parent environment
loaded SAVER and set parent environment
Finished 202/1096 genes. Approximate finish time: 2026-02-08 02:54:11.860132
Predicting remaining genes...
loaded SAVER and set parent environment
loaded SAVER and set parent environment
loaded SAVER and set parent environment
loaded SAVER and set parent environment
loaded SAVER and set parent environment
loaded SAVER and set parent environment
loaded SAVER and set parent environment
loaded SAVER and set parent environment
Finished 426/1096 genes. Approximate finish time: 2026-02-08 02:57:55.465212
Predicting remaining genes...
loaded SAVER and set parent environment
loaded SAVER and set parent environment
loaded SAVER and set parent environment
loaded SAVER and set parent environment
loaded SAVER and set parent environment
loaded SAVER and set parent environment
loaded SAVER and set parent environment
loaded SAVER and set parent environment
Done!
Finish time: 2026-02-08 02:57:38.51937
Total time: 13.85756 mins
1096 genes, 20000 cells
Running SAVER with 8 worker(s)
Calculating predictions for 1096 genes using 980 genes and 20000 cells...
Start time: 2026-02-08 02:57:46.502271
Estimating finish time...
Loading required package: SAVER
loaded SAVER and set parent environment
Loading required package: SAVER
loaded SAVER and set parent environment
Loading required package: SAVER
loaded SAVER and set parent environment
Loading required package: SAVER
loaded SAVER and set parent environment
Loading required package: SAVER
loaded SAVER and set parent environment
Loading required package: SAVER
loaded SAVER and set parent environment
Loading required package: SAVER
loaded SAVER and set parent environment
Loading required package: SAVER
loaded SAVER and set parent environment
Finished 8/1096 genes. Approximate finish time: 2026-02-08 03:04:35.153
Calculating max cor cutoff...
loaded SAVER and set parent environment
loaded SAVER and set parent environment
loaded SAVER and set parent environment
loaded SAVER and set parent environment
loaded SAVER and set parent environment
loaded SAVER and set parent environment
loaded SAVER and set parent environment
loaded SAVER and set parent environment
Finished 100/1096 genes. Approximate finish time: 2026-02-08 03:05:55.834962
Calculating lambda coefficients...
loaded SAVER and set parent environment
loaded SAVER and set parent environment
loaded SAVER and set parent environment
loaded SAVER and set parent environment
loaded SAVER and set parent environment
loaded SAVER and set parent environment
loaded SAVER and set parent environment
loaded SAVER and set parent environment
Finished 205/1096 genes. Approximate finish time: 2026-02-08 03:06:23.82399
Predicting remaining genes...
loaded SAVER and set parent environment
loaded SAVER and set parent environment
loaded SAVER and set parent environment
loaded SAVER and set parent environment
loaded SAVER and set parent environment
loaded SAVER and set parent environment
loaded SAVER and set parent environment
loaded SAVER and set parent environment
Finished 428/1096 genes. Approximate finish time: 2026-02-08 03:10:04.226658
Predicting remaining genes...
loaded SAVER and set parent environment
loaded SAVER and set parent environment
loaded SAVER and set parent environment
loaded SAVER and set parent environment
loaded SAVER and set parent environment
loaded SAVER and set parent environment
loaded SAVER and set parent environment
loaded SAVER and set parent environment
Done!
Finish time: 2026-02-08 03:10:10.622536
Total time: 12.402 mins
1096 genes, 20000 cells
Running SAVER with 8 worker(s)
Calculating predictions for 1096 genes using 980 genes and 20000 cells...
Start time: 2026-02-08 03:10:19.39468
Estimating finish time...
Loading required package: SAVER
loaded SAVER and set parent environment
Loading required package: SAVER
loaded SAVER and set parent environment
Loading required package: SAVER
loaded SAVER and set parent environment
Loading required package: SAVER
loaded SAVER and set parent environment
Loading required package: SAVER
loaded SAVER and set parent environment
Loading required package: SAVER
loaded SAVER and set parent environment
Loading required package: SAVER
loaded SAVER and set parent environment
Loading required package: SAVER
loaded SAVER and set parent environment
Finished 8/1096 genes. Approximate finish time: 2026-02-08 03:17:58.793089
Calculating max cor cutoff...
loaded SAVER and set parent environment
loaded SAVER and set parent environment
loaded SAVER and set parent environment
loaded SAVER and set parent environment
loaded SAVER and set parent environment
loaded SAVER and set parent environment
loaded SAVER and set parent environment
loaded SAVER and set parent environment
Finished 100/1096 genes. Approximate finish time: 2026-02-08 03:20:25.822922
Calculating lambda coefficients...
loaded SAVER and set parent environment
loaded SAVER and set parent environment
loaded SAVER and set parent environment
loaded SAVER and set parent environment
loaded SAVER and set parent environment
loaded SAVER and set parent environment
loaded SAVER and set parent environment
loaded SAVER and set parent environment
Finished 206/1096 genes. Approximate finish time: 2026-02-08 03:20:54.757245
Predicting remaining genes...
loaded SAVER and set parent environment
loaded SAVER and set parent environment
loaded SAVER and set parent environment
loaded SAVER and set parent environment
loaded SAVER and set parent environment
loaded SAVER and set parent environment
loaded SAVER and set parent environment
loaded SAVER and set parent environment
Finished 429/1096 genes. Approximate finish time: 2026-02-08 03:24:31.237625
Predicting remaining genes...
loaded SAVER and set parent environment
loaded SAVER and set parent environment
loaded SAVER and set parent environment
loaded SAVER and set parent environment
loaded SAVER and set parent environment
loaded SAVER and set parent environment
loaded SAVER and set parent environment
loaded SAVER and set parent environment
Done!
Finish time: 2026-02-08 03:24:21.279037
Total time: 14.0314 mins
Running SAVER with 8 worker(s)
1094 genes, 20000 cells
Running SAVER with 8 worker(s)
Calculating predictions for 1094 genes using 986 genes and 20000 cells...
Start time: 2026-02-08 03:24:40.739402
Estimating finish time...
Loading required package: SAVER
loaded SAVER and set parent environment
Loading required package: SAVER
loaded SAVER and set parent environment
Loading required package: SAVER
loaded SAVER and set parent environment
Loading required package: SAVER
loaded SAVER and set parent environment
Loading required package: SAVER
loaded SAVER and set parent environment
Loading required package: SAVER
loaded SAVER and set parent environment
Loading required package: SAVER
loaded SAVER and set parent environment
Loading required package: SAVER
loaded SAVER and set parent environment
Finished 8/1094 genes. Approximate finish time: 2026-02-08 03:31:29.890891
Calculating max cor cutoff...
loaded SAVER and set parent environment
loaded SAVER and set parent environment
loaded SAVER and set parent environment
loaded SAVER and set parent environment
loaded SAVER and set parent environment
loaded SAVER and set parent environment
loaded SAVER and set parent environment
loaded SAVER and set parent environment
Finished 100/1094 genes. Approximate finish time: 2026-02-08 03:33:32.231139
Calculating lambda coefficients...
loaded SAVER and set parent environment
loaded SAVER and set parent environment
loaded SAVER and set parent environment
loaded SAVER and set parent environment
loaded SAVER and set parent environment
loaded SAVER and set parent environment
loaded SAVER and set parent environment
loaded SAVER and set parent environment
Finished 205/1094 genes. Approximate finish time: 2026-02-08 03:34:42.104238
Predicting remaining genes...
loaded SAVER and set parent environment
loaded SAVER and set parent environment
loaded SAVER and set parent environment
loaded SAVER and set parent environment
loaded SAVER and set parent environment
loaded SAVER and set parent environment
loaded SAVER and set parent environment
loaded SAVER and set parent environment
Finished 428/1094 genes. Approximate finish time: 2026-02-08 03:37:41.315577
Predicting remaining genes...
loaded SAVER and set parent environment
loaded SAVER and set parent environment
loaded SAVER and set parent environment
loaded SAVER and set parent environment
loaded SAVER and set parent environment
loaded SAVER and set parent environment
loaded SAVER and set parent environment
loaded SAVER and set parent environment
Done!
Finish time: 2026-02-08 03:37:44.606576
Total time: 13.06445 mins
1094 genes, 20000 cells
Running SAVER with 8 worker(s)
Calculating predictions for 1094 genes using 986 genes and 20000 cells...
Start time: 2026-02-08 03:37:59.476305
Estimating finish time...
Loading required package: SAVER
loaded SAVER and set parent environment
Loading required package: SAVER
loaded SAVER and set parent environment
Loading required package: SAVER
loaded SAVER and set parent environment
Loading required package: SAVER
loaded SAVER and set parent environment
Loading required package: SAVER
loaded SAVER and set parent environment
Loading required package: SAVER
loaded SAVER and set parent environment
Loading required package: SAVER
loaded SAVER and set parent environment
Loading required package: SAVER
loaded SAVER and set parent environment
Finished 8/1094 genes. Approximate finish time: 2026-02-08 03:45:13.963954
Calculating max cor cutoff...
loaded SAVER and set parent environment
loaded SAVER and set parent environment
loaded SAVER and set parent environment
loaded SAVER and set parent environment
loaded SAVER and set parent environment
loaded SAVER and set parent environment
loaded SAVER and set parent environment
loaded SAVER and set parent environment
Finished 100/1094 genes. Approximate finish time: 2026-02-08 03:46:23.595221
Calculating lambda coefficients...
loaded SAVER and set parent environment
loaded SAVER and set parent environment
loaded SAVER and set parent environment
loaded SAVER and set parent environment
loaded SAVER and set parent environment
loaded SAVER and set parent environment
loaded SAVER and set parent environment
loaded SAVER and set parent environment
Finished 207/1094 genes. Approximate finish time: 2026-02-08 03:46:22.635265
Predicting remaining genes...
loaded SAVER and set parent environment
loaded SAVER and set parent environment
loaded SAVER and set parent environment
loaded SAVER and set parent environment
loaded SAVER and set parent environment
loaded SAVER and set parent environment
loaded SAVER and set parent environment
loaded SAVER and set parent environment
Finished 429/1094 genes. Approximate finish time: 2026-02-08 03:50:07.773555
Predicting remaining genes...
loaded SAVER and set parent environment
loaded SAVER and set parent environment
loaded SAVER and set parent environment
loaded SAVER and set parent environment
loaded SAVER and set parent environment
loaded SAVER and set parent environment
loaded SAVER and set parent environment
loaded SAVER and set parent environment
Done!
Finish time: 2026-02-08 03:49:31.479664
Total time: 11.53338 mins
1094 genes, 20000 cells
Running SAVER with 8 worker(s)
Calculating predictions for 1094 genes using 986 genes and 20000 cells...
Start time: 2026-02-08 03:49:40.526721
Estimating finish time...
Loading required package: SAVER
loaded SAVER and set parent environment
Loading required package: SAVER
loaded SAVER and set parent environment
Loading required package: SAVER
loaded SAVER and set parent environment
Loading required package: SAVER
loaded SAVER and set parent environment
Loading required package: SAVER
loaded SAVER and set parent environment
Loading required package: SAVER
loaded SAVER and set parent environment
Loading required package: SAVER
loaded SAVER and set parent environment
Loading required package: SAVER
loaded SAVER and set parent environment
Finished 8/1094 genes. Approximate finish time: 2026-02-08 03:55:57.75545
Calculating max cor cutoff...
loaded SAVER and set parent environment
loaded SAVER and set parent environment
loaded SAVER and set parent environment
loaded SAVER and set parent environment
loaded SAVER and set parent environment
loaded SAVER and set parent environment
loaded SAVER and set parent environment
loaded SAVER and set parent environment
Finished 100/1094 genes. Approximate finish time: 2026-02-08 03:57:41.817563
Calculating lambda coefficients...
loaded SAVER and set parent environment
loaded SAVER and set parent environment
loaded SAVER and set parent environment
loaded SAVER and set parent environment
loaded SAVER and set parent environment
loaded SAVER and set parent environment
loaded SAVER and set parent environment
loaded SAVER and set parent environment
Finished 209/1094 genes. Approximate finish time: 2026-02-08 03:57:57.831895
Predicting remaining genes...
loaded SAVER and set parent environment
loaded SAVER and set parent environment
loaded SAVER and set parent environment
loaded SAVER and set parent environment
loaded SAVER and set parent environment
loaded SAVER and set parent environment
loaded SAVER and set parent environment
loaded SAVER and set parent environment
Finished 431/1094 genes. Approximate finish time: 2026-02-08 04:01:31.051534
Predicting remaining genes...
loaded SAVER and set parent environment
loaded SAVER and set parent environment
loaded SAVER and set parent environment
loaded SAVER and set parent environment
loaded SAVER and set parent environment
loaded SAVER and set parent environment
loaded SAVER and set parent environment
loaded SAVER and set parent environment
Done!
Finish time: 2026-02-08 04:01:04.479591
Total time: 11.39921 mins
1094 genes, 20000 cells
Running SAVER with 8 worker(s)
Calculating predictions for 1094 genes using 986 genes and 20000 cells...
Start time: 2026-02-08 04:01:13.264006
Estimating finish time...
Loading required package: SAVER
loaded SAVER and set parent environment
Loading required package: SAVER
loaded SAVER and set parent environment
Loading required package: SAVER
loaded SAVER and set parent environment
Loading required package: SAVER
loaded SAVER and set parent environment
Loading required package: SAVER
loaded SAVER and set parent environment
Loading required package: SAVER
loaded SAVER and set parent environment
Loading required package: SAVER
loaded SAVER and set parent environment
Loading required package: SAVER
loaded SAVER and set parent environment
Finished 8/1094 genes. Approximate finish time: 2026-02-08 04:07:24.459472
Calculating max cor cutoff...
loaded SAVER and set parent environment
loaded SAVER and set parent environment
loaded SAVER and set parent environment
loaded SAVER and set parent environment
loaded SAVER and set parent environment
loaded SAVER and set parent environment
loaded SAVER and set parent environment
loaded SAVER and set parent environment
Finished 100/1094 genes. Approximate finish time: 2026-02-08 04:09:37.978587
Calculating lambda coefficients...
loaded SAVER and set parent environment
loaded SAVER and set parent environment
loaded SAVER and set parent environment
loaded SAVER and set parent environment
loaded SAVER and set parent environment
loaded SAVER and set parent environment
loaded SAVER and set parent environment
loaded SAVER and set parent environment
Finished 209/1094 genes. Approximate finish time: 2026-02-08 04:10:09.616977
Predicting remaining genes...
loaded SAVER and set parent environment
loaded SAVER and set parent environment
loaded SAVER and set parent environment
loaded SAVER and set parent environment
loaded SAVER and set parent environment
loaded SAVER and set parent environment
loaded SAVER and set parent environment
loaded SAVER and set parent environment
Finished 431/1094 genes. Approximate finish time: 2026-02-08 04:12:57.251134
Predicting remaining genes...
loaded SAVER and set parent environment
loaded SAVER and set parent environment
loaded SAVER and set parent environment
loaded SAVER and set parent environment
loaded SAVER and set parent environment
loaded SAVER and set parent environment
loaded SAVER and set parent environment
loaded SAVER and set parent environment
Done!
Finish time: 2026-02-08 04:13:09.030945
Total time: 11.92944 mins
Running SAVER with 8 worker(s)
1095 genes, 20000 cells
Running SAVER with 8 worker(s)
Calculating predictions for 1095 genes using 1002 genes and 20000 cells...
Start time: 2026-02-08 04:13:26.659311
Estimating finish time...
Loading required package: SAVER
loaded SAVER and set parent environment
Loading required package: SAVER
loaded SAVER and set parent environment
Loading required package: SAVER
loaded SAVER and set parent environment
Loading required package: SAVER
loaded SAVER and set parent environment
Loading required package: SAVER
loaded SAVER and set parent environment
Loading required package: SAVER
loaded SAVER and set parent environment
Loading required package: SAVER
loaded SAVER and set parent environment
Loading required package: SAVER
loaded SAVER and set parent environment
Finished 8/1095 genes. Approximate finish time: 2026-02-08 04:20:25.18563
Calculating max cor cutoff...
loaded SAVER and set parent environment
loaded SAVER and set parent environment
loaded SAVER and set parent environment
loaded SAVER and set parent environment
loaded SAVER and set parent environment
loaded SAVER and set parent environment
loaded SAVER and set parent environment
loaded SAVER and set parent environment
Finished 100/1095 genes. Approximate finish time: 2026-02-08 04:22:46.154665
Calculating lambda coefficients...
loaded SAVER and set parent environment
loaded SAVER and set parent environment
loaded SAVER and set parent environment
loaded SAVER and set parent environment
loaded SAVER and set parent environment
loaded SAVER and set parent environment
loaded SAVER and set parent environment
loaded SAVER and set parent environment
Finished 215/1095 genes. Approximate finish time: 2026-02-08 04:24:00.100922
Predicting remaining genes...
loaded SAVER and set parent environment
loaded SAVER and set parent environment
loaded SAVER and set parent environment
loaded SAVER and set parent environment
loaded SAVER and set parent environment
loaded SAVER and set parent environment
loaded SAVER and set parent environment
loaded SAVER and set parent environment
Finished 435/1095 genes. Approximate finish time: 2026-02-08 04:28:35.707617
Predicting remaining genes...
loaded SAVER and set parent environment
loaded SAVER and set parent environment
loaded SAVER and set parent environment
loaded SAVER and set parent environment
loaded SAVER and set parent environment
loaded SAVER and set parent environment
loaded SAVER and set parent environment
loaded SAVER and set parent environment
Done!
Finish time: 2026-02-08 04:28:03.316511
Total time: 14.61095 mins
1095 genes, 20000 cells
Running SAVER with 8 worker(s)
Calculating predictions for 1095 genes using 1002 genes and 20000 cells...
Start time: 2026-02-08 04:28:16.000342
Estimating finish time...
Loading required package: SAVER
loaded SAVER and set parent environment
Loading required package: SAVER
loaded SAVER and set parent environment
Loading required package: SAVER
loaded SAVER and set parent environment
Loading required package: SAVER
loaded SAVER and set parent environment
Loading required package: SAVER
loaded SAVER and set parent environment
Loading required package: SAVER
loaded SAVER and set parent environment
Loading required package: SAVER
loaded SAVER and set parent environment
Loading required package: SAVER
loaded SAVER and set parent environment
Finished 8/1095 genes. Approximate finish time: 2026-02-08 04:34:11.293433
Calculating max cor cutoff...
loaded SAVER and set parent environment
loaded SAVER and set parent environment
loaded SAVER and set parent environment
loaded SAVER and set parent environment
loaded SAVER and set parent environment
loaded SAVER and set parent environment
loaded SAVER and set parent environment
loaded SAVER and set parent environment
Finished 100/1095 genes. Approximate finish time: 2026-02-08 04:36:46.016804
Calculating lambda coefficients...
loaded SAVER and set parent environment
loaded SAVER and set parent environment
loaded SAVER and set parent environment
loaded SAVER and set parent environment
loaded SAVER and set parent environment
loaded SAVER and set parent environment
loaded SAVER and set parent environment
loaded SAVER and set parent environment
Finished 207/1095 genes. Approximate finish time: 2026-02-08 04:37:23.848817
Predicting remaining genes...
loaded SAVER and set parent environment
loaded SAVER and set parent environment
loaded SAVER and set parent environment
loaded SAVER and set parent environment
loaded SAVER and set parent environment
loaded SAVER and set parent environment
loaded SAVER and set parent environment
loaded SAVER and set parent environment
Finished 429/1095 genes. Approximate finish time: 2026-02-08 04:41:48.607191
Predicting remaining genes...
loaded SAVER and set parent environment
loaded SAVER and set parent environment
loaded SAVER and set parent environment
loaded SAVER and set parent environment
loaded SAVER and set parent environment
loaded SAVER and set parent environment
loaded SAVER and set parent environment
loaded SAVER and set parent environment
Done!
Finish time: 2026-02-08 04:41:25.650922
Total time: 13.16084 mins
1095 genes, 20000 cells
Running SAVER with 8 worker(s)
Calculating predictions for 1095 genes using 1002 genes and 20000 cells...
Start time: 2026-02-08 04:41:33.751265
Estimating finish time...
Loading required package: SAVER
loaded SAVER and set parent environment
Loading required package: SAVER
loaded SAVER and set parent environment
Loading required package: SAVER
loaded SAVER and set parent environment
Loading required package: SAVER
loaded SAVER and set parent environment
Loading required package: SAVER
loaded SAVER and set parent environment
Loading required package: SAVER
loaded SAVER and set parent environment
Loading required package: SAVER
loaded SAVER and set parent environment
Loading required package: SAVER
loaded SAVER and set parent environment
Finished 8/1095 genes. Approximate finish time: 2026-02-08 04:47:18.483292
Calculating max cor cutoff...
loaded SAVER and set parent environment
loaded SAVER and set parent environment
loaded SAVER and set parent environment
loaded SAVER and set parent environment
loaded SAVER and set parent environment
loaded SAVER and set parent environment
loaded SAVER and set parent environment
loaded SAVER and set parent environment
Finished 100/1095 genes. Approximate finish time: 2026-02-08 04:49:52.90427
Calculating lambda coefficients...
loaded SAVER and set parent environment
loaded SAVER and set parent environment
loaded SAVER and set parent environment
loaded SAVER and set parent environment
loaded SAVER and set parent environment
loaded SAVER and set parent environment
loaded SAVER and set parent environment
loaded SAVER and set parent environment
Finished 209/1095 genes. Approximate finish time: 2026-02-08 04:50:28.099066
Predicting remaining genes...
loaded SAVER and set parent environment
loaded SAVER and set parent environment
loaded SAVER and set parent environment
loaded SAVER and set parent environment
loaded SAVER and set parent environment
loaded SAVER and set parent environment
loaded SAVER and set parent environment
loaded SAVER and set parent environment
Finished 431/1095 genes. Approximate finish time: 2026-02-08 04:54:02.975319
Predicting remaining genes...
loaded SAVER and set parent environment
loaded SAVER and set parent environment
loaded SAVER and set parent environment
loaded SAVER and set parent environment
loaded SAVER and set parent environment
loaded SAVER and set parent environment
loaded SAVER and set parent environment
loaded SAVER and set parent environment
Done!
Finish time: 2026-02-08 04:54:14.455077
Total time: 12.67839 mins
1095 genes, 20000 cells
Running SAVER with 8 worker(s)
Calculating predictions for 1095 genes using 1002 genes and 20000 cells...
Start time: 2026-02-08 04:54:23.114503
Estimating finish time...
Loading required package: SAVER
loaded SAVER and set parent environment
Loading required package: SAVER
loaded SAVER and set parent environment
Loading required package: SAVER
loaded SAVER and set parent environment
Loading required package: SAVER
loaded SAVER and set parent environment
Loading required package: SAVER
loaded SAVER and set parent environment
Loading required package: SAVER
loaded SAVER and set parent environment
Loading required package: SAVER
loaded SAVER and set parent environment
Loading required package: SAVER
loaded SAVER and set parent environment
Finished 8/1095 genes. Approximate finish time: 2026-02-08 05:01:22.787355
Calculating max cor cutoff...
loaded SAVER and set parent environment
loaded SAVER and set parent environment
loaded SAVER and set parent environment
loaded SAVER and set parent environment
loaded SAVER and set parent environment
loaded SAVER and set parent environment
loaded SAVER and set parent environment
loaded SAVER and set parent environment
Finished 100/1095 genes. Approximate finish time: 2026-02-08 05:02:10.108596
Calculating lambda coefficients...
loaded SAVER and set parent environment
loaded SAVER and set parent environment
loaded SAVER and set parent environment
loaded SAVER and set parent environment
loaded SAVER and set parent environment
loaded SAVER and set parent environment
loaded SAVER and set parent environment
loaded SAVER and set parent environment
Finished 202/1095 genes. Approximate finish time: 2026-02-08 05:02:48.236268
Predicting remaining genes...
loaded SAVER and set parent environment
loaded SAVER and set parent environment
loaded SAVER and set parent environment
loaded SAVER and set parent environment
loaded SAVER and set parent environment
loaded SAVER and set parent environment
loaded SAVER and set parent environment
loaded SAVER and set parent environment
Finished 426/1095 genes. Approximate finish time: 2026-02-08 05:06:21.841716
Predicting remaining genes...
loaded SAVER and set parent environment
loaded SAVER and set parent environment
loaded SAVER and set parent environment
loaded SAVER and set parent environment
loaded SAVER and set parent environment
loaded SAVER and set parent environment
loaded SAVER and set parent environment
loaded SAVER and set parent environment
Done!
Finish time: 2026-02-08 05:06:22.034151
Total time: 11.98199 mins
Running SAVER with 8 worker(s)
1097 genes, 20000 cells
Running SAVER with 8 worker(s)
Calculating predictions for 1097 genes using 996 genes and 20000 cells...
Start time: 2026-02-08 05:06:38.706181
Estimating finish time...
Loading required package: SAVER
loaded SAVER and set parent environment
Loading required package: SAVER
loaded SAVER and set parent environment
Loading required package: SAVER
loaded SAVER and set parent environment
Loading required package: SAVER
loaded SAVER and set parent environment
Loading required package: SAVER
loaded SAVER and set parent environment
Loading required package: SAVER
loaded SAVER and set parent environment
Loading required package: SAVER
loaded SAVER and set parent environment
Loading required package: SAVER
loaded SAVER and set parent environment
Finished 8/1097 genes. Approximate finish time: 2026-02-08 05:11:23.496747
Calculating max cor cutoff...
loaded SAVER and set parent environment
loaded SAVER and set parent environment
loaded SAVER and set parent environment
loaded SAVER and set parent environment
loaded SAVER and set parent environment
loaded SAVER and set parent environment
loaded SAVER and set parent environment
loaded SAVER and set parent environment
Finished 100/1097 genes. Approximate finish time: 2026-02-08 05:12:31.055912
Calculating lambda coefficients...
loaded SAVER and set parent environment
loaded SAVER and set parent environment
loaded SAVER and set parent environment
loaded SAVER and set parent environment
loaded SAVER and set parent environment
loaded SAVER and set parent environment
loaded SAVER and set parent environment
loaded SAVER and set parent environment
Finished 200/1097 genes. Approximate finish time: 2026-02-08 05:15:25.786922
Predicting remaining genes...
loaded SAVER and set parent environment
loaded SAVER and set parent environment
loaded SAVER and set parent environment
loaded SAVER and set parent environment
loaded SAVER and set parent environment
loaded SAVER and set parent environment
loaded SAVER and set parent environment
loaded SAVER and set parent environment
Finished 425/1097 genes. Approximate finish time: 2026-02-08 05:18:16.719617
Predicting remaining genes...
loaded SAVER and set parent environment
loaded SAVER and set parent environment
loaded SAVER and set parent environment
loaded SAVER and set parent environment
loaded SAVER and set parent environment
loaded SAVER and set parent environment
loaded SAVER and set parent environment
loaded SAVER and set parent environment
Done!
Finish time: 2026-02-08 05:18:17.404943
Total time: 11.64497 mins
1097 genes, 20000 cells
Running SAVER with 8 worker(s)
Calculating predictions for 1097 genes using 996 genes and 20000 cells...
Start time: 2026-02-08 05:18:31.384575
Estimating finish time...
Loading required package: SAVER
loaded SAVER and set parent environment
Loading required package: SAVER
loaded SAVER and set parent environment
Loading required package: SAVER
loaded SAVER and set parent environment
Loading required package: SAVER
loaded SAVER and set parent environment
Loading required package: SAVER
loaded SAVER and set parent environment
Loading required package: SAVER
loaded SAVER and set parent environment
Loading required package: SAVER
loaded SAVER and set parent environment
Loading required package: SAVER
loaded SAVER and set parent environment
Finished 8/1097 genes. Approximate finish time: 2026-02-08 05:24:25.745158
Calculating max cor cutoff...
loaded SAVER and set parent environment
loaded SAVER and set parent environment
loaded SAVER and set parent environment
loaded SAVER and set parent environment
loaded SAVER and set parent environment
loaded SAVER and set parent environment
loaded SAVER and set parent environment
loaded SAVER and set parent environment
Finished 100/1097 genes. Approximate finish time: 2026-02-08 05:25:39.360848
Calculating lambda coefficients...
loaded SAVER and set parent environment
loaded SAVER and set parent environment
loaded SAVER and set parent environment
loaded SAVER and set parent environment
loaded SAVER and set parent environment
loaded SAVER and set parent environment
loaded SAVER and set parent environment
loaded SAVER and set parent environment
Finished 200/1097 genes. Approximate finish time: 2026-02-08 05:27:04.799725
Predicting remaining genes...
loaded SAVER and set parent environment
loaded SAVER and set parent environment
loaded SAVER and set parent environment
loaded SAVER and set parent environment
loaded SAVER and set parent environment
loaded SAVER and set parent environment
loaded SAVER and set parent environment
loaded SAVER and set parent environment
Finished 425/1097 genes. Approximate finish time: 2026-02-08 05:30:10.810055
Predicting remaining genes...
loaded SAVER and set parent environment
loaded SAVER and set parent environment
loaded SAVER and set parent environment
loaded SAVER and set parent environment
loaded SAVER and set parent environment
loaded SAVER and set parent environment
loaded SAVER and set parent environment
loaded SAVER and set parent environment
Done!
Finish time: 2026-02-08 05:30:00.042864
Total time: 11.47763 mins
1097 genes, 20000 cells
Running SAVER with 8 worker(s)
Calculating predictions for 1097 genes using 996 genes and 20000 cells...
Start time: 2026-02-08 05:30:07.81725
Estimating finish time...
Loading required package: SAVER
loaded SAVER and set parent environment
Loading required package: SAVER
loaded SAVER and set parent environment
Loading required package: SAVER
loaded SAVER and set parent environment
Loading required package: SAVER
loaded SAVER and set parent environment
Loading required package: SAVER
loaded SAVER and set parent environment
Loading required package: SAVER
loaded SAVER and set parent environment
Loading required package: SAVER
loaded SAVER and set parent environment
Loading required package: SAVER
loaded SAVER and set parent environment
Finished 8/1097 genes. Approximate finish time: 2026-02-08 05:35:16.62982
Calculating max cor cutoff...
loaded SAVER and set parent environment
loaded SAVER and set parent environment
loaded SAVER and set parent environment
loaded SAVER and set parent environment
loaded SAVER and set parent environment
loaded SAVER and set parent environment
loaded SAVER and set parent environment
loaded SAVER and set parent environment
Finished 100/1097 genes. Approximate finish time: 2026-02-08 05:37:07.347522
Calculating lambda coefficients...
loaded SAVER and set parent environment
loaded SAVER and set parent environment
loaded SAVER and set parent environment
loaded SAVER and set parent environment
loaded SAVER and set parent environment
loaded SAVER and set parent environment
loaded SAVER and set parent environment
loaded SAVER and set parent environment
Finished 200/1097 genes. Approximate finish time: 2026-02-08 05:40:30.463561
Predicting remaining genes...
loaded SAVER and set parent environment
loaded SAVER and set parent environment
loaded SAVER and set parent environment
loaded SAVER and set parent environment
loaded SAVER and set parent environment
loaded SAVER and set parent environment
loaded SAVER and set parent environment
loaded SAVER and set parent environment
Finished 425/1097 genes. Approximate finish time: 2026-02-08 05:43:26.326221
Predicting remaining genes...
loaded SAVER and set parent environment
loaded SAVER and set parent environment
loaded SAVER and set parent environment
loaded SAVER and set parent environment
loaded SAVER and set parent environment
loaded SAVER and set parent environment
loaded SAVER and set parent environment
loaded SAVER and set parent environment
Done!
Finish time: 2026-02-08 05:43:11.454893
Total time: 13.06062 mins
1097 genes, 20000 cells
Running SAVER with 8 worker(s)
Calculating predictions for 1097 genes using 996 genes and 20000 cells...
Start time: 2026-02-08 05:43:19.161501
Estimating finish time...
Loading required package: SAVER
loaded SAVER and set parent environment
Loading required package: SAVER
loaded SAVER and set parent environment
Loading required package: SAVER
loaded SAVER and set parent environment
Loading required package: SAVER
loaded SAVER and set parent environment
Loading required package: SAVER
loaded SAVER and set parent environment
Loading required package: SAVER
loaded SAVER and set parent environment
Loading required package: SAVER
loaded SAVER and set parent environment
Loading required package: SAVER
loaded SAVER and set parent environment
Finished 8/1097 genes. Approximate finish time: 2026-02-08 05:48:07.30603
Calculating max cor cutoff...
loaded SAVER and set parent environment
loaded SAVER and set parent environment
loaded SAVER and set parent environment
loaded SAVER and set parent environment
loaded SAVER and set parent environment
loaded SAVER and set parent environment
loaded SAVER and set parent environment
loaded SAVER and set parent environment
Finished 100/1097 genes. Approximate finish time: 2026-02-08 05:50:20.756125
Calculating lambda coefficients...
loaded SAVER and set parent environment
loaded SAVER and set parent environment
loaded SAVER and set parent environment
loaded SAVER and set parent environment
loaded SAVER and set parent environment
loaded SAVER and set parent environment
loaded SAVER and set parent environment
loaded SAVER and set parent environment
Finished 200/1097 genes. Approximate finish time: 2026-02-08 05:52:03.160757
Predicting remaining genes...
loaded SAVER and set parent environment
loaded SAVER and set parent environment
loaded SAVER and set parent environment
loaded SAVER and set parent environment
loaded SAVER and set parent environment
loaded SAVER and set parent environment
loaded SAVER and set parent environment
loaded SAVER and set parent environment
Finished 425/1097 genes. Approximate finish time: 2026-02-08 05:54:55.796257
Predicting remaining genes...
loaded SAVER and set parent environment
loaded SAVER and set parent environment
loaded SAVER and set parent environment
loaded SAVER and set parent environment
loaded SAVER and set parent environment
loaded SAVER and set parent environment
loaded SAVER and set parent environment
loaded SAVER and set parent environment
Done!
Finish time: 2026-02-08 05:54:49.815743
Total time: 11.5109 mins

=== dataset_2_types_equal ===
Running SAVER x4...
starting worker pid=36136 on localhost:11693 at 02:29:49.114
starting worker pid=36142 on localhost:11693 at 02:29:49.116
starting worker pid=36135 on localhost:11693 at 02:29:49.119
starting worker pid=36140 on localhost:11693 at 02:29:49.121
starting worker pid=36139 on localhost:11693 at 02:29:49.125
starting worker pid=36138 on localhost:11693 at 02:29:49.148
starting worker pid=36141 on localhost:11693 at 02:29:49.149
starting worker pid=36137 on localhost:11693 at 02:29:49.155
  [saver] Saved imputed matrix to results_imputation_r/saver/cells_20000/dataset_2_types_equal_saver.rds
starting worker pid=61759 on localhost:11693 at 02:43:44.101
starting worker pid=61762 on localhost:11693 at 02:43:44.101
starting worker pid=61760 on localhost:11693 at 02:43:44.101
starting worker pid=61757 on localhost:11693 at 02:43:44.108
starting worker pid=61761 on localhost:11693 at 02:43:44.112
starting worker pid=61763 on localhost:11693 at 02:43:44.114
starting worker pid=61758 on localhost:11693 at 02:43:44.117
starting worker pid=61756 on localhost:11693 at 02:43:44.135
starting worker pid=86934 on localhost:11693 at 02:57:44.176
starting worker pid=86929 on localhost:11693 at 02:57:44.176
starting worker pid=86933 on localhost:11693 at 02:57:44.176
starting worker pid=86931 on localhost:11693 at 02:57:44.176
starting worker pid=86932 on localhost:11693 at 02:57:44.177
starting worker pid=86936 on localhost:11693 at 02:57:44.200
starting worker pid=86930 on localhost:11693 at 02:57:44.200
starting worker pid=86935 on localhost:11693 at 02:57:44.208
starting worker pid=109226 on localhost:11693 at 03:10:16.666
starting worker pid=109225 on localhost:11693 at 03:10:16.666
starting worker pid=109224 on localhost:11693 at 03:10:16.666
starting worker pid=109227 on localhost:11693 at 03:10:16.667
starting worker pid=109221 on localhost:11693 at 03:10:16.668
starting worker pid=109223 on localhost:11693 at 03:10:16.669
starting worker pid=109222 on localhost:11693 at 03:10:16.669
starting worker pid=109228 on localhost:11693 at 03:10:16.697

=== dataset_3_types_unequal ===
Running SAVER x4...
starting worker pid=133199 on localhost:11693 at 03:24:37.398
starting worker pid=133192 on localhost:11693 at 03:24:37.398
starting worker pid=133194 on localhost:11693 at 03:24:37.398
starting worker pid=133196 on localhost:11693 at 03:24:37.401
starting worker pid=133195 on localhost:11693 at 03:24:37.420
starting worker pid=133198 on localhost:11693 at 03:24:37.420
starting worker pid=133197 on localhost:11693 at 03:24:37.421
starting worker pid=133193 on localhost:11693 at 03:24:37.421
  [saver] Saved imputed matrix to results_imputation_r/saver/cells_20000/dataset_3_types_unequal_saver.rds
starting worker pid=156448 on localhost:11693 at 03:37:56.022
starting worker pid=156449 on localhost:11693 at 03:37:56.026
starting worker pid=156453 on localhost:11693 at 03:37:56.027
starting worker pid=156454 on localhost:11693 at 03:37:56.027
starting worker pid=156447 on localhost:11693 at 03:37:56.047
starting worker pid=156452 on localhost:11693 at 03:37:56.056
starting worker pid=156451 on localhost:11693 at 03:37:56.064
starting worker pid=156450 on localhost:11693 at 03:37:56.067
starting worker pid=176122 on localhost:11693 at 03:49:37.459
starting worker pid=176119 on localhost:11693 at 03:49:37.459
starting worker pid=176116 on localhost:11693 at 03:49:37.459
starting worker pid=176117 on localhost:11693 at 03:49:37.459
starting worker pid=176118 on localhost:11693 at 03:49:37.459
starting worker pid=176120 on localhost:11693 at 03:49:37.474
starting worker pid=176121 on localhost:11693 at 03:49:37.475
starting worker pid=176123 on localhost:11693 at 03:49:37.483
starting worker pid=195245 on localhost:11693 at 04:01:09.801
starting worker pid=195244 on localhost:11693 at 04:01:09.801
starting worker pid=195243 on localhost:11693 at 04:01:09.801
starting worker pid=195239 on localhost:11693 at 04:01:09.801
starting worker pid=195241 on localhost:11693 at 04:01:09.801
starting worker pid=195238 on localhost:11693 at 04:01:09.801
starting worker pid=195242 on localhost:11693 at 04:01:09.801
starting worker pid=195240 on localhost:11693 at 04:01:09.809

=== dataset_4_types_rare ===
Running SAVER x4...
starting worker pid=215127 on localhost:11693 at 04:13:24.007
starting worker pid=215129 on localhost:11693 at 04:13:24.007
starting worker pid=215128 on localhost:11693 at 04:13:24.007
starting worker pid=215130 on localhost:11693 at 04:13:24.007
starting worker pid=215134 on localhost:11693 at 04:13:24.008
starting worker pid=215131 on localhost:11693 at 04:13:24.008
starting worker pid=215133 on localhost:11693 at 04:13:24.018
starting worker pid=215132 on localhost:11693 at 04:13:24.018
  [saver] Saved imputed matrix to results_imputation_r/saver/cells_20000/dataset_4_types_rare_saver.rds
starting worker pid=239476 on localhost:11693 at 04:28:13.497
starting worker pid=239473 on localhost:11693 at 04:28:13.497
starting worker pid=239471 on localhost:11693 at 04:28:13.497
starting worker pid=239477 on localhost:11693 at 04:28:13.497
starting worker pid=239475 on localhost:11693 at 04:28:13.513
starting worker pid=239474 on localhost:11693 at 04:28:13.514
starting worker pid=239470 on localhost:11693 at 04:28:13.514
starting worker pid=239472 on localhost:11693 at 04:28:13.518
starting worker pid=261738 on localhost:11693 at 04:41:31.100
starting worker pid=261740 on localhost:11693 at 04:41:31.101
starting worker pid=261739 on localhost:11693 at 04:41:31.101
starting worker pid=261741 on localhost:11693 at 04:41:31.108
starting worker pid=261735 on localhost:11693 at 04:41:31.110
starting worker pid=261742 on localhost:11693 at 04:41:31.111
starting worker pid=261736 on localhost:11693 at 04:41:31.111
starting worker pid=261737 on localhost:11693 at 04:41:31.133
starting worker pid=282746 on localhost:11693 at 04:54:20.196
starting worker pid=282748 on localhost:11693 at 04:54:20.196
starting worker pid=282747 on localhost:11693 at 04:54:20.197
starting worker pid=282751 on localhost:11693 at 04:54:20.197
starting worker pid=282744 on localhost:11693 at 04:54:20.215
starting worker pid=282745 on localhost:11693 at 04:54:20.219
starting worker pid=282750 on localhost:11693 at 04:54:20.220
starting worker pid=282749 on localhost:11693 at 04:54:20.232

=== dataset_multibatch_dropout ===
Running SAVER x4...
starting worker pid=302641 on localhost:11693 at 05:06:36.102
starting worker pid=302642 on localhost:11693 at 05:06:36.102
starting worker pid=302640 on localhost:11693 at 05:06:36.102
starting worker pid=302639 on localhost:11693 at 05:06:36.102
starting worker pid=302635 on localhost:11693 at 05:06:36.102
starting worker pid=302638 on localhost:11693 at 05:06:36.102
starting worker pid=302636 on localhost:11693 at 05:06:36.103
starting worker pid=302637 on localhost:11693 at 05:06:36.118
  [saver] Saved imputed matrix to results_imputation_r/saver/cells_20000/dataset_multibatch_dropout_saver.rds
starting worker pid=322023 on localhost:11693 at 05:18:28.607
starting worker pid=322022 on localhost:11693 at 05:18:28.608
starting worker pid=322017 on localhost:11693 at 05:18:28.608
starting worker pid=322019 on localhost:11693 at 05:18:28.616
starting worker pid=322024 on localhost:11693 at 05:18:28.628
starting worker pid=322021 on localhost:11693 at 05:18:28.628
starting worker pid=322020 on localhost:11693 at 05:18:28.628
starting worker pid=322018 on localhost:11693 at 05:18:28.653
starting worker pid=340542 on localhost:11693 at 05:30:05.169
starting worker pid=340541 on localhost:11693 at 05:30:05.169
starting worker pid=340543 on localhost:11693 at 05:30:05.169
starting worker pid=340547 on localhost:11693 at 05:30:05.169
starting worker pid=340540 on localhost:11693 at 05:30:05.169
starting worker pid=340544 on localhost:11693 at 05:30:05.169
starting worker pid=340545 on localhost:11693 at 05:30:05.169
starting worker pid=340546 on localhost:11693 at 05:30:05.169
starting worker pid=361702 on localhost:11693 at 05:43:16.404
starting worker pid=361703 on localhost:11693 at 05:43:16.404
starting worker pid=361699 on localhost:11693 at 05:43:16.404
starting worker pid=361704 on localhost:11693 at 05:43:16.404
starting worker pid=361698 on localhost:11693 at 05:43:16.418
starting worker pid=361697 on localhost:11693 at 05:43:16.420
starting worker pid=361700 on localhost:11693 at 05:43:16.421
starting worker pid=361701 on localhost:11693 at 05:43:16.422
Wrote results_imputation_r/saver/cells_20000/saver_mse_table.tsv

Done.
