Processing saver cells_50000...
Running SAVER with 8 worker(s)
1098 genes, 50000 cells
Running SAVER with 8 worker(s)
Calculating predictions for 1098 genes using 965 genes and 50000 cells...
Start time: 2026-02-08 03:47:35.125326
Estimating finish time...
Loading required package: SAVER
loaded SAVER and set parent environment
Loading required package: SAVER
loaded SAVER and set parent environment
Loading required package: SAVER
loaded SAVER and set parent environment
Loading required package: SAVER
loaded SAVER and set parent environment
Loading required package: SAVER
loaded SAVER and set parent environment
Loading required package: SAVER
loaded SAVER and set parent environment
Loading required package: SAVER
loaded SAVER and set parent environment
Loading required package: SAVER
loaded SAVER and set parent environment
Finished 8/1098 genes. Approximate finish time: 2026-02-08 04:04:20.856354
Calculating max cor cutoff...
loaded SAVER and set parent environment
loaded SAVER and set parent environment
loaded SAVER and set parent environment
loaded SAVER and set parent environment
loaded SAVER and set parent environment
loaded SAVER and set parent environment
loaded SAVER and set parent environment
loaded SAVER and set parent environment
Finished 100/1098 genes. Approximate finish time: 2026-02-08 04:09:03.419137
Calculating lambda coefficients...
loaded SAVER and set parent environment
loaded SAVER and set parent environment
loaded SAVER and set parent environment
loaded SAVER and set parent environment
loaded SAVER and set parent environment
loaded SAVER and set parent environment
loaded SAVER and set parent environment
loaded SAVER and set parent environment
Finished 204/1098 genes. Approximate finish time: 2026-02-08 04:08:55.491878
Predicting remaining genes...
loaded SAVER and set parent environment
loaded SAVER and set parent environment
loaded SAVER and set parent environment
loaded SAVER and set parent environment
loaded SAVER and set parent environment
loaded SAVER and set parent environment
loaded SAVER and set parent environment
loaded SAVER and set parent environment
Finished 428/1098 genes. Approximate finish time: 2026-02-08 04:19:15.611934
Predicting remaining genes...
loaded SAVER and set parent environment
loaded SAVER and set parent environment
loaded SAVER and set parent environment
loaded SAVER and set parent environment
loaded SAVER and set parent environment
loaded SAVER and set parent environment
loaded SAVER and set parent environment
loaded SAVER and set parent environment
Done!
Finish time: 2026-02-08 04:19:15.413023
Total time: 31.67145 mins
1098 genes, 50000 cells
Running SAVER with 8 worker(s)
Calculating predictions for 1098 genes using 965 genes and 50000 cells...
Start time: 2026-02-08 04:19:51.189224
Estimating finish time...
Loading required package: SAVER
loaded SAVER and set parent environment
Loading required package: SAVER
loaded SAVER and set parent environment
Loading required package: SAVER
loaded SAVER and set parent environment
Loading required package: SAVER
loaded SAVER and set parent environment
Loading required package: SAVER
loaded SAVER and set parent environment
Loading required package: SAVER
loaded SAVER and set parent environment
Loading required package: SAVER
loaded SAVER and set parent environment
Loading required package: SAVER
loaded SAVER and set parent environment
Finished 8/1098 genes. Approximate finish time: 2026-02-08 04:38:47.603711
Calculating max cor cutoff...
loaded SAVER and set parent environment
loaded SAVER and set parent environment
loaded SAVER and set parent environment
loaded SAVER and set parent environment
loaded SAVER and set parent environment
loaded SAVER and set parent environment
loaded SAVER and set parent environment
loaded SAVER and set parent environment
Finished 100/1098 genes. Approximate finish time: 2026-02-08 04:44:53.897684
Calculating lambda coefficients...
loaded SAVER and set parent environment
loaded SAVER and set parent environment
loaded SAVER and set parent environment
loaded SAVER and set parent environment
loaded SAVER and set parent environment
loaded SAVER and set parent environment
loaded SAVER and set parent environment
loaded SAVER and set parent environment
Finished 209/1098 genes. Approximate finish time: 2026-02-08 04:46:41.641388
Predicting remaining genes...
loaded SAVER and set parent environment
loaded SAVER and set parent environment
loaded SAVER and set parent environment
loaded SAVER and set parent environment
loaded SAVER and set parent environment
loaded SAVER and set parent environment
loaded SAVER and set parent environment
loaded SAVER and set parent environment
Finished 432/1098 genes. Approximate finish time: 2026-02-08 04:54:54.186147
Predicting remaining genes...
loaded SAVER and set parent environment
loaded SAVER and set parent environment
loaded SAVER and set parent environment
loaded SAVER and set parent environment
loaded SAVER and set parent environment
loaded SAVER and set parent environment
loaded SAVER and set parent environment
loaded SAVER and set parent environment
Done!
Finish time: 2026-02-08 04:55:50.723763
Total time: 35.99224 mins
1098 genes, 50000 cells
Running SAVER with 8 worker(s)
Calculating predictions for 1098 genes using 965 genes and 50000 cells...
Start time: 2026-02-08 04:56:11.497689
Estimating finish time...
Loading required package: SAVER
loaded SAVER and set parent environment
Loading required package: SAVER
loaded SAVER and set parent environment
Loading required package: SAVER
loaded SAVER and set parent environment
Loading required package: SAVER
loaded SAVER and set parent environment
Loading required package: SAVER
loaded SAVER and set parent environment
Loading required package: SAVER
loaded SAVER and set parent environment
Loading required package: SAVER
loaded SAVER and set parent environment
Loading required package: SAVER
loaded SAVER and set parent environment
Finished 8/1098 genes. Approximate finish time: 2026-02-08 05:12:38.410431
Calculating max cor cutoff...
loaded SAVER and set parent environment
loaded SAVER and set parent environment
loaded SAVER and set parent environment
loaded SAVER and set parent environment
loaded SAVER and set parent environment
loaded SAVER and set parent environment
loaded SAVER and set parent environment
loaded SAVER and set parent environment
Finished 100/1098 genes. Approximate finish time: 2026-02-08 05:20:40.115079
Calculating lambda coefficients...
loaded SAVER and set parent environment
loaded SAVER and set parent environment
loaded SAVER and set parent environment
loaded SAVER and set parent environment
loaded SAVER and set parent environment
loaded SAVER and set parent environment
loaded SAVER and set parent environment
loaded SAVER and set parent environment
Finished 203/1098 genes. Approximate finish time: 2026-02-08 05:21:32.50839
Predicting remaining genes...
loaded SAVER and set parent environment
loaded SAVER and set parent environment
loaded SAVER and set parent environment
loaded SAVER and set parent environment
loaded SAVER and set parent environment
loaded SAVER and set parent environment
loaded SAVER and set parent environment
loaded SAVER and set parent environment
Finished 427/1098 genes. Approximate finish time: 2026-02-08 05:32:23.474933
Predicting remaining genes...
loaded SAVER and set parent environment
loaded SAVER and set parent environment
loaded SAVER and set parent environment
loaded SAVER and set parent environment
loaded SAVER and set parent environment
loaded SAVER and set parent environment
loaded SAVER and set parent environment
loaded SAVER and set parent environment
Done!
Finish time: 2026-02-08 05:31:27.727311
Total time: 35.27049 mins
1098 genes, 50000 cells
Running SAVER with 8 worker(s)
Calculating predictions for 1098 genes using 965 genes and 50000 cells...
Start time: 2026-02-08 05:31:47.476883
Estimating finish time...
Loading required package: SAVER
loaded SAVER and set parent environment
Loading required package: SAVER
loaded SAVER and set parent environment
Loading required package: SAVER
loaded SAVER and set parent environment
Loading required package: SAVER
loaded SAVER and set parent environment
Loading required package: SAVER
loaded SAVER and set parent environment
Loading required package: SAVER
loaded SAVER and set parent environment
Loading required package: SAVER
loaded SAVER and set parent environment
Loading required package: SAVER
loaded SAVER and set parent environment
Finished 8/1098 genes. Approximate finish time: 2026-02-08 05:48:19.770536
Calculating max cor cutoff...
loaded SAVER and set parent environment
loaded SAVER and set parent environment
loaded SAVER and set parent environment
loaded SAVER and set parent environment
loaded SAVER and set parent environment
loaded SAVER and set parent environment
loaded SAVER and set parent environment
loaded SAVER and set parent environment
Finished 100/1098 genes. Approximate finish time: 2026-02-08 05:56:07.125422
Calculating lambda coefficients...
loaded SAVER and set parent environment
loaded SAVER and set parent environment
loaded SAVER and set parent environment
loaded SAVER and set parent environment
loaded SAVER and set parent environment
loaded SAVER and set parent environment
loaded SAVER and set parent environment
loaded SAVER and set parent environment
Finished 208/1098 genes. Approximate finish time: 2026-02-08 05:58:09.217584
Predicting remaining genes...
loaded SAVER and set parent environment
loaded SAVER and set parent environment
loaded SAVER and set parent environment
loaded SAVER and set parent environment
loaded SAVER and set parent environment
loaded SAVER and set parent environment
loaded SAVER and set parent environment
loaded SAVER and set parent environment
Finished 431/1098 genes. Approximate finish time: 2026-02-08 06:08:30.671657
Predicting remaining genes...
loaded SAVER and set parent environment
loaded SAVER and set parent environment
loaded SAVER and set parent environment
loaded SAVER and set parent environment
loaded SAVER and set parent environment
loaded SAVER and set parent environment
loaded SAVER and set parent environment
loaded SAVER and set parent environment
Done!
Finish time: 2026-02-08 06:07:35.822916
Total time: 35.80576 mins
Running SAVER with 8 worker(s)
1099 genes, 50000 cells
Running SAVER with 8 worker(s)
Calculating predictions for 1099 genes using 975 genes and 50000 cells...
Start time: 2026-02-08 06:08:19.667942
Estimating finish time...
Loading required package: SAVER
loaded SAVER and set parent environment
Loading required package: SAVER
loaded SAVER and set parent environment
Loading required package: SAVER
loaded SAVER and set parent environment
Loading required package: SAVER
loaded SAVER and set parent environment
Loading required package: SAVER
loaded SAVER and set parent environment
Loading required package: SAVER
loaded SAVER and set parent environment
Loading required package: SAVER
loaded SAVER and set parent environment
Loading required package: SAVER
loaded SAVER and set parent environment
Finished 8/1099 genes. Approximate finish time: 2026-02-08 06:27:18.812525
Calculating max cor cutoff...
loaded SAVER and set parent environment
loaded SAVER and set parent environment
loaded SAVER and set parent environment
loaded SAVER and set parent environment
loaded SAVER and set parent environment
loaded SAVER and set parent environment
loaded SAVER and set parent environment
loaded SAVER and set parent environment
Finished 100/1099 genes. Approximate finish time: 2026-02-08 06:34:21.916679
Calculating lambda coefficients...
loaded SAVER and set parent environment
loaded SAVER and set parent environment
loaded SAVER and set parent environment
loaded SAVER and set parent environment
loaded SAVER and set parent environment
loaded SAVER and set parent environment
loaded SAVER and set parent environment
loaded SAVER and set parent environment
Finished 206/1099 genes. Approximate finish time: 2026-02-08 06:35:40.11998
Predicting remaining genes...
loaded SAVER and set parent environment
loaded SAVER and set parent environment
loaded SAVER and set parent environment
loaded SAVER and set parent environment
loaded SAVER and set parent environment
loaded SAVER and set parent environment
loaded SAVER and set parent environment
loaded SAVER and set parent environment
Finished 430/1099 genes. Approximate finish time: 2026-02-08 06:45:40.723866
Predicting remaining genes...
loaded SAVER and set parent environment
loaded SAVER and set parent environment
loaded SAVER and set parent environment
loaded SAVER and set parent environment
loaded SAVER and set parent environment
loaded SAVER and set parent environment
loaded SAVER and set parent environment
loaded SAVER and set parent environment
Done!
Finish time: 2026-02-08 06:45:26.063742
Total time: 37.10659 mins
1099 genes, 50000 cells
Running SAVER with 8 worker(s)
Calculating predictions for 1099 genes using 975 genes and 50000 cells...
Start time: 2026-02-08 06:46:00.013132
Estimating finish time...
Loading required package: SAVER
loaded SAVER and set parent environment
Loading required package: SAVER
loaded SAVER and set parent environment
Loading required package: SAVER
loaded SAVER and set parent environment
Loading required package: SAVER
loaded SAVER and set parent environment
Loading required package: SAVER
loaded SAVER and set parent environment
Loading required package: SAVER
loaded SAVER and set parent environment
Loading required package: SAVER
loaded SAVER and set parent environment
Loading required package: SAVER
loaded SAVER and set parent environment
Finished 8/1099 genes. Approximate finish time: 2026-02-08 07:01:05.824488
Calculating max cor cutoff...
loaded SAVER and set parent environment
loaded SAVER and set parent environment
loaded SAVER and set parent environment
loaded SAVER and set parent environment
loaded SAVER and set parent environment
loaded SAVER and set parent environment
loaded SAVER and set parent environment
loaded SAVER and set parent environment
Finished 100/1099 genes. Approximate finish time: 2026-02-08 07:05:47.777969
Calculating lambda coefficients...
loaded SAVER and set parent environment
loaded SAVER and set parent environment
loaded SAVER and set parent environment
loaded SAVER and set parent environment
loaded SAVER and set parent environment
loaded SAVER and set parent environment
loaded SAVER and set parent environment
loaded SAVER and set parent environment
Finished 203/1099 genes. Approximate finish time: 2026-02-08 07:06:22.669687
Predicting remaining genes...
loaded SAVER and set parent environment
loaded SAVER and set parent environment
loaded SAVER and set parent environment
loaded SAVER and set parent environment
loaded SAVER and set parent environment
loaded SAVER and set parent environment
loaded SAVER and set parent environment
loaded SAVER and set parent environment
Finished 427/1099 genes. Approximate finish time: 2026-02-08 07:15:18.639985
Predicting remaining genes...
loaded SAVER and set parent environment
loaded SAVER and set parent environment
loaded SAVER and set parent environment
loaded SAVER and set parent environment
loaded SAVER and set parent environment
loaded SAVER and set parent environment
loaded SAVER and set parent environment
loaded SAVER and set parent environment
Done!
Finish time: 2026-02-08 07:14:41.45576
Total time: 28.69071 mins
1099 genes, 50000 cells
Running SAVER with 8 worker(s)
Calculating predictions for 1099 genes using 975 genes and 50000 cells...
Start time: 2026-02-08 07:14:59.791168
Estimating finish time...
Loading required package: SAVER
loaded SAVER and set parent environment
Loading required package: SAVER
loaded SAVER and set parent environment
Loading required package: SAVER
loaded SAVER and set parent environment
Loading required package: SAVER
loaded SAVER and set parent environment
Loading required package: SAVER
loaded SAVER and set parent environment
Loading required package: SAVER
loaded SAVER and set parent environment
Loading required package: SAVER
loaded SAVER and set parent environment
Loading required package: SAVER
loaded SAVER and set parent environment
Finished 8/1099 genes. Approximate finish time: 2026-02-08 07:27:03.165773
Calculating max cor cutoff...
loaded SAVER and set parent environment
loaded SAVER and set parent environment
loaded SAVER and set parent environment
loaded SAVER and set parent environment
loaded SAVER and set parent environment
loaded SAVER and set parent environment
loaded SAVER and set parent environment
loaded SAVER and set parent environment
Finished 100/1099 genes. Approximate finish time: 2026-02-08 07:32:56.157781
Calculating lambda coefficients...
loaded SAVER and set parent environment
loaded SAVER and set parent environment
loaded SAVER and set parent environment
loaded SAVER and set parent environment
loaded SAVER and set parent environment
loaded SAVER and set parent environment
loaded SAVER and set parent environment
loaded SAVER and set parent environment
Finished 200/1099 genes. Approximate finish time: 2026-02-08 07:32:58.559657
Predicting remaining genes...
loaded SAVER and set parent environment
loaded SAVER and set parent environment
loaded SAVER and set parent environment
loaded SAVER and set parent environment
loaded SAVER and set parent environment
loaded SAVER and set parent environment
loaded SAVER and set parent environment
loaded SAVER and set parent environment
Finished 425/1099 genes. Approximate finish time: 2026-02-08 07:42:33.723149
Predicting remaining genes...
loaded SAVER and set parent environment
loaded SAVER and set parent environment
loaded SAVER and set parent environment
loaded SAVER and set parent environment
loaded SAVER and set parent environment
loaded SAVER and set parent environment
loaded SAVER and set parent environment
loaded SAVER and set parent environment
Done!
Finish time: 2026-02-08 07:41:35.298046
Total time: 26.59178 mins
1099 genes, 50000 cells
Running SAVER with 8 worker(s)
Calculating predictions for 1099 genes using 975 genes and 50000 cells...
Start time: 2026-02-08 07:41:53.598979
Estimating finish time...
Loading required package: SAVER
loaded SAVER and set parent environment
Loading required package: SAVER
loaded SAVER and set parent environment
Loading required package: SAVER
loaded SAVER and set parent environment
Loading required package: SAVER
loaded SAVER and set parent environment
Loading required package: SAVER
loaded SAVER and set parent environment
Loading required package: SAVER
loaded SAVER and set parent environment
Loading required package: SAVER
loaded SAVER and set parent environment
Loading required package: SAVER
loaded SAVER and set parent environment
Finished 8/1099 genes. Approximate finish time: 2026-02-08 07:57:24.479801
Calculating max cor cutoff...
loaded SAVER and set parent environment
loaded SAVER and set parent environment
loaded SAVER and set parent environment
loaded SAVER and set parent environment
loaded SAVER and set parent environment
loaded SAVER and set parent environment
loaded SAVER and set parent environment
loaded SAVER and set parent environment
Finished 100/1099 genes. Approximate finish time: 2026-02-08 08:03:45.830312
Calculating lambda coefficients...
loaded SAVER and set parent environment
loaded SAVER and set parent environment
loaded SAVER and set parent environment
loaded SAVER and set parent environment
loaded SAVER and set parent environment
loaded SAVER and set parent environment
loaded SAVER and set parent environment
loaded SAVER and set parent environment
Finished 212/1099 genes. Approximate finish time: 2026-02-08 08:05:13.345425
Predicting remaining genes...
loaded SAVER and set parent environment
loaded SAVER and set parent environment
loaded SAVER and set parent environment
loaded SAVER and set parent environment
loaded SAVER and set parent environment
loaded SAVER and set parent environment
loaded SAVER and set parent environment
loaded SAVER and set parent environment
Finished 434/1099 genes. Approximate finish time: 2026-02-08 08:14:47.462222
Predicting remaining genes...
loaded SAVER and set parent environment
loaded SAVER and set parent environment
loaded SAVER and set parent environment
loaded SAVER and set parent environment
loaded SAVER and set parent environment
loaded SAVER and set parent environment
loaded SAVER and set parent environment
loaded SAVER and set parent environment
Done!
Finish time: 2026-02-08 08:13:34.34605
Total time: 31.67911 mins
Running SAVER with 8 worker(s)
1098 genes, 50000 cells
Running SAVER with 8 worker(s)
Calculating predictions for 1098 genes using 996 genes and 50000 cells...
Start time: 2026-02-08 08:14:14.886341
Estimating finish time...
Loading required package: SAVER
loaded SAVER and set parent environment
Loading required package: SAVER
loaded SAVER and set parent environment
Loading required package: SAVER
loaded SAVER and set parent environment
Loading required package: SAVER
loaded SAVER and set parent environment
Loading required package: SAVER
loaded SAVER and set parent environment
Loading required package: SAVER
loaded SAVER and set parent environment
Loading required package: SAVER
loaded SAVER and set parent environment
Loading required package: SAVER
loaded SAVER and set parent environment
Finished 8/1098 genes. Approximate finish time: 2026-02-08 08:28:50.041116
Calculating max cor cutoff...
loaded SAVER and set parent environment
loaded SAVER and set parent environment
loaded SAVER and set parent environment
loaded SAVER and set parent environment
loaded SAVER and set parent environment
loaded SAVER and set parent environment
loaded SAVER and set parent environment
loaded SAVER and set parent environment
Finished 100/1098 genes. Approximate finish time: 2026-02-08 08:32:42.079063
Calculating lambda coefficients...
loaded SAVER and set parent environment
loaded SAVER and set parent environment
loaded SAVER and set parent environment
loaded SAVER and set parent environment
loaded SAVER and set parent environment
loaded SAVER and set parent environment
loaded SAVER and set parent environment
loaded SAVER and set parent environment
Finished 204/1098 genes. Approximate finish time: 2026-02-08 08:33:16.766377
Predicting remaining genes...
loaded SAVER and set parent environment
loaded SAVER and set parent environment
loaded SAVER and set parent environment
loaded SAVER and set parent environment
loaded SAVER and set parent environment
loaded SAVER and set parent environment
loaded SAVER and set parent environment
loaded SAVER and set parent environment
Finished 428/1098 genes. Approximate finish time: 2026-02-08 08:43:49.616471
Predicting remaining genes...
loaded SAVER and set parent environment
loaded SAVER and set parent environment
loaded SAVER and set parent environment
loaded SAVER and set parent environment
loaded SAVER and set parent environment
loaded SAVER and set parent environment
loaded SAVER and set parent environment
loaded SAVER and set parent environment
Done!
Finish time: 2026-02-08 08:42:54.762525
Total time: 28.6646 mins
1098 genes, 50000 cells
Running SAVER with 8 worker(s)
Calculating predictions for 1098 genes using 996 genes and 50000 cells...
Start time: 2026-02-08 08:43:23.178871
Estimating finish time...
Loading required package: SAVER
loaded SAVER and set parent environment
Loading required package: SAVER
loaded SAVER and set parent environment
Loading required package: SAVER
loaded SAVER and set parent environment
Loading required package: SAVER
loaded SAVER and set parent environment
Loading required package: SAVER
loaded SAVER and set parent environment
Loading required package: SAVER
loaded SAVER and set parent environment
Loading required package: SAVER
loaded SAVER and set parent environment
Loading required package: SAVER
loaded SAVER and set parent environment
Finished 8/1098 genes. Approximate finish time: 2026-02-08 08:56:55.637405
Calculating max cor cutoff...
loaded SAVER and set parent environment
loaded SAVER and set parent environment
loaded SAVER and set parent environment
loaded SAVER and set parent environment
loaded SAVER and set parent environment
loaded SAVER and set parent environment
loaded SAVER and set parent environment
loaded SAVER and set parent environment
Finished 100/1098 genes. Approximate finish time: 2026-02-08 09:01:22.731415
Calculating lambda coefficients...
loaded SAVER and set parent environment
loaded SAVER and set parent environment
loaded SAVER and set parent environment
loaded SAVER and set parent environment
loaded SAVER and set parent environment
loaded SAVER and set parent environment
loaded SAVER and set parent environment
loaded SAVER and set parent environment
Finished 208/1098 genes. Approximate finish time: 2026-02-08 09:03:20.96307
Predicting remaining genes...
loaded SAVER and set parent environment
loaded SAVER and set parent environment
loaded SAVER and set parent environment
loaded SAVER and set parent environment
loaded SAVER and set parent environment
loaded SAVER and set parent environment
loaded SAVER and set parent environment
loaded SAVER and set parent environment
Finished 431/1098 genes. Approximate finish time: 2026-02-08 09:14:39.966328
Predicting remaining genes...
loaded SAVER and set parent environment
loaded SAVER and set parent environment
loaded SAVER and set parent environment
loaded SAVER and set parent environment
loaded SAVER and set parent environment
loaded SAVER and set parent environment
loaded SAVER and set parent environment
loaded SAVER and set parent environment
Done!
Finish time: 2026-02-08 09:13:12.093042
Total time: 29.81523 mins
1098 genes, 50000 cells
Running SAVER with 8 worker(s)
Calculating predictions for 1098 genes using 996 genes and 50000 cells...
Start time: 2026-02-08 09:13:28.989026
Estimating finish time...
Loading required package: SAVER
loaded SAVER and set parent environment
Loading required package: SAVER
loaded SAVER and set parent environment
Loading required package: SAVER
loaded SAVER and set parent environment
Loading required package: SAVER
loaded SAVER and set parent environment
Loading required package: SAVER
loaded SAVER and set parent environment
Loading required package: SAVER
loaded SAVER and set parent environment
Loading required package: SAVER
loaded SAVER and set parent environment
Loading required package: SAVER
loaded SAVER and set parent environment
Finished 8/1098 genes. Approximate finish time: 2026-02-08 09:28:31.417662
Calculating max cor cutoff...
loaded SAVER and set parent environment
loaded SAVER and set parent environment
loaded SAVER and set parent environment
loaded SAVER and set parent environment
loaded SAVER and set parent environment
loaded SAVER and set parent environment
loaded SAVER and set parent environment
loaded SAVER and set parent environment
Finished 100/1098 genes. Approximate finish time: 2026-02-08 09:35:56.791542
Calculating lambda coefficients...
loaded SAVER and set parent environment
loaded SAVER and set parent environment
loaded SAVER and set parent environment
loaded SAVER and set parent environment
loaded SAVER and set parent environment
loaded SAVER and set parent environment
loaded SAVER and set parent environment
loaded SAVER and set parent environment
Finished 213/1098 genes. Approximate finish time: 2026-02-08 09:37:10.135899
Predicting remaining genes...
loaded SAVER and set parent environment
loaded SAVER and set parent environment
loaded SAVER and set parent environment
loaded SAVER and set parent environment
loaded SAVER and set parent environment
loaded SAVER and set parent environment
loaded SAVER and set parent environment
loaded SAVER and set parent environment
Finished 435/1098 genes. Approximate finish time: 2026-02-08 09:47:21.546849
Predicting remaining genes...
loaded SAVER and set parent environment
loaded SAVER and set parent environment
loaded SAVER and set parent environment
loaded SAVER and set parent environment
loaded SAVER and set parent environment
loaded SAVER and set parent environment
loaded SAVER and set parent environment
loaded SAVER and set parent environment
Done!
Finish time: 2026-02-08 09:46:56.568846
Total time: 33.45966 mins
1098 genes, 50000 cells
Running SAVER with 8 worker(s)
Calculating predictions for 1098 genes using 996 genes and 50000 cells...
Start time: 2026-02-08 09:47:15.375247
Estimating finish time...
Loading required package: SAVER
loaded SAVER and set parent environment
Loading required package: SAVER
loaded SAVER and set parent environment
Loading required package: SAVER
loaded SAVER and set parent environment
Loading required package: SAVER
loaded SAVER and set parent environment
Loading required package: SAVER
loaded SAVER and set parent environment
Loading required package: SAVER
loaded SAVER and set parent environment
Loading required package: SAVER
loaded SAVER and set parent environment
Loading required package: SAVER
loaded SAVER and set parent environment
Finished 8/1098 genes. Approximate finish time: 2026-02-08 10:02:21.063787
Calculating max cor cutoff...
loaded SAVER and set parent environment
loaded SAVER and set parent environment
loaded SAVER and set parent environment
loaded SAVER and set parent environment
loaded SAVER and set parent environment
loaded SAVER and set parent environment
loaded SAVER and set parent environment
loaded SAVER and set parent environment
Finished 100/1098 genes. Approximate finish time: 2026-02-08 10:07:45.08364
Calculating lambda coefficients...
loaded SAVER and set parent environment
loaded SAVER and set parent environment
loaded SAVER and set parent environment
loaded SAVER and set parent environment
loaded SAVER and set parent environment
loaded SAVER and set parent environment
loaded SAVER and set parent environment
loaded SAVER and set parent environment
Finished 200/1098 genes. Approximate finish time: 2026-02-08 10:10:40.598655
Predicting remaining genes...
loaded SAVER and set parent environment
loaded SAVER and set parent environment
loaded SAVER and set parent environment
loaded SAVER and set parent environment
loaded SAVER and set parent environment
loaded SAVER and set parent environment
loaded SAVER and set parent environment
loaded SAVER and set parent environment
Finished 425/1098 genes. Approximate finish time: 2026-02-08 10:20:07.625439
Predicting remaining genes...
loaded SAVER and set parent environment
loaded SAVER and set parent environment
loaded SAVER and set parent environment
loaded SAVER and set parent environment
loaded SAVER and set parent environment
loaded SAVER and set parent environment
loaded SAVER and set parent environment
loaded SAVER and set parent environment
Done!
Finish time: 2026-02-08 10:20:17.121376
Total time: 33.0291 mins
Running SAVER with 8 worker(s)
1099 genes, 50000 cells
Running SAVER with 8 worker(s)
Calculating predictions for 1099 genes using 991 genes and 50000 cells...
Start time: 2026-02-08 10:20:57.661343
Estimating finish time...
Loading required package: SAVER
loaded SAVER and set parent environment
Loading required package: SAVER
loaded SAVER and set parent environment
Loading required package: SAVER
loaded SAVER and set parent environment
Loading required package: SAVER
loaded SAVER and set parent environment
Loading required package: SAVER
loaded SAVER and set parent environment
Loading required package: SAVER
loaded SAVER and set parent environment
Loading required package: SAVER
loaded SAVER and set parent environment
Loading required package: SAVER
loaded SAVER and set parent environment
Finished 8/1099 genes. Approximate finish time: 2026-02-08 10:34:18.233168
Calculating max cor cutoff...
loaded SAVER and set parent environment
loaded SAVER and set parent environment
loaded SAVER and set parent environment
loaded SAVER and set parent environment
loaded SAVER and set parent environment
loaded SAVER and set parent environment
loaded SAVER and set parent environment
loaded SAVER and set parent environment
Finished 100/1099 genes. Approximate finish time: 2026-02-08 10:35:36.970634
Calculating lambda coefficients...
loaded SAVER and set parent environment
loaded SAVER and set parent environment
loaded SAVER and set parent environment
loaded SAVER and set parent environment
loaded SAVER and set parent environment
loaded SAVER and set parent environment
loaded SAVER and set parent environment
loaded SAVER and set parent environment
Finished 200/1099 genes. Approximate finish time: 2026-02-08 10:37:46.132398
Predicting remaining genes...
loaded SAVER and set parent environment
loaded SAVER and set parent environment
loaded SAVER and set parent environment
loaded SAVER and set parent environment
loaded SAVER and set parent environment
loaded SAVER and set parent environment
loaded SAVER and set parent environment
loaded SAVER and set parent environment
Finished 425/1099 genes. Approximate finish time: 2026-02-08 10:44:53.359507
Predicting remaining genes...
loaded SAVER and set parent environment
loaded SAVER and set parent environment
loaded SAVER and set parent environment
loaded SAVER and set parent environment
loaded SAVER and set parent environment
loaded SAVER and set parent environment
loaded SAVER and set parent environment
loaded SAVER and set parent environment
Done!
Finish time: 2026-02-08 10:45:11.650754
Total time: 24.23315 mins
1099 genes, 50000 cells
Running SAVER with 8 worker(s)
Calculating predictions for 1099 genes using 991 genes and 50000 cells...
Start time: 2026-02-08 10:45:41.647753
Estimating finish time...
Loading required package: SAVER
loaded SAVER and set parent environment
Loading required package: SAVER
loaded SAVER and set parent environment
Loading required package: SAVER
loaded SAVER and set parent environment
Loading required package: SAVER
loaded SAVER and set parent environment
Loading required package: SAVER
loaded SAVER and set parent environment
Loading required package: SAVER
loaded SAVER and set parent environment
Loading required package: SAVER
loaded SAVER and set parent environment
Loading required package: SAVER
loaded SAVER and set parent environment
Finished 8/1099 genes. Approximate finish time: 2026-02-08 10:58:56.068071
Calculating max cor cutoff...
loaded SAVER and set parent environment
loaded SAVER and set parent environment
loaded SAVER and set parent environment
loaded SAVER and set parent environment
loaded SAVER and set parent environment
loaded SAVER and set parent environment
loaded SAVER and set parent environment
loaded SAVER and set parent environment
Finished 100/1099 genes. Approximate finish time: 2026-02-08 10:59:58.021744
Calculating lambda coefficients...
loaded SAVER and set parent environment
loaded SAVER and set parent environment
loaded SAVER and set parent environment
loaded SAVER and set parent environment
loaded SAVER and set parent environment
loaded SAVER and set parent environment
loaded SAVER and set parent environment
loaded SAVER and set parent environment
Finished 200/1099 genes. Approximate finish time: 2026-02-08 11:00:38.765749
Predicting remaining genes...
loaded SAVER and set parent environment
loaded SAVER and set parent environment
loaded SAVER and set parent environment
loaded SAVER and set parent environment
loaded SAVER and set parent environment
loaded SAVER and set parent environment
loaded SAVER and set parent environment
loaded SAVER and set parent environment
Finished 425/1099 genes. Approximate finish time: 2026-02-08 11:08:44.23821
Predicting remaining genes...
loaded SAVER and set parent environment
loaded SAVER and set parent environment
loaded SAVER and set parent environment
loaded SAVER and set parent environment
loaded SAVER and set parent environment
loaded SAVER and set parent environment
loaded SAVER and set parent environment
loaded SAVER and set parent environment
Done!
Finish time: 2026-02-08 11:08:19.230012
Total time: 22.62637 mins
1099 genes, 50000 cells
Running SAVER with 8 worker(s)
Calculating predictions for 1099 genes using 991 genes and 50000 cells...
Start time: 2026-02-08 11:08:36.287597
Estimating finish time...
Loading required package: SAVER
loaded SAVER and set parent environment
Loading required package: SAVER
loaded SAVER and set parent environment
Loading required package: SAVER
loaded SAVER and set parent environment
Loading required package: SAVER
loaded SAVER and set parent environment
Loading required package: SAVER
loaded SAVER and set parent environment
Loading required package: SAVER
loaded SAVER and set parent environment
Loading required package: SAVER
loaded SAVER and set parent environment
Loading required package: SAVER
loaded SAVER and set parent environment
Finished 8/1099 genes. Approximate finish time: 2026-02-08 11:20:03.398561
Calculating max cor cutoff...
loaded SAVER and set parent environment
loaded SAVER and set parent environment
loaded SAVER and set parent environment
loaded SAVER and set parent environment
loaded SAVER and set parent environment
loaded SAVER and set parent environment
loaded SAVER and set parent environment
loaded SAVER and set parent environment
Finished 100/1099 genes. Approximate finish time: 2026-02-08 11:25:15.917271
Calculating lambda coefficients...
loaded SAVER and set parent environment
loaded SAVER and set parent environment
loaded SAVER and set parent environment
loaded SAVER and set parent environment
loaded SAVER and set parent environment
loaded SAVER and set parent environment
loaded SAVER and set parent environment
loaded SAVER and set parent environment
Finished 200/1099 genes. Approximate finish time: 2026-02-08 11:29:32.795651
Predicting remaining genes...
loaded SAVER and set parent environment
loaded SAVER and set parent environment
loaded SAVER and set parent environment
loaded SAVER and set parent environment
loaded SAVER and set parent environment
loaded SAVER and set parent environment
loaded SAVER and set parent environment
loaded SAVER and set parent environment
Finished 425/1099 genes. Approximate finish time: 2026-02-08 11:37:26.451724
Predicting remaining genes...
loaded SAVER and set parent environment
loaded SAVER and set parent environment
loaded SAVER and set parent environment
loaded SAVER and set parent environment
loaded SAVER and set parent environment
loaded SAVER and set parent environment
loaded SAVER and set parent environment
loaded SAVER and set parent environment
Done!
Finish time: 2026-02-08 11:37:07.915715
Total time: 28.52713 mins
1099 genes, 50000 cells
Running SAVER with 8 worker(s)
Calculating predictions for 1099 genes using 991 genes and 50000 cells...
Start time: 2026-02-08 11:37:25.851222
Estimating finish time...
Loading required package: SAVER
loaded SAVER and set parent environment
Loading required package: SAVER
loaded SAVER and set parent environment
Loading required package: SAVER
loaded SAVER and set parent environment
Loading required package: SAVER
loaded SAVER and set parent environment
Loading required package: SAVER
loaded SAVER and set parent environment
Loading required package: SAVER
loaded SAVER and set parent environment
Loading required package: SAVER
loaded SAVER and set parent environment
Loading required package: SAVER
loaded SAVER and set parent environment
Finished 8/1099 genes. Approximate finish time: 2026-02-08 11:50:12.909673
Calculating max cor cutoff...
loaded SAVER and set parent environment
loaded SAVER and set parent environment
loaded SAVER and set parent environment
loaded SAVER and set parent environment
loaded SAVER and set parent environment
loaded SAVER and set parent environment
loaded SAVER and set parent environment
loaded SAVER and set parent environment
Finished 100/1099 genes. Approximate finish time: 2026-02-08 11:57:41.453582
Calculating lambda coefficients...
loaded SAVER and set parent environment
loaded SAVER and set parent environment
loaded SAVER and set parent environment
loaded SAVER and set parent environment
loaded SAVER and set parent environment
loaded SAVER and set parent environment
loaded SAVER and set parent environment
loaded SAVER and set parent environment
Finished 200/1099 genes. Approximate finish time: 2026-02-08 12:03:14.495816
Predicting remaining genes...
loaded SAVER and set parent environment
loaded SAVER and set parent environment
loaded SAVER and set parent environment
loaded SAVER and set parent environment
loaded SAVER and set parent environment
loaded SAVER and set parent environment
loaded SAVER and set parent environment
loaded SAVER and set parent environment
Finished 425/1099 genes. Approximate finish time: 2026-02-08 12:11:22.749881
Predicting remaining genes...
loaded SAVER and set parent environment
loaded SAVER and set parent environment
loaded SAVER and set parent environment
loaded SAVER and set parent environment
loaded SAVER and set parent environment
loaded SAVER and set parent environment
loaded SAVER and set parent environment
loaded SAVER and set parent environment
Done!
Finish time: 2026-02-08 12:10:45.138789
Total time: 33.32146 mins

=== dataset_2_types_equal ===
Running SAVER x4...
starting worker pid=172433 on localhost:11969 at 03:47:25.697
starting worker pid=172429 on localhost:11969 at 03:47:25.702
starting worker pid=172430 on localhost:11969 at 03:47:25.722
starting worker pid=172427 on localhost:11969 at 03:47:25.723
starting worker pid=172431 on localhost:11969 at 03:47:25.726
starting worker pid=172428 on localhost:11969 at 03:47:25.731
starting worker pid=172434 on localhost:11969 at 03:47:25.733
starting worker pid=172432 on localhost:11969 at 03:47:25.740
  [saver] Saved imputed matrix to results_imputation_r/saver/cells_50000/dataset_2_types_equal_saver.rds
starting worker pid=225309 on localhost:11969 at 04:19:42.266
starting worker pid=225311 on localhost:11969 at 04:19:42.266
starting worker pid=225312 on localhost:11969 at 04:19:42.266
starting worker pid=225310 on localhost:11969 at 04:19:42.266
starting worker pid=225307 on localhost:11969 at 04:19:42.266
starting worker pid=225308 on localhost:11969 at 04:19:42.267
starting worker pid=225313 on localhost:11969 at 04:19:42.291
starting worker pid=225306 on localhost:11969 at 04:19:42.293
starting worker pid=286019 on localhost:11969 at 04:56:03.981
starting worker pid=286018 on localhost:11969 at 04:56:03.981
starting worker pid=286023 on localhost:11969 at 04:56:03.981
starting worker pid=286020 on localhost:11969 at 04:56:03.981
starting worker pid=286024 on localhost:11969 at 04:56:03.981
starting worker pid=286017 on localhost:11969 at 04:56:03.981
starting worker pid=286021 on localhost:11969 at 04:56:03.981
starting worker pid=286022 on localhost:11969 at 04:56:04.004
starting worker pid=343112 on localhost:11969 at 05:31:40.201
starting worker pid=343111 on localhost:11969 at 05:31:40.201
starting worker pid=343108 on localhost:11969 at 05:31:40.201
starting worker pid=343107 on localhost:11969 at 05:31:40.201
starting worker pid=343113 on localhost:11969 at 05:31:40.201
starting worker pid=343110 on localhost:11969 at 05:31:40.201
starting worker pid=343106 on localhost:11969 at 05:31:40.202
starting worker pid=343109 on localhost:11969 at 05:31:40.202

=== dataset_3_types_unequal ===
Running SAVER x4...
starting worker pid=402246 on localhost:11969 at 06:08:11.813
starting worker pid=402251 on localhost:11969 at 06:08:11.813
starting worker pid=402244 on localhost:11969 at 06:08:11.813
starting worker pid=402245 on localhost:11969 at 06:08:11.813
starting worker pid=402250 on localhost:11969 at 06:08:11.813
starting worker pid=402249 on localhost:11969 at 06:08:11.813
starting worker pid=402248 on localhost:11969 at 06:08:11.813
starting worker pid=402247 on localhost:11969 at 06:08:11.832
  [saver] Saved imputed matrix to results_imputation_r/saver/cells_50000/dataset_3_types_unequal_saver.rds
starting worker pid=462321 on localhost:11969 at 06:45:52.425
starting worker pid=462328 on localhost:11969 at 06:45:52.425
starting worker pid=462325 on localhost:11969 at 06:45:52.425
starting worker pid=462327 on localhost:11969 at 06:45:52.426
starting worker pid=462322 on localhost:11969 at 06:45:52.426
starting worker pid=462323 on localhost:11969 at 06:45:52.426
starting worker pid=462324 on localhost:11969 at 06:45:52.426
starting worker pid=462326 on localhost:11969 at 06:45:52.428
starting worker pid=507929 on localhost:11969 at 07:14:52.908
starting worker pid=507932 on localhost:11969 at 07:14:52.908
starting worker pid=507928 on localhost:11969 at 07:14:52.908
starting worker pid=507931 on localhost:11969 at 07:14:52.908
starting worker pid=507935 on localhost:11969 at 07:14:52.908
starting worker pid=507930 on localhost:11969 at 07:14:52.908
starting worker pid=507933 on localhost:11969 at 07:14:52.908
starting worker pid=507934 on localhost:11969 at 07:14:52.908
starting worker pid=551527 on localhost:11969 at 07:41:46.227
starting worker pid=551521 on localhost:11969 at 07:41:46.227
starting worker pid=551524 on localhost:11969 at 07:41:46.227
starting worker pid=551522 on localhost:11969 at 07:41:46.227
starting worker pid=551525 on localhost:11969 at 07:41:46.227
starting worker pid=551523 on localhost:11969 at 07:41:46.227
starting worker pid=551528 on localhost:11969 at 07:41:46.227
starting worker pid=551526 on localhost:11969 at 07:41:46.227

=== dataset_4_types_rare ===
Running SAVER x4...
starting worker pid=603819 on localhost:11969 at 08:14:07.720
starting worker pid=603824 on localhost:11969 at 08:14:07.720
starting worker pid=603818 on localhost:11969 at 08:14:07.720
starting worker pid=603823 on localhost:11969 at 08:14:07.720
starting worker pid=603817 on localhost:11969 at 08:14:07.720
starting worker pid=603820 on localhost:11969 at 08:14:07.720
starting worker pid=603822 on localhost:11969 at 08:14:07.720
starting worker pid=603821 on localhost:11969 at 08:14:07.721
  [saver] Saved imputed matrix to results_imputation_r/saver/cells_50000/dataset_4_types_rare_saver.rds
starting worker pid=649509 on localhost:11969 at 08:43:16.364
starting worker pid=649506 on localhost:11969 at 08:43:16.364
starting worker pid=649508 on localhost:11969 at 08:43:16.364
starting worker pid=649505 on localhost:11969 at 08:43:16.364
starting worker pid=649507 on localhost:11969 at 08:43:16.364
starting worker pid=649504 on localhost:11969 at 08:43:16.365
starting worker pid=649503 on localhost:11969 at 08:43:16.375
starting worker pid=649510 on localhost:11969 at 08:43:16.385
starting worker pid=695285 on localhost:11969 at 09:13:22.766
starting worker pid=695284 on localhost:11969 at 09:13:22.766
starting worker pid=695289 on localhost:11969 at 09:13:22.766
starting worker pid=695286 on localhost:11969 at 09:13:22.766
starting worker pid=695290 on localhost:11969 at 09:13:22.766
starting worker pid=695283 on localhost:11969 at 09:13:22.766
starting worker pid=695287 on localhost:11969 at 09:13:22.766
starting worker pid=695288 on localhost:11969 at 09:13:22.767
starting worker pid=747295 on localhost:11969 at 09:47:08.398
starting worker pid=747296 on localhost:11969 at 09:47:08.398
starting worker pid=747297 on localhost:11969 at 09:47:08.398
starting worker pid=747292 on localhost:11969 at 09:47:08.398
starting worker pid=747294 on localhost:11969 at 09:47:08.398
starting worker pid=747291 on localhost:11969 at 09:47:08.398
starting worker pid=747293 on localhost:11969 at 09:47:08.398
starting worker pid=747298 on localhost:11969 at 09:47:08.410

=== dataset_multibatch_dropout ===
Running SAVER x4...
starting worker pid=798693 on localhost:11969 at 10:20:50.551
starting worker pid=798690 on localhost:11969 at 10:20:50.551
starting worker pid=798691 on localhost:11969 at 10:20:50.551
starting worker pid=798688 on localhost:11969 at 10:20:50.551
starting worker pid=798692 on localhost:11969 at 10:20:50.551
starting worker pid=798695 on localhost:11969 at 10:20:50.551
starting worker pid=798694 on localhost:11969 at 10:20:50.551
starting worker pid=798689 on localhost:11969 at 10:20:50.551
  [saver] Saved imputed matrix to results_imputation_r/saver/cells_50000/dataset_multibatch_dropout_saver.rds
starting worker pid=836469 on localhost:11969 at 10:45:34.167
starting worker pid=836472 on localhost:11969 at 10:45:34.167
starting worker pid=836473 on localhost:11969 at 10:45:34.167
starting worker pid=836466 on localhost:11969 at 10:45:34.167
starting worker pid=836471 on localhost:11969 at 10:45:34.167
starting worker pid=836470 on localhost:11969 at 10:45:34.168
starting worker pid=836467 on localhost:11969 at 10:45:34.168
starting worker pid=836468 on localhost:11969 at 10:45:34.190
starting worker pid=871037 on localhost:11969 at 11:08:29.944
starting worker pid=871034 on localhost:11969 at 11:08:29.945
starting worker pid=871036 on localhost:11969 at 11:08:29.945
starting worker pid=871035 on localhost:11969 at 11:08:29.948
starting worker pid=871032 on localhost:11969 at 11:08:29.951
starting worker pid=871033 on localhost:11969 at 11:08:29.954
starting worker pid=871038 on localhost:11969 at 11:08:29.966
starting worker pid=871039 on localhost:11969 at 11:08:29.966
starting worker pid=915463 on localhost:11969 at 11:37:18.578
starting worker pid=915468 on localhost:11969 at 11:37:18.578
starting worker pid=915464 on localhost:11969 at 11:37:18.578
starting worker pid=915462 on localhost:11969 at 11:37:18.578
starting worker pid=915469 on localhost:11969 at 11:37:18.578
starting worker pid=915461 on localhost:11969 at 11:37:18.578
starting worker pid=915466 on localhost:11969 at 11:37:18.578
starting worker pid=915465 on localhost:11969 at 11:37:18.578
Wrote results_imputation_r/saver/cells_50000/saver_mse_table.tsv

Done.
