Processing magic datasets from datasets...
/mnt/nfs/home/marcin.malec.local/miniconda3/envs/magic311/lib/python3.11/site-packages/rds2py/PyRdsReader.py:105: RuntimeWarning: Unsupported R object type: other
  warn(f"Unsupported R object type: {rtype}", RuntimeWarning)

--- Dataset: blakeley_top1000markers ---
  -> magic
Calculating MAGIC...
  Running MAGIC on 30 cells and 935 genes.
  Calculating graph and diffusion operator...
/mnt/nfs/home/marcin.malec.local/miniconda3/envs/magic311/lib/python3.11/site-packages/graphtools/base.py:165: RuntimeWarning: Cannot perform PCA to 100 dimensions on data with min(n_samples, n_features) = 30
  warnings.warn(
    Calculating KNN search...
    Calculated KNN search in 0.03 seconds.
    Calculating affinities...
    Calculated affinities in 0.01 seconds.
  Calculated graph and diffusion operator in 0.05 seconds.
  Calculating imputation...
Calculated MAGIC in 0.05 seconds.
Calculating MAGIC...
  Running MAGIC on 30 cells and 935 genes.
  Calculating graph and diffusion operator...
/mnt/nfs/home/marcin.malec.local/miniconda3/envs/magic311/lib/python3.11/site-packages/graphtools/base.py:165: RuntimeWarning: Cannot perform PCA to 100 dimensions on data with min(n_samples, n_features) = 30
  warnings.warn(
    Calculating KNN search...
    Calculated KNN search in 0.01 seconds.
    Calculating affinities...
    Calculated affinities in 0.01 seconds.
  Calculated graph and diffusion operator in 0.02 seconds.
  Calculating imputation...
Calculated MAGIC in 0.02 seconds.
Calculating MAGIC...
  Running MAGIC on 30 cells and 935 genes.
  Calculating graph and diffusion operator...
/mnt/nfs/home/marcin.malec.local/miniconda3/envs/magic311/lib/python3.11/site-packages/graphtools/base.py:165: RuntimeWarning: Cannot perform PCA to 100 dimensions on data with min(n_samples, n_features) = 30
  warnings.warn(
    Calculating KNN search...
    Calculated KNN search in 0.01 seconds.
    Calculating affinities...
    Calculated affinities in 0.01 seconds.
  Calculated graph and diffusion operator in 0.02 seconds.
  Calculating imputation...
Calculated MAGIC in 0.02 seconds.
Calculating MAGIC...
  Running MAGIC on 30 cells and 935 genes.
  Calculating graph and diffusion operator...
/mnt/nfs/home/marcin.malec.local/miniconda3/envs/magic311/lib/python3.11/site-packages/graphtools/base.py:165: RuntimeWarning: Cannot perform PCA to 100 dimensions on data with min(n_samples, n_features) = 30
  warnings.warn(
    Calculating KNN search...
    Calculated KNN search in 0.01 seconds.
    Calculating affinities...
    Calculated affinities in 0.01 seconds.
  Calculated graph and diffusion operator in 0.02 seconds.
  Calculating imputation...
Calculated MAGIC in 0.02 seconds.
Calculating MAGIC...
  Running MAGIC on 30 cells and 935 genes.
  Calculating graph and diffusion operator...
/mnt/nfs/home/marcin.malec.local/miniconda3/envs/magic311/lib/python3.11/site-packages/graphtools/base.py:165: RuntimeWarning: Cannot perform PCA to 100 dimensions on data with min(n_samples, n_features) = 30
  warnings.warn(
    Calculating KNN search...
    Calculated KNN search in 0.01 seconds.
    Calculating affinities...
    Calculated affinities in 0.01 seconds.
  Calculated graph and diffusion operator in 0.02 seconds.
  Calculating imputation...
Calculated MAGIC in 0.02 seconds.
/mnt/nfs/home/marcin.malec.local/miniconda3/envs/magic311/lib/python3.11/site-packages/rds2py/PyRdsReader.py:105: RuntimeWarning: Unsupported R object type: other
  warn(f"Unsupported R object type: {rtype}", RuntimeWarning)
    ASW=0.8697 ARI=0.6361 NMI=0.7267 PS=0.8000

--- Dataset: darmanis_top1000markers ---
  -> magic
Calculating MAGIC...
  Running MAGIC on 420 cells and 1000 genes.
  Calculating graph and diffusion operator...
    Calculating PCA...
    Calculated PCA in 0.02 seconds.
    Calculating KNN search...
    Calculating affinities...
    Calculated affinities in 0.02 seconds.
  Calculated graph and diffusion operator in 0.05 seconds.
  Calculating imputation...
Calculated MAGIC in 0.05 seconds.
Calculating MAGIC...
  Running MAGIC on 420 cells and 1000 genes.
  Calculating graph and diffusion operator...
    Calculating PCA...
    Calculated PCA in 0.02 seconds.
    Calculating KNN search...
    Calculating affinities...
    Calculated affinities in 0.02 seconds.
  Calculated graph and diffusion operator in 0.04 seconds.
  Calculating imputation...
Calculated MAGIC in 0.05 seconds.
Calculating MAGIC...
  Running MAGIC on 420 cells and 1000 genes.
  Calculating graph and diffusion operator...
    Calculating PCA...
    Calculated PCA in 0.02 seconds.
    Calculating KNN search...
    Calculating affinities...
    Calculated affinities in 0.01 seconds.
  Calculated graph and diffusion operator in 0.03 seconds.
  Calculating imputation...
Calculated MAGIC in 0.04 seconds.
Calculating MAGIC...
  Running MAGIC on 420 cells and 1000 genes.
  Calculating graph and diffusion operator...
    Calculating PCA...
    Calculated PCA in 0.02 seconds.
    Calculating KNN search...
    Calculating affinities...
    Calculated affinities in 0.01 seconds.
  Calculated graph and diffusion operator in 0.03 seconds.
  Calculating imputation...
Calculated MAGIC in 0.04 seconds.
Calculating MAGIC...
  Running MAGIC on 420 cells and 1000 genes.
  Calculating graph and diffusion operator...
    Calculating PCA...
    Calculated PCA in 0.02 seconds.
    Calculating KNN search...
    Calculating affinities...
  Calculated graph and diffusion operator in 0.04 seconds.
  Calculating imputation...
Calculated MAGIC in 0.04 seconds.
/mnt/nfs/home/marcin.malec.local/miniconda3/envs/magic311/lib/python3.11/site-packages/rds2py/PyRdsReader.py:105: RuntimeWarning: Unsupported R object type: other
  warn(f"Unsupported R object type: {rtype}", RuntimeWarning)
    ASW=0.6937 ARI=0.8547 NMI=0.8593 PS=0.9066

--- Dataset: deng_top1000markers ---
  -> magic
Calculating MAGIC...
  Running MAGIC on 268 cells and 1000 genes.
  Calculating graph and diffusion operator...
    Calculating PCA...
    Calculated PCA in 0.01 seconds.
    Calculating KNN search...
    Calculating affinities...
  Calculated graph and diffusion operator in 0.03 seconds.
  Calculating imputation...
Calculated MAGIC in 0.03 seconds.
Calculating MAGIC...
  Running MAGIC on 268 cells and 1000 genes.
  Calculating graph and diffusion operator...
    Calculating PCA...
    Calculated PCA in 0.02 seconds.
    Calculating KNN search...
    Calculating affinities...
  Calculated graph and diffusion operator in 0.03 seconds.
  Calculating imputation...
Calculated MAGIC in 0.03 seconds.
Calculating MAGIC...
  Running MAGIC on 268 cells and 1000 genes.
  Calculating graph and diffusion operator...
    Calculating PCA...
    Calculated PCA in 0.01 seconds.
    Calculating KNN search...
    Calculating affinities...
  Calculated graph and diffusion operator in 0.03 seconds.
  Calculating imputation...
Calculated MAGIC in 0.03 seconds.
Calculating MAGIC...
  Running MAGIC on 268 cells and 1000 genes.
  Calculating graph and diffusion operator...
    Calculating PCA...
    Calculated PCA in 0.02 seconds.
    Calculating KNN search...
    Calculating affinities...
  Calculated graph and diffusion operator in 0.03 seconds.
  Calculating imputation...
Calculated MAGIC in 0.03 seconds.
Calculating MAGIC...
  Running MAGIC on 268 cells and 1000 genes.
  Calculating graph and diffusion operator...
    Calculating PCA...
    Calculated PCA in 0.01 seconds.
    Calculating KNN search...
    Calculating affinities...
  Calculated graph and diffusion operator in 0.03 seconds.
  Calculating imputation...
Calculated MAGIC in 0.03 seconds.
/mnt/nfs/home/marcin.malec.local/miniconda3/envs/magic311/lib/python3.11/site-packages/rds2py/PyRdsReader.py:105: RuntimeWarning: Unsupported R object type: other
  warn(f"Unsupported R object type: {rtype}", RuntimeWarning)
    ASW=0.7308 ARI=0.5650 NMI=0.8026 PS=0.8582

--- Dataset: pollen_top1000markers ---
  -> magic
Calculating MAGIC...
  Running MAGIC on 299 cells and 1000 genes.
  Calculating graph and diffusion operator...
    Calculating PCA...
    Calculated PCA in 0.02 seconds.
    Calculating KNN search...
    Calculating affinities...
  Calculated graph and diffusion operator in 0.03 seconds.
  Calculating imputation...
Calculated MAGIC in 0.03 seconds.
Calculating MAGIC...
  Running MAGIC on 299 cells and 1000 genes.
  Calculating graph and diffusion operator...
    Calculating PCA...
    Calculated PCA in 0.02 seconds.
    Calculating KNN search...
    Calculating affinities...
  Calculated graph and diffusion operator in 0.03 seconds.
  Calculating imputation...
Calculated MAGIC in 0.03 seconds.
Calculating MAGIC...
  Running MAGIC on 299 cells and 1000 genes.
  Calculating graph and diffusion operator...
    Calculating PCA...
    Calculated PCA in 0.01 seconds.
    Calculating KNN search...
    Calculating affinities...
  Calculated graph and diffusion operator in 0.03 seconds.
  Calculating imputation...
Calculated MAGIC in 0.03 seconds.
Calculating MAGIC...
  Running MAGIC on 299 cells and 1000 genes.
  Calculating graph and diffusion operator...
    Calculating PCA...
    Calculated PCA in 0.02 seconds.
    Calculating KNN search...
    Calculating affinities...
  Calculated graph and diffusion operator in 0.03 seconds.
  Calculating imputation...
Calculated MAGIC in 0.03 seconds.
Calculating MAGIC...
  Running MAGIC on 299 cells and 1000 genes.
  Calculating graph and diffusion operator...
    Calculating PCA...
    Calculated PCA in 0.02 seconds.
    Calculating KNN search...
    Calculating affinities...
  Calculated graph and diffusion operator in 0.03 seconds.
  Calculating imputation...
Calculated MAGIC in 0.03 seconds.
/mnt/nfs/home/marcin.malec.local/miniconda3/envs/magic311/lib/python3.11/site-packages/rds2py/PyRdsReader.py:105: RuntimeWarning: Unsupported R object type: other
  warn(f"Unsupported R object type: {rtype}", RuntimeWarning)
    ASW=0.8835 ARI=0.9654 NMI=0.9591 PS=0.9652

--- Dataset: usoskin_top1000markers ---
  -> magic
Calculating MAGIC...
  Running MAGIC on 622 cells and 1000 genes.
  Calculating graph and diffusion operator...
    Calculating PCA...
    Calculated PCA in 0.02 seconds.
    Calculating KNN search...
    Calculating affinities...
    Calculated affinities in 0.02 seconds.
  Calculated graph and diffusion operator in 0.05 seconds.
  Calculating imputation...
Calculated MAGIC in 0.05 seconds.
Calculating MAGIC...
  Running MAGIC on 622 cells and 1000 genes.
  Calculating graph and diffusion operator...
    Calculating PCA...
    Calculated PCA in 0.02 seconds.
    Calculating KNN search...
    Calculating affinities...
    Calculated affinities in 0.02 seconds.
  Calculated graph and diffusion operator in 0.05 seconds.
  Calculating imputation...
Calculated MAGIC in 0.05 seconds.
Calculating MAGIC...
  Running MAGIC on 622 cells and 1000 genes.
  Calculating graph and diffusion operator...
    Calculating PCA...
    Calculated PCA in 0.02 seconds.
    Calculating KNN search...
    Calculating affinities...
    Calculated affinities in 0.01 seconds.
  Calculated graph and diffusion operator in 0.04 seconds.
  Calculating imputation...
Calculated MAGIC in 0.05 seconds.
Calculating MAGIC...
  Running MAGIC on 622 cells and 1000 genes.
  Calculating graph and diffusion operator...
    Calculating PCA...
    Calculated PCA in 0.02 seconds.
    Calculating KNN search...
    Calculating affinities...
    Calculated affinities in 0.01 seconds.
  Calculated graph and diffusion operator in 0.05 seconds.
  Calculating imputation...
Calculated MAGIC in 0.05 seconds.
Calculating MAGIC...
  Running MAGIC on 622 cells and 1000 genes.
  Calculating graph and diffusion operator...
    Calculating PCA...
    Calculated PCA in 0.02 seconds.
    Calculating KNN search...
    Calculating affinities...
    Calculated affinities in 0.02 seconds.
  Calculated graph and diffusion operator in 0.05 seconds.
  Calculating imputation...
Calculated MAGIC in 0.05 seconds.
    ASW=0.5896 ARI=0.8712 NMI=0.8229 PS=0.9312
Saved results_clustering_py/magic/magic_clustering_table.tsv
Finished [PY/magic]
