Processing baseline datasets from datasets...

=== baron-human_top1000markers ===
Running baseline x5...

=== baron-mouse_top1000markers ===
Running baseline x5...

=== campbell_top1000markers ===
Running baseline x5...

=== chen_top1000markers ===
Running baseline x5...

=== macosko_top1000markers ===
Running baseline x5...

=== manno_human_top1000markers ===
Running baseline x5...

=== manno_mouse_top1000markers ===
Running baseline x5...

=== shekhar_top1000markers ===
Running baseline x5...

=== zeisel_top1000markers ===
Running baseline x5...
Wrote results_clustering_r/baseline/baseline_clustering_table.tsv

Done.
Finished [R/baseline]
