Processing ccimpute datasets from datasets...

=== baron-human_top1000markers ===
Running ccImpute x5...

=== baron-mouse_top1000markers ===
Running ccImpute x5...

=== campbell_top1000markers ===
Running ccImpute x5...

=== chen_top1000markers ===
Running ccImpute x5...

=== macosko_top1000markers ===
Running ccImpute x5...

=== manno_human_top1000markers ===
Running ccImpute x5...

=== manno_mouse_top1000markers ===
Running ccImpute x5...

=== shekhar_top1000markers ===
Running ccImpute x5...

=== zeisel_top1000markers ===
Running ccImpute x5...
Wrote results_clustering_r/ccimpute/ccimpute_clustering_table.tsv

Done.
Finished [R/ccimpute]
