/mnt/nfs/home/marcin.malec.local/miniconda3/envs/magic311/lib/python3.11/site-packages/keras/src/export/tf2onnx_lib.py:8: FutureWarning: In the future `np.object` will be defined as the corresponding NumPy scalar.
  if not hasattr(np, "object"):
=== batch_effects_moderate_drop
{"ari_grid_max": 0.5020784535813438, "ari_grid_mean": 0.3971463379980248, "ari_matched_mean": 0.4833791561717568, "dataset": "batch_effects_moderate_drop", "gnrmse": 1.287841100158832, "mae": 0.42124585772291595, "mse": 0.32408221747466787, "mse_biozero": 0.00688106441649496, "mse_dropout": 0.4555746902256851, "n_clusters_matched_mean": 7.0, "nmi_grid_max": 0.6478676788762169, "nmi_grid_mean": 0.5797679559238946, "nmi_matched_mean": 0.6311471135833955, "runtime_sec": 141.92115664179437, "seed": 42, "transform": "raw"}
=== batch_effects_moderate_drop_group
{"ari_grid_max": 0.5183176472882247, "ari_grid_mean": 0.3999784060730061, "ari_matched_mean": 0.51729182707445, "dataset": "batch_effects_moderate_drop_group", "gnrmse": 1.2671234905524085, "mae": 0.4029302489830769, "mse": 0.30376830760215784, "mse_biozero": 0.005791729438001308, "mse_dropout": 0.44437618339520446, "n_clusters_matched_mean": 6.0, "nmi_grid_max": 0.6547993464322127, "nmi_grid_mean": 0.5886975672019704, "nmi_matched_mean": 0.6532586907397425, "runtime_sec": 142.9199250501115, "seed": 42, "transform": "raw"}
=== groups_balanced_moderate_drop
{"ari_grid_max": 0.9832840786922368, "ari_grid_mean": 0.7414001357453077, "ari_matched_mean": 0.9826968032684352, "dataset": "groups_balanced_moderate_drop", "gnrmse": 1.2862329337002067, "mae": 0.4051460790911001, "mse": 0.2933031321397575, "mse_biozero": 0.005868857306907841, "mse_dropout": 0.40506974516126604, "n_clusters_matched_mean": 3.0, "nmi_grid_max": 0.9675652959912935, "nmi_grid_mean": 0.8174109357641173, "nmi_matched_mean": 0.9659690031122405, "runtime_sec": 142.78958457987756, "seed": 42, "transform": "raw"}
=== groups_balanced_moderate_drop_group
{"ari_grid_max": 0.9604616710343304, "ari_grid_mean": 0.7670470420652608, "ari_matched_mean": 0.956951795446683, "dataset": "groups_balanced_moderate_drop_group", "gnrmse": 1.2681268312723315, "mae": 0.387565423394655, "mse": 0.271930704272001, "mse_biozero": 0.005719846762109179, "mse_dropout": 0.3801959181479994, "n_clusters_matched_mean": 3.0, "nmi_grid_max": 0.9306447761916733, "nmi_grid_mean": 0.8147427103118485, "nmi_matched_mean": 0.9256502315883998, "runtime_sec": 142.86536992294714, "seed": 42, "transform": "raw"}
=== groups_balanced_nodrop
{"ari_grid_max": 1.0, "ari_grid_mean": 0.8617010252653159, "ari_matched_mean": 1.0, "dataset": "groups_balanced_nodrop", "gnrmse": 0.9921624166005018, "mae": 0.2874759639087324, "mse": 0.14886827684606524, "mse_biozero": 0.027567427891267877, "mse_dropout": NaN, "n_clusters_matched_mean": 3.0, "nmi_grid_max": 1.0, "nmi_grid_mean": 0.9211761653193441, "nmi_matched_mean": 1.0, "runtime_sec": 142.9017425349448, "seed": 42, "transform": "raw"}
=== groups_imbalanced_moderate_drop
{"ari_grid_max": 0.9643578445013709, "ari_grid_mean": 0.5905506085033875, "ari_matched_mean": 0.9604570052210588, "dataset": "groups_imbalanced_moderate_drop", "gnrmse": 1.2781754871352213, "mae": 0.3980245098429418, "mse": 0.28458797539153585, "mse_biozero": 0.005124747062509938, "mse_dropout": 0.4025366216742161, "n_clusters_matched_mean": 3.0, "nmi_grid_max": 0.9250859911644568, "nmi_grid_mean": 0.7213441422040902, "nmi_matched_mean": 0.9183157240682014, "runtime_sec": 145.007124600932, "seed": 42, "transform": "raw"}
=== groups_imbalanced_moderate_drop_group
{"ari_grid_max": 0.9669533974518834, "ari_grid_mean": 0.599447690731431, "ari_matched_mean": 0.9634097726261415, "dataset": "groups_imbalanced_moderate_drop_group", "gnrmse": 1.247590173230378, "mae": 0.38193198011237633, "mse": 0.26353145576510656, "mse_biozero": 0.005932833117904962, "mse_dropout": 0.3777522733469657, "n_clusters_matched_mean": 3.0, "nmi_grid_max": 0.9326253006899594, "nmi_grid_mean": 0.7298461265485897, "nmi_matched_mean": 0.9274959615308911, "runtime_sec": 144.38918070006184, "seed": 42, "transform": "raw"}
=== groups_rare_high_drop
{"ari_grid_max": 0.5306159697196089, "ari_grid_mean": 0.31349570801868526, "ari_matched_mean": 0.4275999685375182, "dataset": "groups_rare_high_drop", "gnrmse": 1.6125220395171846, "mae": 0.5464444703324751, "mse": 0.49880309905017817, "mse_biozero": 0.0022799989636796145, "mse_dropout": 0.6453333888210161, "n_clusters_matched_mean": 4.0, "nmi_grid_max": 0.4446550790760055, "nmi_grid_mean": 0.3540161218030733, "nmi_matched_mean": 0.4199533003692281, "runtime_sec": 143.015372939175, "seed": 42, "transform": "raw"}
=== groups_rare_high_drop_group
{"ari_grid_max": 0.924777061515364, "ari_grid_mean": 0.6423273211384539, "ari_matched_mean": 0.6457169368433544, "dataset": "groups_rare_high_drop_group", "gnrmse": 1.5455802467233688, "mae": 0.5123793239450293, "mse": 0.4530839451927735, "mse_biozero": 0.0019092961238547923, "mse_dropout": 0.6076471718882437, "n_clusters_matched_mean": 4.0, "nmi_grid_max": 0.8582073112153661, "nmi_grid_mean": 0.7177840485733384, "nmi_matched_mean": 0.7308524615766261, "runtime_sec": 142.16227408195846, "seed": 42, "transform": "raw"}
=== paths_branching_moderate_drop
{"ari_grid_max": 0.5301924199658967, "ari_grid_mean": 0.42407129400967847, "ari_matched_mean": 0.50633190624584, "dataset": "paths_branching_moderate_drop", "gnrmse": 1.2632173005133278, "mae": 0.4027169863754466, "mse": 0.29046473936422107, "mse_biozero": 0.007005674227815833, "mse_dropout": 0.40719305332247274, "n_clusters_matched_mean": 5.0, "nmi_grid_max": 0.5853691648970965, "nmi_grid_mean": 0.5119009565719657, "nmi_matched_mean": 0.5606566272963327, "runtime_sec": 144.42161995195784, "seed": 42, "transform": "raw"}
=== paths_branching_moderate_drop_group
{"ari_grid_max": 0.6308564482800024, "ari_grid_mean": 0.4589546341604518, "ari_matched_mean": 0.6308564482800024, "dataset": "paths_branching_moderate_drop_group", "gnrmse": 1.2434581442668589, "mae": 0.39083730477706163, "mse": 0.27640817239265497, "mse_biozero": 0.005183638229161378, "mse_dropout": 0.39741300623835, "n_clusters_matched_mean": 4.0, "nmi_grid_max": 0.6379510092908862, "nmi_grid_mean": 0.554577103064725, "nmi_matched_mean": 0.6379510092908862, "runtime_sec": 143.5519032208249, "seed": 42, "transform": "raw"}
=== paths_linear_moderate_drop
{"ari_grid_max": 0.5061590901745882, "ari_grid_mean": 0.3776243601135725, "ari_matched_mean": 0.5061590901745882, "dataset": "paths_linear_moderate_drop", "gnrmse": 1.240343329487239, "mae": 0.3935568377171294, "mse": 0.2810748452598213, "mse_biozero": 0.005793956202376572, "mse_dropout": 0.39420622131120403, "n_clusters_matched_mean": 5.0, "nmi_grid_max": 0.5936585319634005, "nmi_grid_mean": 0.5104251510743792, "nmi_matched_mean": 0.5732010193410639, "runtime_sec": 143.083691079868, "seed": 42, "transform": "raw"}
=== paths_linear_moderate_drop_group
{"ari_grid_max": 0.5759582665323133, "ari_grid_mean": 0.41530851019029424, "ari_matched_mean": 0.5086876550990612, "dataset": "paths_linear_moderate_drop_group", "gnrmse": 1.2312488962873431, "mae": 0.38538997781036277, "mse": 0.27217791380833595, "mse_biozero": 0.006165425749640694, "mse_dropout": 0.38022687638183844, "n_clusters_matched_mean": 4.0, "nmi_grid_max": 0.6226462638655447, "nmi_grid_mean": 0.5347452533123224, "nmi_matched_mean": 0.5982804278625365, "runtime_sec": 143.95350217516534, "seed": 42, "transform": "raw"}
transform      mse  mse_dropout  mse_biozero      mae   gnrmse  ari_grid_mean  nmi_grid_mean  ari_matched_mean  nmi_matched_mean
      raw 0.304776      0.44146     0.007017 0.408896 1.289509       0.537619       0.642803          0.699195          0.734056
Wrote results_phase6/ablation_uniform_masking/metrics.tsv
