warning: lineno.sty:296: Invalid UTF-8 byte or sequence at line 296 replaced by U+FFFD.
warning: algorithm.sty:11: 
Invalid UTF-8 byte or sequence at line 11 replaced by U+FFFD.
warning: algorithmic.sty:11: 
Invalid UTF-8 byte or sequence at line 11 replaced by U+FFFD.
warning: main.tex:95: Underfull \vbox (badness 10000) has occurred while \output is active
warning: main.tex:121: Underfull \vbox (badness 1448) has occurred while \output is active
warning: main.tex:709: Underfull \hbox (badness 1205) in paragraph at lines 691--709
warning: appendix_synthetic_details.tex:27: Underfull \hbox (badness 10000) in paragraph at lines 17--27
warning: appendix_synthetic_details.tex:27: Overfull \hbox (27.17297pt too wide) in paragraph at lines 17--27
warning: appendix_synthetic_details.tex:27: Overfull \hbox (22.7122pt too wide) in paragraph at lines 17--27
warning: appendix_synthetic_details.tex:45: Underfull \hbox (badness 2005) in paragraph at lines 29--45
warning: appendix_synthetic_details.tex:45: Underfull \hbox (badness 2653) in paragraph at lines 29--45
warning: main.tex:811: Underfull \vbox (badness 10000) has occurred while \output is active
warning: checklist.tex:88: Underfull \hbox (badness 5388) in paragraph at lines 87--88
warning: lineno.sty:296: Invalid UTF-8 byte or sequence at line 296 replaced by U+FFFD.
warning: algorithm.sty:11: 
Invalid UTF-8 byte or sequence at line 11 replaced by U+FFFD.
warning: algorithmic.sty:11: 
Invalid UTF-8 byte or sequence at line 11 replaced by U+FFFD.
warning: main.tex:95: Underfull \vbox (badness 10000) has occurred while \output is active
warning: main.tex:121: Underfull \vbox (badness 1448) has occurred while \output is active
warning: main.tex:709: Underfull \hbox (badness 1205) in paragraph at lines 691--709
warning: main.bbl:172: Underfull \hbox (badness 1226) in paragraph at lines 167--172
warning: appendix_synthetic_details.tex:27: Underfull \hbox (badness 10000) in paragraph at lines 17--27
warning: appendix_synthetic_details.tex:27: Overfull \hbox (27.17297pt too wide) in paragraph at lines 17--27
warning: appendix_synthetic_details.tex:27: Overfull \hbox (22.7122pt too wide) in paragraph at lines 17--27
warning: appendix_synthetic_details.tex:45: Underfull \hbox (badness 2005) in paragraph at lines 29--45
warning: appendix_synthetic_details.tex:45: Underfull \hbox (badness 2653) in paragraph at lines 29--45
warning: main.tex:811: Underfull \vbox (badness 10000) has occurred while \output is active
warning: checklist.tex:88: Underfull \hbox (badness 5388) in paragraph at lines 87--88
warning: internal consistency problem when checking if main.bbl changed
warning: lineno.sty:296: Invalid UTF-8 byte or sequence at line 296 replaced by U+FFFD.
warning: algorithm.sty:11: 
Invalid UTF-8 byte or sequence at line 11 replaced by U+FFFD.
warning: algorithmic.sty:11: 
Invalid UTF-8 byte or sequence at line 11 replaced by U+FFFD.
warning: main.tex:95: Underfull \vbox (badness 10000) has occurred while \output is active
warning: main.tex:530: Underfull \vbox (badness 1546) has occurred while \output is active
warning: main.tex:599: Underfull \vbox (badness 10000) has occurred while \output is active
warning: main.tex:709: Underfull \hbox (badness 1205) in paragraph at lines 691--709
warning: main.bbl:172: Underfull \hbox (badness 1226) in paragraph at lines 167--172
warning: appendix_synthetic_details.tex:27: Underfull \hbox (badness 10000) in paragraph at lines 17--27
warning: appendix_synthetic_details.tex:27: Overfull \hbox (27.17297pt too wide) in paragraph at lines 17--27
warning: appendix_synthetic_details.tex:27: Overfull \hbox (22.7122pt too wide) in paragraph at lines 17--27
warning: appendix_synthetic_details.tex:45: Underfull \hbox (badness 2005) in paragraph at lines 29--45
warning: appendix_synthetic_details.tex:45: Underfull \hbox (badness 2653) in paragraph at lines 29--45
warning: main.tex:811: Underfull \vbox (badness 10000) has occurred while \output is active
warning: checklist.tex:88: Underfull \hbox (badness 5388) in paragraph at lines 87--88
warning: internal consistency problem when checking if main.bbl changed
warning: lineno.sty:296: Invalid UTF-8 byte or sequence at line 296 replaced by U+FFFD.
warning: algorithm.sty:11: 
Invalid UTF-8 byte or sequence at line 11 replaced by U+FFFD.
warning: algorithmic.sty:11: 
Invalid UTF-8 byte or sequence at line 11 replaced by U+FFFD.
warning: main.tex:95: Underfull \vbox (badness 10000) has occurred while \output is active
warning: main.tex:530: Underfull \vbox (badness 1546) has occurred while \output is active
warning: main.tex:599: Underfull \vbox (badness 10000) has occurred while \output is active
warning: main.tex:709: Underfull \hbox (badness 1205) in paragraph at lines 691--709
warning: main.bbl:172: Underfull \hbox (badness 1226) in paragraph at lines 167--172
warning: appendix_synthetic_details.tex:27: Underfull \hbox (badness 10000) in paragraph at lines 17--27
warning: appendix_synthetic_details.tex:27: Overfull \hbox (27.17297pt too wide) in paragraph at lines 17--27
warning: appendix_synthetic_details.tex:27: Overfull \hbox (22.7122pt too wide) in paragraph at lines 17--27
warning: appendix_synthetic_details.tex:45: Underfull \hbox (badness 2005) in paragraph at lines 29--45
warning: appendix_synthetic_details.tex:45: Underfull \hbox (badness 2653) in paragraph at lines 29--45
warning: main.tex:811: Underfull \vbox (badness 10000) has occurred while \output is active
warning: checklist.tex:88: Underfull \hbox (badness 5388) in paragraph at lines 87--88
warning: internal consistency problem when checking if main.bbl changed
warning: lineno.sty:296: Invalid UTF-8 byte or sequence at line 296 replaced by U+FFFD.
warning: algorithm.sty:11: 
Invalid UTF-8 byte or sequence at line 11 replaced by U+FFFD.
warning: algorithmic.sty:11: 
Invalid UTF-8 byte or sequence at line 11 replaced by U+FFFD.
warning: main.tex:95: Underfull \vbox (badness 10000) has occurred while \output is active
warning: main.tex:530: Underfull \vbox (badness 1546) has occurred while \output is active
warning: main.tex:599: Underfull \vbox (badness 10000) has occurred while \output is active
warning: main.tex:709: Underfull \hbox (badness 1205) in paragraph at lines 691--709
warning: main.bbl:172: Underfull \hbox (badness 1226) in paragraph at lines 167--172
warning: appendix_synthetic_details.tex:27: Underfull \hbox (badness 10000) in paragraph at lines 17--27
warning: appendix_synthetic_details.tex:27: Overfull \hbox (27.17297pt too wide) in paragraph at lines 17--27
warning: appendix_synthetic_details.tex:27: Overfull \hbox (22.7122pt too wide) in paragraph at lines 17--27
warning: appendix_synthetic_details.tex:45: Underfull \hbox (badness 2005) in paragraph at lines 29--45
warning: appendix_synthetic_details.tex:45: Underfull \hbox (badness 2653) in paragraph at lines 29--45
warning: main.tex:811: Underfull \vbox (badness 10000) has occurred while \output is active
warning: checklist.tex:88: Underfull \hbox (badness 5388) in paragraph at lines 87--88
warning: internal consistency problem when checking if main.bbl changed
warning: lineno.sty:296: Invalid UTF-8 byte or sequence at line 296 replaced by U+FFFD.
warning: algorithm.sty:11: 
Invalid UTF-8 byte or sequence at line 11 replaced by U+FFFD.
warning: algorithmic.sty:11: 
Invalid UTF-8 byte or sequence at line 11 replaced by U+FFFD.
warning: main.tex:95: Underfull \vbox (badness 10000) has occurred while \output is active
warning: main.tex:530: Underfull \vbox (badness 1546) has occurred while \output is active
warning: main.tex:599: Underfull \vbox (badness 10000) has occurred while \output is active
warning: main.tex:709: Underfull \hbox (badness 1205) in paragraph at lines 691--709
warning: main.bbl:172: Underfull \hbox (badness 1226) in paragraph at lines 167--172
warning: appendix_synthetic_details.tex:27: Underfull \hbox (badness 10000) in paragraph at lines 17--27
warning: appendix_synthetic_details.tex:27: Overfull \hbox (27.17297pt too wide) in paragraph at lines 17--27
warning: appendix_synthetic_details.tex:27: Overfull \hbox (22.7122pt too wide) in paragraph at lines 17--27
warning: appendix_synthetic_details.tex:45: Underfull \hbox (badness 2005) in paragraph at lines 29--45
warning: appendix_synthetic_details.tex:45: Underfull \hbox (badness 2653) in paragraph at lines 29--45
warning: main.tex:811: Underfull \vbox (badness 10000) has occurred while \output is active
warning: checklist.tex:88: Underfull \hbox (badness 5388) in paragraph at lines 87--88
warning: internal consistency problem when checking if main.bbl changed
warning: lineno.sty:296: Invalid UTF-8 byte or sequence at line 296 replaced by U+FFFD.
warning: algorithm.sty:11: 
Invalid UTF-8 byte or sequence at line 11 replaced by U+FFFD.
warning: algorithmic.sty:11: 
Invalid UTF-8 byte or sequence at line 11 replaced by U+FFFD.
warning: main.tex:95: Underfull \vbox (badness 10000) has occurred while \output is active
warning: main.tex:530: Underfull \vbox (badness 1546) has occurred while \output is active
warning: main.tex:599: Underfull \vbox (badness 10000) has occurred while \output is active
warning: main.tex:709: Underfull \hbox (badness 1205) in paragraph at lines 691--709
warning: main.bbl:172: Underfull \hbox (badness 1226) in paragraph at lines 167--172
warning: appendix_synthetic_details.tex:27: Underfull \hbox (badness 10000) in paragraph at lines 17--27
warning: appendix_synthetic_details.tex:27: Overfull \hbox (27.17297pt too wide) in paragraph at lines 17--27
warning: appendix_synthetic_details.tex:27: Overfull \hbox (22.7122pt too wide) in paragraph at lines 17--27
warning: appendix_synthetic_details.tex:45: Underfull \hbox (badness 2005) in paragraph at lines 29--45
warning: appendix_synthetic_details.tex:45: Underfull \hbox (badness 2653) in paragraph at lines 29--45
warning: main.tex:811: Underfull \vbox (badness 10000) has occurred while \output is active
warning: checklist.tex:88: Underfull \hbox (badness 5388) in paragraph at lines 87--88
warning: internal consistency problem when checking if main.bbl changed
warning: TeX rerun seems needed, but stopping at 6 passes
warning: warnings were issued by the TeX engine; use --print and/or --keep-logs for details.
note: Running TeX ...
note: Running BibTeX on main.aux ...
note: Rerunning TeX because bibtex was run ...
note: Rerunning TeX because "main.bbl" changed ...
note: Rerunning TeX because "main.bbl" changed ...
note: Rerunning TeX because "main.bbl" changed ...
note: Rerunning TeX because "main.bbl" changed ...
note: Rerunning TeX because "main.bbl" changed ...
note: Running xdvipdfmx ...
note: Writing `main.blg` (194 B)
note: Writing `main.pdf` (632.16 KiB)
note: Writing `main.log` (24.35 KiB)
note: Skipped writing 3 intermediate files (use --keep-intermediates to keep them)
