/mnt/nfs/home/marcin.malec.local/miniconda3/envs/magic311/lib/python3.11/site-packages/keras/src/export/tf2onnx_lib.py:8: FutureWarning: In the future `np.object` will be defined as the corresponding NumPy scalar.
  if not hasattr(np, "object"):
=== batch_effects_moderate_drop
{"ari_grid_max": 0.4281589797235622, "ari_grid_mean": 0.2476595446240982, "ari_matched_mean": 0.427256716083556, "dataset": "batch_effects_moderate_drop", "gnrmse": 1.7880748024267936, "mae": 0.645311995611567, "mse": 0.6595989990079593, "mse_biozero": 0.005999189999803254, "mse_dropout": 0.7220440679465671, "n_clusters_matched_mean": 8.0, "nmi_grid_max": 0.5800980790372627, "nmi_grid_mean": 0.48762378162998476, "nmi_matched_mean": 0.5784669251393032, "runtime_sec": 142.17905252589844, "seed": 42, "transform": "raw"}
=== batch_effects_moderate_drop_group
{"ari_grid_max": 0.5124370123104682, "ari_grid_mean": 0.32649827860385267, "ari_matched_mean": 0.5117748880992599, "dataset": "batch_effects_moderate_drop_group", "gnrmse": 1.7818918884193182, "mae": 0.6242052970200703, "mse": 0.6353542507984382, "mse_biozero": 0.005280627155253716, "mse_dropout": 0.727666865656784, "n_clusters_matched_mean": 6.0, "nmi_grid_max": 0.6447828923566161, "nmi_grid_mean": 0.5418916441338926, "nmi_matched_mean": 0.6438530027308602, "runtime_sec": 145.25124071002938, "seed": 42, "transform": "raw"}
=== groups_balanced_moderate_drop
{"ari_grid_max": 0.9386667319677571, "ari_grid_mean": 0.5982069182906721, "ari_matched_mean": 0.9386667319677571, "dataset": "groups_balanced_moderate_drop", "gnrmse": 1.8369984355898126, "mae": 0.6442273733933793, "mse": 0.643803301050584, "mse_biozero": 0.004586416223982725, "mse_dropout": 0.6883929995199927, "n_clusters_matched_mean": 3.0, "nmi_grid_max": 0.8973173582038958, "nmi_grid_mean": 0.7059172794771826, "nmi_matched_mean": 0.8973173582038958, "runtime_sec": 146.9223271429073, "seed": 42, "transform": "raw"}
=== groups_balanced_moderate_drop_group
{"ari_grid_max": 0.9331791418454534, "ari_grid_mean": 0.547486178767264, "ari_matched_mean": 0.9320290252861749, "dataset": "groups_balanced_moderate_drop_group", "gnrmse": 1.8266667711375473, "mae": 0.6168296073823007, "mse": 0.6145195935421447, "mse_biozero": 0.0048311185771169746, "mse_dropout": 0.6708810617292126, "n_clusters_matched_mean": 3.0, "nmi_grid_max": 0.8923977203184117, "nmi_grid_mean": 0.6766717006119082, "nmi_matched_mean": 0.8908592558240972, "runtime_sec": 147.4333238818217, "seed": 42, "transform": "raw"}
=== groups_balanced_nodrop
{"ari_grid_max": 0.999399658439669, "ari_grid_mean": 0.7283955827946172, "ari_matched_mean": 0.999399658439669, "dataset": "groups_balanced_nodrop", "gnrmse": 0.9812542859102148, "mae": 0.2931546648009879, "mse": 0.14744996201390861, "mse_biozero": 0.07949455524076407, "mse_dropout": NaN, "n_clusters_matched_mean": 3.0, "nmi_grid_max": 0.998467289639874, "nmi_grid_mean": 0.8412680192199772, "nmi_matched_mean": 0.998467289639874, "runtime_sec": 144.2129386300221, "seed": 42, "transform": "raw"}
=== groups_imbalanced_moderate_drop
{"ari_grid_max": 0.9153280709688807, "ari_grid_mean": 0.392483093351052, "ari_matched_mean": 0.9153280709688807, "dataset": "groups_imbalanced_moderate_drop", "gnrmse": 1.8560119270899262, "mae": 0.6401964659451821, "mse": 0.6327986013715624, "mse_biozero": 0.004798872664703735, "mse_dropout": 0.683626575346204, "n_clusters_matched_mean": 3.0, "nmi_grid_max": 0.8338614835395646, "nmi_grid_mean": 0.5588422339045149, "nmi_matched_mean": 0.8338614835395646, "runtime_sec": 145.4511690021027, "seed": 42, "transform": "raw"}
=== groups_imbalanced_moderate_drop_group
{"ari_grid_max": 0.6091081916500127, "ari_grid_mean": 0.3737275269046017, "ari_matched_mean": 0.6091081916500127, "dataset": "groups_imbalanced_moderate_drop_group", "gnrmse": 1.743511145735661, "mae": 0.5774756431814286, "mse": 0.5404342160326744, "mse_biozero": 0.005267462887914375, "mse_dropout": 0.6008455814076021, "n_clusters_matched_mean": 4.0, "nmi_grid_max": 0.7200209081789194, "nmi_grid_mean": 0.5821020557410735, "nmi_matched_mean": 0.7200209081789194, "runtime_sec": 146.19199218298309, "seed": 42, "transform": "raw"}
=== groups_rare_high_drop
{"ari_grid_max": 0.48804518958152643, "ari_grid_mean": 0.24285741735512312, "ari_matched_mean": 0.336931656813096, "dataset": "groups_rare_high_drop", "gnrmse": 2.6118036692041695, "mae": 0.9754556721061474, "mse": 1.3648160362078836, "mse_biozero": 0.0014359551172565778, "mse_dropout": 1.4413731709907542, "n_clusters_matched_mean": 4.0, "nmi_grid_max": 0.38604561452559716, "nmi_grid_mean": 0.2978892627021765, "nmi_matched_mean": 0.33470608380265593, "runtime_sec": 146.58619609312154, "seed": 42, "transform": "raw"}
=== groups_rare_high_drop_group
{"ari_grid_max": 0.629255168484615, "ari_grid_mean": 0.4147585594412314, "ari_matched_mean": 0.6031644617421373, "dataset": "groups_rare_high_drop_group", "gnrmse": 2.397083739394061, "mae": 0.8790023016460667, "mse": 1.15494856388325, "mse_biozero": 0.0011294855627886195, "mse_dropout": 1.2578716221511177, "n_clusters_matched_mean": 4.0, "nmi_grid_max": 0.7064220365270675, "nmi_grid_mean": 0.5924464647880785, "nmi_matched_mean": 0.7003211751500459, "runtime_sec": 144.16047029802576, "seed": 42, "transform": "raw"}
=== paths_branching_moderate_drop
{"ari_grid_max": 0.5094361077133275, "ari_grid_mean": 0.3508897397468005, "ari_matched_mean": 0.4513196433667619, "dataset": "paths_branching_moderate_drop", "gnrmse": 1.778173688390284, "mae": 0.627018606382393, "mse": 0.6142958156646062, "mse_biozero": 0.005814567525308424, "mse_dropout": 0.6603801017455052, "n_clusters_matched_mean": 4.0, "nmi_grid_max": 0.52963069891277, "nmi_grid_mean": 0.4495686659035798, "nmi_matched_mean": 0.4765434108434574, "runtime_sec": 145.56299480702728, "seed": 42, "transform": "raw"}
=== paths_branching_moderate_drop_group
{"ari_grid_max": 0.6880555743350351, "ari_grid_mean": 0.4431390870618001, "ari_matched_mean": 0.6880555743350351, "dataset": "paths_branching_moderate_drop_group", "gnrmse": 1.834486053694209, "mae": 0.6326188083827567, "mse": 0.6352049501638286, "mse_biozero": 0.00452304756870087, "mse_dropout": 0.7088647452815349, "n_clusters_matched_mean": 4.0, "nmi_grid_max": 0.6727640505386079, "nmi_grid_mean": 0.5604411435621172, "nmi_matched_mean": 0.6727640505386079, "runtime_sec": 144.61540814093314, "seed": 42, "transform": "raw"}
=== paths_linear_moderate_drop
{"ari_grid_max": 0.4671727447097695, "ari_grid_mean": 0.3380804982127382, "ari_matched_mean": 0.4231938378996659, "dataset": "paths_linear_moderate_drop", "gnrmse": 1.7696664075993023, "mae": 0.6287551071444494, "mse": 0.6277819452822919, "mse_biozero": 0.004423736392488947, "mse_dropout": 0.6789915992074905, "n_clusters_matched_mean": 4.0, "nmi_grid_max": 0.5620145679194442, "nmi_grid_mean": 0.4735275109935333, "nmi_matched_mean": 0.49242340294383163, "runtime_sec": 144.40260648611002, "seed": 42, "transform": "raw"}
=== paths_linear_moderate_drop_group
{"ari_grid_max": 0.5875828541424596, "ari_grid_mean": 0.3398501969656248, "ari_matched_mean": 0.47667550599357245, "dataset": "paths_linear_moderate_drop_group", "gnrmse": 1.739548440218394, "mae": 0.6041363459686353, "mse": 0.6002788162645352, "mse_biozero": 0.004656049398388761, "mse_dropout": 0.6582904886653039, "n_clusters_matched_mean": 5.0, "nmi_grid_max": 0.6257900075769457, "nmi_grid_mean": 0.49652318774306653, "nmi_matched_mean": 0.5478642222252723, "runtime_sec": 145.49359540594742, "seed": 42, "transform": "raw"}
transform      mse  mse_dropout  mse_biozero      mae   gnrmse  ari_grid_mean  nmi_grid_mean  ari_matched_mean  nmi_matched_mean
      raw 0.682407     0.791602     0.010172 0.645261 1.841936       0.411079       0.558824          0.639454          0.675959
Wrote results_phase6/ablation_plain_mae/metrics.tsv
