/mnt/nfs/home/marcin.malec.local/miniconda3/envs/magic311/lib/python3.11/site-packages/keras/src/export/tf2onnx_lib.py:8: FutureWarning: In the future `np.object` will be defined as the corresponding NumPy scalar.
  if not hasattr(np, "object"):
=== batch_effects_moderate_drop
{"ari_grid_max": 0.5281291302090743, "ari_grid_mean": 0.4209357742580415, "ari_matched_mean": 0.5122122164155549, "dataset": "batch_effects_moderate_drop", "gnrmse": 1.1505016069720966, "mae": 0.35660955085586443, "mse": 0.2356212965930853, "mse_biozero": 0.021623942991348313, "mse_dropout": 0.316039375200682, "n_clusters_matched_mean": 6.0, "nmi_grid_max": 0.6891075402817963, "nmi_grid_mean": 0.6189342264192201, "nmi_matched_mean": 0.6650902861896066, "runtime_sec": 148.15522854286246, "seed": 42, "transform": "raw"}
=== batch_effects_moderate_drop_group
{"ari_grid_max": 0.5397303126579137, "ari_grid_mean": 0.44686418203840034, "ari_matched_mean": 0.5347049736326294, "dataset": "batch_effects_moderate_drop_group", "gnrmse": 1.1369934826333088, "mae": 0.341489966091812, "mse": 0.21887948289103829, "mse_biozero": 0.02052373037117917, "mse_dropout": 0.3009840327609857, "n_clusters_matched_mean": 6.0, "nmi_grid_max": 0.6965009077760126, "nmi_grid_mean": 0.6387342300361669, "nmi_matched_mean": 0.6882795072285767, "runtime_sec": 144.8458905830048, "seed": 42, "transform": "raw"}
=== groups_balanced_moderate_drop
{"ari_grid_max": 0.9964009354222355, "ari_grid_mean": 0.7288785302893581, "ari_matched_mean": 0.9964009354222355, "dataset": "groups_balanced_moderate_drop", "gnrmse": 1.1682658592761295, "mae": 0.3486188070781399, "mse": 0.22080730018838457, "mse_biozero": 0.017231091523136864, "mse_dropout": 0.2916895794574376, "n_clusters_matched_mean": 3.0, "nmi_grid_max": 0.9918129253342166, "nmi_grid_mean": 0.8336381681006508, "nmi_matched_mean": 0.9918129253342166, "runtime_sec": 144.619960910175, "seed": 42, "transform": "raw"}
=== groups_balanced_moderate_drop_group
{"ari_grid_max": 0.9887496199315049, "ari_grid_mean": 0.7736972958987797, "ari_matched_mean": 0.9875662091148512, "dataset": "groups_balanced_moderate_drop_group", "gnrmse": 1.1717584387316158, "mae": 0.3415259095721741, "mse": 0.214100121357083, "mse_biozero": 0.015998001493532636, "mse_dropout": 0.28696956825685593, "n_clusters_matched_mean": 3.0, "nmi_grid_max": 0.9778357806419133, "nmi_grid_mean": 0.8477899537274011, "nmi_matched_mean": 0.9752512950323814, "runtime_sec": 145.29824118409306, "seed": 42, "transform": "raw"}
=== groups_balanced_nodrop
{"ari_grid_max": 1.0, "ari_grid_mean": 0.8586363761193901, "ari_matched_mean": 1.0, "dataset": "groups_balanced_nodrop", "gnrmse": 0.9921769747932085, "mae": 0.28858627416103316, "mse": 0.14910188504117974, "mse_biozero": 0.037916415677756735, "mse_dropout": NaN, "n_clusters_matched_mean": 3.0, "nmi_grid_max": 1.0, "nmi_grid_mean": 0.9197878140657871, "nmi_matched_mean": 1.0, "runtime_sec": 145.4352470790036, "seed": 42, "transform": "raw"}
=== groups_imbalanced_moderate_drop
{"ari_grid_max": 0.9909399415830297, "ari_grid_mean": 0.5979810788974073, "ari_matched_mean": 0.9867403981629242, "dataset": "groups_imbalanced_moderate_drop", "gnrmse": 1.188646926102795, "mae": 0.35071804584424593, "mse": 0.2230608455257763, "mse_biozero": 0.014102964318321991, "mse_dropout": 0.3009238300696103, "n_clusters_matched_mean": 3.0, "nmi_grid_max": 0.9731814818343358, "nmi_grid_mean": 0.7457359801227075, "nmi_matched_mean": 0.9640442278821638, "runtime_sec": 146.33447157405317, "seed": 42, "transform": "raw"}
=== groups_imbalanced_moderate_drop_group
{"ari_grid_max": 0.9804880558949397, "ari_grid_mean": 0.6166077657292386, "ari_matched_mean": 0.9790398009407703, "dataset": "groups_imbalanced_moderate_drop_group", "gnrmse": 1.1648004626283326, "mae": 0.34078679657730193, "mse": 0.211325016205834, "mse_biozero": 0.01569577409216359, "mse_dropout": 0.29023205579890965, "n_clusters_matched_mean": 3.0, "nmi_grid_max": 0.9547898332048438, "nmi_grid_mean": 0.7552741452442902, "nmi_matched_mean": 0.9520518363648417, "runtime_sec": 146.32661508396268, "seed": 42, "transform": "raw"}
=== groups_rare_high_drop
{"ari_grid_max": 0.54295557335638, "ari_grid_mean": 0.3941699294765581, "ari_matched_mean": 0.4684888205648552, "dataset": "groups_rare_high_drop", "gnrmse": 1.3993005657513797, "mae": 0.4371615718072297, "mse": 0.32695850673613075, "mse_biozero": 0.008192580137220061, "mse_dropout": 0.40464642553739555, "n_clusters_matched_mean": 5.0, "nmi_grid_max": 0.46252801780454855, "nmi_grid_mean": 0.4044308785833854, "nmi_matched_mean": 0.44933133036981077, "runtime_sec": 146.13330935291015, "seed": 42, "transform": "raw"}
=== groups_rare_high_drop_group
{"ari_grid_max": 0.9506999815580104, "ari_grid_mean": 0.6528881369591211, "ari_matched_mean": 0.6407861121467445, "dataset": "groups_rare_high_drop_group", "gnrmse": 1.3389815013159496, "mae": 0.40736741625486, "mse": 0.2958504645147765, "mse_biozero": 0.007784259808822191, "mse_dropout": 0.38504710083774857, "n_clusters_matched_mean": 5.0, "nmi_grid_max": 0.9119421952080531, "nmi_grid_mean": 0.7588237498280193, "nmi_matched_mean": 0.756604090993219, "runtime_sec": 145.82020846311934, "seed": 42, "transform": "raw"}
=== paths_branching_moderate_drop
{"ari_grid_max": 0.47496019924113425, "ari_grid_mean": 0.38367787854347546, "ari_matched_mean": 0.42412266755429745, "dataset": "paths_branching_moderate_drop", "gnrmse": 1.1552373413072423, "mae": 0.34941668911796403, "mse": 0.22121376535424825, "mse_biozero": 0.020006593125547638, "mse_dropout": 0.29357721664297465, "n_clusters_matched_mean": 5.0, "nmi_grid_max": 0.5909366320848308, "nmi_grid_mean": 0.528654441958415, "nmi_matched_mean": 0.5305774070977627, "runtime_sec": 146.85377322603017, "seed": 42, "transform": "raw"}
=== paths_branching_moderate_drop_group
{"ari_grid_max": 0.6678293859581678, "ari_grid_mean": 0.4621752665225178, "ari_matched_mean": 0.6678293859581678, "dataset": "paths_branching_moderate_drop_group", "gnrmse": 1.1743388474619059, "mae": 0.35183117066688685, "mse": 0.22486754875036088, "mse_biozero": 0.013994951173224272, "mse_dropout": 0.3053717498032519, "n_clusters_matched_mean": 4.0, "nmi_grid_max": 0.6828713787276977, "nmi_grid_mean": 0.5682220282036217, "nmi_matched_mean": 0.6828713787276977, "runtime_sec": 145.45397334708832, "seed": 42, "transform": "raw"}
=== paths_linear_moderate_drop
{"ari_grid_max": 0.6080759186515684, "ari_grid_mean": 0.45927492311482637, "ari_matched_mean": 0.5918425897939175, "dataset": "paths_linear_moderate_drop", "gnrmse": 1.1368633968182187, "mae": 0.3428366640902519, "mse": 0.216209646133179, "mse_biozero": 0.017500450695329284, "mse_dropout": 0.290755405181101, "n_clusters_matched_mean": 4.0, "nmi_grid_max": 0.6514620450703917, "nmi_grid_mean": 0.5653684769892312, "nmi_matched_mean": 0.6357746911674205, "runtime_sec": 146.960317827994, "seed": 42, "transform": "raw"}
=== paths_linear_moderate_drop_group
{"ari_grid_max": 0.5773870183343682, "ari_grid_mean": 0.5006650519480935, "ari_matched_mean": 0.5229090768891633, "dataset": "paths_linear_moderate_drop_group", "gnrmse": 1.1261698078441005, "mae": 0.33636834564617196, "mse": 0.20935833531835765, "mse_biozero": 0.018376508476407594, "mse_dropout": 0.27984453123623615, "n_clusters_matched_mean": 5.0, "nmi_grid_max": 0.6475572219244466, "nmi_grid_mean": 0.5977575667239708, "nmi_matched_mean": 0.6139698806001808, "runtime_sec": 147.0806990498677, "seed": 42, "transform": "raw"}
transform      mse  mse_dropout  mse_biozero      mae   gnrmse  ari_grid_mean  nmi_grid_mean  ari_matched_mean  nmi_matched_mean
      raw 0.228258     0.312173     0.017611 0.353332 1.177233       0.561266       0.675627          0.716357          0.761974
Wrote results_phase6/ablation_no_shrinkage/metrics.tsv
