/mnt/nfs/home/marcin.malec.local/miniconda3/envs/magic311/lib/python3.11/site-packages/keras/src/export/tf2onnx_lib.py:8: FutureWarning: In the future `np.object` will be defined as the corresponding NumPy scalar.
  if not hasattr(np, "object"):
=== batch_effects_moderate_drop
{"ari_grid_max": 0.5660866588706529, "ari_grid_mean": 0.5506919772292765, "ari_matched_mean": 0.5657406272032193, "dataset": "batch_effects_moderate_drop", "gnrmse": 1.0089130552032226, "mae": 0.31823675605263957, "mse": 0.17635535866890423, "mse_biozero": 0.13249196206194305, "mse_dropout": 0.19251854953811065, "n_clusters_matched_mean": 6.0, "nmi_grid_max": 0.7459576034364972, "nmi_grid_mean": 0.7343769438082702, "nmi_matched_mean": 0.7448414817587699, "runtime_sec": 142.8955156528391, "seed": 42, "transform": "raw"}
=== batch_effects_moderate_drop_group
{"ari_grid_max": 0.556156773034263, "ari_grid_mean": 0.5467645202438582, "ari_matched_mean": 0.5558273089384216, "dataset": "batch_effects_moderate_drop_group", "gnrmse": 1.0180616075691329, "mae": 0.31272502960763865, "mse": 0.1730209341501034, "mse_biozero": 0.10747135437665511, "mse_dropout": 0.19385911817937113, "n_clusters_matched_mean": 6.0, "nmi_grid_max": 0.7233661286030517, "nmi_grid_mean": 0.7166855950941128, "nmi_matched_mean": 0.722540179827617, "runtime_sec": 144.0406842669472, "seed": 42, "transform": "raw"}
=== groups_balanced_moderate_drop
{"ari_grid_max": 0.9904201056732814, "ari_grid_mean": 0.8146973824005745, "ari_matched_mean": 0.9886216205648027, "dataset": "groups_balanced_moderate_drop", "gnrmse": 1.0290836511972985, "mae": 0.31140963788134374, "mse": 0.1664025174622083, "mse_biozero": 0.09725135801589853, "mse_dropout": 0.1836315802593469, "n_clusters_matched_mean": 3.0, "nmi_grid_max": 0.9807842739658396, "nmi_grid_mean": 0.8729470008529093, "nmi_matched_mean": 0.9775688955316265, "runtime_sec": 152.19846707186662, "seed": 42, "transform": "raw"}
=== groups_balanced_moderate_drop_group
{"ari_grid_max": 0.9898954102463022, "ari_grid_mean": 0.8075318142509091, "ari_matched_mean": 0.9881065821690693, "dataset": "groups_balanced_moderate_drop_group", "gnrmse": 1.046087378590138, "mae": 0.3104054107606245, "mse": 0.1667155743809372, "mse_biozero": 0.09091681774391476, "mse_dropout": 0.1824757952793917, "n_clusters_matched_mean": 3.0, "nmi_grid_max": 0.9784663219262969, "nmi_grid_mean": 0.8703026392215203, "nmi_matched_mean": 0.9750033753666487, "runtime_sec": 151.83957214700058, "seed": 42, "transform": "raw"}
=== groups_balanced_nodrop
{"ari_grid_max": 1.0, "ari_grid_mean": 0.8395659579024554, "ari_matched_mean": 0.999399658439669, "dataset": "groups_balanced_nodrop", "gnrmse": 1.0289514527035994, "mae": 0.3032932215818683, "mse": 0.14689688931671524, "mse_biozero": 0.1249821100411647, "mse_dropout": NaN, "n_clusters_matched_mean": 3.0, "nmi_grid_max": 1.0, "nmi_grid_mean": 0.9058121192381514, "nmi_matched_mean": 0.998467289639874, "runtime_sec": 143.63708075811155, "seed": 42, "transform": "raw"}
=== groups_imbalanced_moderate_drop
{"ari_grid_max": 0.9961243844897197, "ari_grid_mean": 0.6659758310561925, "ari_matched_mean": 0.9937099048385525, "dataset": "groups_imbalanced_moderate_drop", "gnrmse": 1.052633163151214, "mae": 0.3129875851936046, "mse": 0.16851624687384648, "mse_biozero": 0.0879469814647886, "mse_dropout": 0.18444019753791888, "n_clusters_matched_mean": 3.0, "nmi_grid_max": 0.990101433520168, "nmi_grid_mean": 0.7972192063887021, "nmi_matched_mean": 0.9848319366257637, "runtime_sec": 144.67900735000148, "seed": 42, "transform": "raw"}
=== groups_imbalanced_moderate_drop_group
{"ari_grid_max": 0.9845829191312819, "ari_grid_mean": 0.5947014766334232, "ari_matched_mean": 0.9845829191312819, "dataset": "groups_imbalanced_moderate_drop_group", "gnrmse": 1.0355803614938321, "mae": 0.3079784899269795, "mse": 0.1625597867069215, "mse_biozero": 0.09728778558106536, "mse_dropout": 0.18014500231518976, "n_clusters_matched_mean": 3.0, "nmi_grid_max": 0.9669473393331405, "nmi_grid_mean": 0.7475175909378818, "nmi_matched_mean": 0.9669473393331405, "runtime_sec": 144.9024780660402, "seed": 42, "transform": "raw"}
=== groups_rare_high_drop
{"ari_grid_max": 0.9354036816742217, "ari_grid_mean": 0.680954667804078, "ari_matched_mean": 0.9330183024654367, "dataset": "groups_rare_high_drop", "gnrmse": 1.1587709874462433, "mae": 0.3504751149927177, "mse": 0.2093873934827496, "mse_biozero": 0.06575085472283361, "mse_dropout": 0.2243253432801763, "n_clusters_matched_mean": 4.0, "nmi_grid_max": 0.876241040725329, "nmi_grid_mean": 0.7556073683791837, "nmi_matched_mean": 0.8732150379758619, "runtime_sec": 145.470317305997, "seed": 42, "transform": "raw"}
=== groups_rare_high_drop_group
{"ari_grid_max": 0.9541218932122081, "ari_grid_mean": 0.6861051891811272, "ari_matched_mean": 0.6626941228039107, "dataset": "groups_rare_high_drop_group", "gnrmse": 1.1156010355913835, "mae": 0.328545362733712, "mse": 0.18971764161815868, "mse_biozero": 0.05192244058822154, "mse_dropout": 0.2165553535175349, "n_clusters_matched_mean": 4.0, "nmi_grid_max": 0.9217070638149191, "nmi_grid_mean": 0.7873940684540184, "nmi_matched_mean": 0.7961923804912756, "runtime_sec": 141.7626656400971, "seed": 42, "transform": "raw"}
=== paths_branching_moderate_drop
{"ari_grid_max": 0.5526268394758348, "ari_grid_mean": 0.45442959947490036, "ari_matched_mean": 0.5526268394758348, "dataset": "paths_branching_moderate_drop", "gnrmse": 1.0133688312782045, "mae": 0.3119492449456388, "mse": 0.16661399359991266, "mse_biozero": 0.10062765462265241, "mse_dropout": 0.18112335592179796, "n_clusters_matched_mean": 4.0, "nmi_grid_max": 0.6349229909521553, "nmi_grid_mean": 0.5947093128898772, "nmi_matched_mean": 0.6349229909521553, "runtime_sec": 144.72407203097828, "seed": 42, "transform": "raw"}
=== paths_branching_moderate_drop_group
{"ari_grid_max": 0.5905540247703734, "ari_grid_mean": 0.485953723101751, "ari_matched_mean": 0.5710273001120783, "dataset": "paths_branching_moderate_drop_group", "gnrmse": 1.03327051650608, "mae": 0.3130764946107403, "mse": 0.16938530739580726, "mse_biozero": 0.08713649895932901, "mse_dropout": 0.1865110856674494, "n_clusters_matched_mean": 3.0, "nmi_grid_max": 0.6397432945034741, "nmi_grid_mean": 0.5969133398990181, "nmi_matched_mean": 0.6225877677847438, "runtime_sec": 143.978244750062, "seed": 42, "transform": "raw"}
=== paths_linear_moderate_drop
{"ari_grid_max": 0.5714148052205306, "ari_grid_mean": 0.45873367344500376, "ari_matched_mean": 0.4662393677775308, "dataset": "paths_linear_moderate_drop", "gnrmse": 0.9988189047225072, "mae": 0.30693509921890727, "mse": 0.1632121089501898, "mse_biozero": 0.09155515304716436, "mse_dropout": 0.18121760413563134, "n_clusters_matched_mean": 5.0, "nmi_grid_max": 0.6481132680729591, "nmi_grid_mean": 0.6003679151662005, "nmi_matched_mean": 0.6244999254042037, "runtime_sec": 145.031892813975, "seed": 42, "transform": "raw"}
=== paths_linear_moderate_drop_group
{"ari_grid_max": 0.694522371349575, "ari_grid_mean": 0.510977324699735, "ari_matched_mean": 0.694522371349575, "dataset": "paths_linear_moderate_drop_group", "gnrmse": 0.9926095022753204, "mae": 0.30513314342987663, "mse": 0.16075480660934902, "mse_biozero": 0.0942980004470962, "mse_dropout": 0.17839126746813402, "n_clusters_matched_mean": 4.0, "nmi_grid_max": 0.6924025743811386, "nmi_grid_mean": 0.6177392810356387, "nmi_matched_mean": 0.6924025743811386, "runtime_sec": 145.33175311097875, "seed": 42, "transform": "raw"}
transform      mse  mse_dropout  mse_biozero      mae   gnrmse  ari_grid_mean  nmi_grid_mean  ari_matched_mean  nmi_matched_mean
      raw 0.170734     0.190433     0.094588 0.314858 1.040904       0.622853       0.738276          0.765855          0.816463
Wrote results_phase6/ablation_no_bio_reg/metrics.tsv
