Processing balanced_mse n10000...
/mnt/nfs/home/marcin.malec.local/miniconda3/envs/magic311/lib/python3.11/site-packages/keras/src/export/tf2onnx_lib.py:8: FutureWarning: In the future `np.object` will be defined as the corresponding NumPy scalar.
  if not hasattr(np, "object"):

=== groups_balanced_moderate_drop_n10000 ===
  -> balanced_mse
Wrote results_imputation_py/balanced_mse/scale/n10000/balanced_mse_mse_table.tsv
Processing balanced_mse n100000...
/mnt/nfs/home/marcin.malec.local/miniconda3/envs/magic311/lib/python3.11/site-packages/keras/src/export/tf2onnx_lib.py:8: FutureWarning: In the future `np.object` will be defined as the corresponding NumPy scalar.
  if not hasattr(np, "object"):

=== groups_balanced_moderate_drop_n100000 ===
  -> balanced_mse
Wrote results_imputation_py/balanced_mse/scale/n100000/balanced_mse_mse_table.tsv
Processing balanced_mse n20000...
/mnt/nfs/home/marcin.malec.local/miniconda3/envs/magic311/lib/python3.11/site-packages/keras/src/export/tf2onnx_lib.py:8: FutureWarning: In the future `np.object` will be defined as the corresponding NumPy scalar.
  if not hasattr(np, "object"):

=== groups_balanced_moderate_drop_n20000 ===
  -> balanced_mse
Wrote results_imputation_py/balanced_mse/scale/n20000/balanced_mse_mse_table.tsv
Processing balanced_mse n30000...
/mnt/nfs/home/marcin.malec.local/miniconda3/envs/magic311/lib/python3.11/site-packages/keras/src/export/tf2onnx_lib.py:8: FutureWarning: In the future `np.object` will be defined as the corresponding NumPy scalar.
  if not hasattr(np, "object"):

=== groups_balanced_moderate_drop_n30000 ===
  -> balanced_mse
Wrote results_imputation_py/balanced_mse/scale/n30000/balanced_mse_mse_table.tsv
Processing balanced_mse n40000...
/mnt/nfs/home/marcin.malec.local/miniconda3/envs/magic311/lib/python3.11/site-packages/keras/src/export/tf2onnx_lib.py:8: FutureWarning: In the future `np.object` will be defined as the corresponding NumPy scalar.
  if not hasattr(np, "object"):

=== groups_balanced_moderate_drop_n40000 ===
  -> balanced_mse
Wrote results_imputation_py/balanced_mse/scale/n40000/balanced_mse_mse_table.tsv
Processing balanced_mse n50000...
/mnt/nfs/home/marcin.malec.local/miniconda3/envs/magic311/lib/python3.11/site-packages/keras/src/export/tf2onnx_lib.py:8: FutureWarning: In the future `np.object` will be defined as the corresponding NumPy scalar.
  if not hasattr(np, "object"):

=== groups_balanced_moderate_drop_n50000 ===
  -> balanced_mse
Wrote results_imputation_py/balanced_mse/scale/n50000/balanced_mse_mse_table.tsv
Processing balanced_mse n60000...
/mnt/nfs/home/marcin.malec.local/miniconda3/envs/magic311/lib/python3.11/site-packages/keras/src/export/tf2onnx_lib.py:8: FutureWarning: In the future `np.object` will be defined as the corresponding NumPy scalar.
  if not hasattr(np, "object"):

=== groups_balanced_moderate_drop_n60000 ===
  -> balanced_mse
Wrote results_imputation_py/balanced_mse/scale/n60000/balanced_mse_mse_table.tsv
Processing balanced_mse n70000...
/mnt/nfs/home/marcin.malec.local/miniconda3/envs/magic311/lib/python3.11/site-packages/keras/src/export/tf2onnx_lib.py:8: FutureWarning: In the future `np.object` will be defined as the corresponding NumPy scalar.
  if not hasattr(np, "object"):

=== groups_balanced_moderate_drop_n70000 ===
  -> balanced_mse
Wrote results_imputation_py/balanced_mse/scale/n70000/balanced_mse_mse_table.tsv
Processing balanced_mse n80000...
/mnt/nfs/home/marcin.malec.local/miniconda3/envs/magic311/lib/python3.11/site-packages/keras/src/export/tf2onnx_lib.py:8: FutureWarning: In the future `np.object` will be defined as the corresponding NumPy scalar.
  if not hasattr(np, "object"):

=== groups_balanced_moderate_drop_n80000 ===
  -> balanced_mse
Wrote results_imputation_py/balanced_mse/scale/n80000/balanced_mse_mse_table.tsv
Processing balanced_mse n90000...
/mnt/nfs/home/marcin.malec.local/miniconda3/envs/magic311/lib/python3.11/site-packages/keras/src/export/tf2onnx_lib.py:8: FutureWarning: In the future `np.object` will be defined as the corresponding NumPy scalar.
  if not hasattr(np, "object"):

=== groups_balanced_moderate_drop_n90000 ===
  -> balanced_mse
Wrote results_imputation_py/balanced_mse/scale/n90000/balanced_mse_mse_table.tsv
Finished [PY/balanced_mse]
