Processing baseline n10000...

=== groups_balanced_moderate_drop_n10000 ===
Running baseline (no imputation) x1...
Wrote results_imputation_r/baseline/scale/n10000/baseline_mse_table.tsv

Done.
Processing baseline n100000...

=== groups_balanced_moderate_drop_n100000 ===
Running baseline (no imputation) x1...
Wrote results_imputation_r/baseline/scale/n100000/baseline_mse_table.tsv

Done.
Processing baseline n20000...

=== groups_balanced_moderate_drop_n20000 ===
Running baseline (no imputation) x1...
Wrote results_imputation_r/baseline/scale/n20000/baseline_mse_table.tsv

Done.
Processing baseline n30000...

=== groups_balanced_moderate_drop_n30000 ===
Running baseline (no imputation) x1...
Wrote results_imputation_r/baseline/scale/n30000/baseline_mse_table.tsv

Done.
Processing baseline n40000...

=== groups_balanced_moderate_drop_n40000 ===
Running baseline (no imputation) x1...
Wrote results_imputation_r/baseline/scale/n40000/baseline_mse_table.tsv

Done.
Processing baseline n50000...

=== groups_balanced_moderate_drop_n50000 ===
Running baseline (no imputation) x1...
Wrote results_imputation_r/baseline/scale/n50000/baseline_mse_table.tsv

Done.
Processing baseline n60000...

=== groups_balanced_moderate_drop_n60000 ===
Running baseline (no imputation) x1...
Wrote results_imputation_r/baseline/scale/n60000/baseline_mse_table.tsv

Done.
Processing baseline n70000...

=== groups_balanced_moderate_drop_n70000 ===
Running baseline (no imputation) x1...
Wrote results_imputation_r/baseline/scale/n70000/baseline_mse_table.tsv

Done.
Processing baseline n80000...

=== groups_balanced_moderate_drop_n80000 ===
Running baseline (no imputation) x1...
Wrote results_imputation_r/baseline/scale/n80000/baseline_mse_table.tsv

Done.
Processing baseline n90000...

=== groups_balanced_moderate_drop_n90000 ===
Running baseline (no imputation) x1...
Wrote results_imputation_r/baseline/scale/n90000/baseline_mse_table.tsv

Done.
Finished [R/baseline]
