Processing ccimpute n10000...

=== groups_balanced_moderate_drop_n10000 ===
Running ccImpute x1...
  [ccimpute] Saved imputed matrix to results_imputation_r/ccimpute/scale/n10000/groups_balanced_moderate_drop_n10000_ccimpute.rds
Wrote results_imputation_r/ccimpute/scale/n10000/ccimpute_mse_table.tsv

Done.
Processing ccimpute n100000...

=== groups_balanced_moderate_drop_n100000 ===
Running ccImpute x1...
  [ccimpute] Saved imputed matrix to results_imputation_r/ccimpute/scale/n100000/groups_balanced_moderate_drop_n100000_ccimpute.rds
Wrote results_imputation_r/ccimpute/scale/n100000/ccimpute_mse_table.tsv

Done.
Processing ccimpute n20000...

=== groups_balanced_moderate_drop_n20000 ===
Running ccImpute x1...
  [ccimpute] Saved imputed matrix to results_imputation_r/ccimpute/scale/n20000/groups_balanced_moderate_drop_n20000_ccimpute.rds
Wrote results_imputation_r/ccimpute/scale/n20000/ccimpute_mse_table.tsv

Done.
Processing ccimpute n30000...

=== groups_balanced_moderate_drop_n30000 ===
Running ccImpute x1...
  [ccimpute] Saved imputed matrix to results_imputation_r/ccimpute/scale/n30000/groups_balanced_moderate_drop_n30000_ccimpute.rds
Wrote results_imputation_r/ccimpute/scale/n30000/ccimpute_mse_table.tsv

Done.
Processing ccimpute n40000...

=== groups_balanced_moderate_drop_n40000 ===
Running ccImpute x1...
  [ccimpute] Saved imputed matrix to results_imputation_r/ccimpute/scale/n40000/groups_balanced_moderate_drop_n40000_ccimpute.rds
Wrote results_imputation_r/ccimpute/scale/n40000/ccimpute_mse_table.tsv

Done.
Processing ccimpute n50000...

=== groups_balanced_moderate_drop_n50000 ===
Running ccImpute x1...
  [ccimpute] Saved imputed matrix to results_imputation_r/ccimpute/scale/n50000/groups_balanced_moderate_drop_n50000_ccimpute.rds
Wrote results_imputation_r/ccimpute/scale/n50000/ccimpute_mse_table.tsv

Done.
Processing ccimpute n60000...

=== groups_balanced_moderate_drop_n60000 ===
Running ccImpute x1...
  [ccimpute] Saved imputed matrix to results_imputation_r/ccimpute/scale/n60000/groups_balanced_moderate_drop_n60000_ccimpute.rds
Wrote results_imputation_r/ccimpute/scale/n60000/ccimpute_mse_table.tsv

Done.
Processing ccimpute n70000...

=== groups_balanced_moderate_drop_n70000 ===
Running ccImpute x1...
  [ccimpute] Saved imputed matrix to results_imputation_r/ccimpute/scale/n70000/groups_balanced_moderate_drop_n70000_ccimpute.rds
Wrote results_imputation_r/ccimpute/scale/n70000/ccimpute_mse_table.tsv

Done.
Processing ccimpute n80000...

=== groups_balanced_moderate_drop_n80000 ===
Running ccImpute x1...
  [ccimpute] Saved imputed matrix to results_imputation_r/ccimpute/scale/n80000/groups_balanced_moderate_drop_n80000_ccimpute.rds
Wrote results_imputation_r/ccimpute/scale/n80000/ccimpute_mse_table.tsv

Done.
Processing ccimpute n90000...

=== groups_balanced_moderate_drop_n90000 ===
Running ccImpute x1...
  [ccimpute] Saved imputed matrix to results_imputation_r/ccimpute/scale/n90000/groups_balanced_moderate_drop_n90000_ccimpute.rds
Wrote results_imputation_r/ccimpute/scale/n90000/ccimpute_mse_table.tsv

Done.
Finished [R/ccimpute]
