Processing saver n10000...
Running SAVER with 8 worker(s)
994 genes, 10000 cells
Running SAVER with 8 worker(s)
Calculating predictions for 994 genes using 894 genes and 10000 cells...
Start time: 2026-03-17 22:16:00.029197
Estimating finish time...
Loading required package: SAVER
loaded SAVER and set parent environment
Loading required package: SAVER
loaded SAVER and set parent environment
Loading required package: SAVER
loaded SAVER and set parent environment
Loading required package: SAVER
loaded SAVER and set parent environment
Loading required package: SAVER
loaded SAVER and set parent environment
Loading required package: SAVER
loaded SAVER and set parent environment
Loading required package: SAVER
loaded SAVER and set parent environment
Loading required package: SAVER
loaded SAVER and set parent environment
Finished 8/994 genes. Approximate finish time: 2026-03-17 22:17:50.050332
Calculating max cor cutoff...
loaded SAVER and set parent environment
loaded SAVER and set parent environment
loaded SAVER and set parent environment
loaded SAVER and set parent environment
loaded SAVER and set parent environment
loaded SAVER and set parent environment
loaded SAVER and set parent environment
loaded SAVER and set parent environment
Finished 100/994 genes. Approximate finish time: 2026-03-17 22:17:52.040173
Calculating lambda coefficients...
loaded SAVER and set parent environment
loaded SAVER and set parent environment
loaded SAVER and set parent environment
loaded SAVER and set parent environment
loaded SAVER and set parent environment
loaded SAVER and set parent environment
loaded SAVER and set parent environment
loaded SAVER and set parent environment
Finished 344/994 genes. Approximate finish time: 2026-03-17 22:17:51.262986
Predicting remaining genes...
loaded SAVER and set parent environment
loaded SAVER and set parent environment
loaded SAVER and set parent environment
loaded SAVER and set parent environment
loaded SAVER and set parent environment
loaded SAVER and set parent environment
loaded SAVER and set parent environment
loaded SAVER and set parent environment
Finished 507/994 genes. Approximate finish time: 2026-03-17 22:18:05.087388
Predicting remaining genes...
loaded SAVER and set parent environment
loaded SAVER and set parent environment
loaded SAVER and set parent environment
loaded SAVER and set parent environment
loaded SAVER and set parent environment
loaded SAVER and set parent environment
loaded SAVER and set parent environment
loaded SAVER and set parent environment
Done!
Finish time: 2026-03-17 22:18:02.886154
Total time: 2.047608 mins

=== groups_balanced_moderate_drop_n10000 ===
Running SAVER x1...
starting worker pid=362684 on localhost:11520 at 22:15:58.055
starting worker pid=362680 on localhost:11520 at 22:15:58.060
starting worker pid=362683 on localhost:11520 at 22:15:58.070
starting worker pid=362685 on localhost:11520 at 22:15:58.070
starting worker pid=362686 on localhost:11520 at 22:15:58.082
starting worker pid=362681 on localhost:11520 at 22:15:58.082
starting worker pid=362682 on localhost:11520 at 22:15:58.084
starting worker pid=362679 on localhost:11520 at 22:15:58.084
  [saver] Saved imputed matrix to results_imputation_r/saver/scale/n10000/groups_balanced_moderate_drop_n10000_saver.rds
Wrote results_imputation_r/saver/scale/n10000/saver_mse_table.tsv

Done.
Processing saver n100000...
Running SAVER with 8 worker(s)
1000 genes, 100000 cells
Running SAVER with 8 worker(s)
Calculating predictions for 1000 genes using 883 genes and 100000 cells...
Start time: 2026-03-17 22:19:26.033839
Estimating finish time...
Loading required package: SAVER
loaded SAVER and set parent environment
Loading required package: SAVER
loaded SAVER and set parent environment
Loading required package: SAVER
loaded SAVER and set parent environment
Loading required package: SAVER
loaded SAVER and set parent environment
Loading required package: SAVER
loaded SAVER and set parent environment
Loading required package: SAVER
loaded SAVER and set parent environment
Loading required package: SAVER
loaded SAVER and set parent environment
Loading required package: SAVER
loaded SAVER and set parent environment
Finished 8/1000 genes. Approximate finish time: 2026-03-17 22:36:52.762062
Calculating max cor cutoff...
loaded SAVER and set parent environment
loaded SAVER and set parent environment
loaded SAVER and set parent environment
loaded SAVER and set parent environment
loaded SAVER and set parent environment
loaded SAVER and set parent environment
loaded SAVER and set parent environment
loaded SAVER and set parent environment
Finished 100/1000 genes. Approximate finish time: 2026-03-17 22:46:03.901267
Calculating lambda coefficients...
loaded SAVER and set parent environment
loaded SAVER and set parent environment
loaded SAVER and set parent environment
loaded SAVER and set parent environment
loaded SAVER and set parent environment
loaded SAVER and set parent environment
loaded SAVER and set parent environment
loaded SAVER and set parent environment
Finished 232/1000 genes. Approximate finish time: 2026-03-17 22:46:52.376195
Predicting remaining genes...
loaded SAVER and set parent environment
loaded SAVER and set parent environment
loaded SAVER and set parent environment
loaded SAVER and set parent environment
loaded SAVER and set parent environment
loaded SAVER and set parent environment
loaded SAVER and set parent environment
loaded SAVER and set parent environment
Finished 424/1000 genes. Approximate finish time: 2026-03-17 22:52:25.710174
Predicting remaining genes...
loaded SAVER and set parent environment
loaded SAVER and set parent environment
loaded SAVER and set parent environment
loaded SAVER and set parent environment
loaded SAVER and set parent environment
loaded SAVER and set parent environment
loaded SAVER and set parent environment
loaded SAVER and set parent environment
Done!
Finish time: 2026-03-17 22:51:54.583751
Total time: 32.47583 mins

=== groups_balanced_moderate_drop_n100000 ===
Running SAVER x1...
starting worker pid=429426 on localhost:11454 at 22:19:14.607
starting worker pid=429430 on localhost:11454 at 22:19:14.611
starting worker pid=429431 on localhost:11454 at 22:19:14.611
starting worker pid=429428 on localhost:11454 at 22:19:14.612
starting worker pid=429425 on localhost:11454 at 22:19:14.612
starting worker pid=429427 on localhost:11454 at 22:19:14.613
starting worker pid=429432 on localhost:11454 at 22:19:14.614
starting worker pid=429429 on localhost:11454 at 22:19:14.615
  [saver] Saved imputed matrix to results_imputation_r/saver/scale/n100000/groups_balanced_moderate_drop_n100000_saver.rds
Wrote results_imputation_r/saver/scale/n100000/saver_mse_table.tsv

Done.
Processing saver n20000...
Running SAVER with 8 worker(s)
996 genes, 20000 cells
Running SAVER with 8 worker(s)
Calculating predictions for 996 genes using 878 genes and 20000 cells...
Start time: 2026-03-17 22:55:02.917295
Estimating finish time...
Loading required package: SAVER
loaded SAVER and set parent environment
Loading required package: SAVER
loaded SAVER and set parent environment
Loading required package: SAVER
loaded SAVER and set parent environment
Loading required package: SAVER
loaded SAVER and set parent environment
Loading required package: SAVER
loaded SAVER and set parent environment
Loading required package: SAVER
loaded SAVER and set parent environment
Loading required package: SAVER
loaded SAVER and set parent environment
Loading required package: SAVER
loaded SAVER and set parent environment
Finished 8/996 genes. Approximate finish time: 2026-03-17 22:59:32.616844
Calculating max cor cutoff...
loaded SAVER and set parent environment
loaded SAVER and set parent environment
loaded SAVER and set parent environment
loaded SAVER and set parent environment
loaded SAVER and set parent environment
loaded SAVER and set parent environment
loaded SAVER and set parent environment
loaded SAVER and set parent environment
Finished 100/996 genes. Approximate finish time: 2026-03-17 22:59:16.016705
Calculating lambda coefficients...
loaded SAVER and set parent environment
loaded SAVER and set parent environment
loaded SAVER and set parent environment
loaded SAVER and set parent environment
loaded SAVER and set parent environment
loaded SAVER and set parent environment
loaded SAVER and set parent environment
loaded SAVER and set parent environment
Finished 289/996 genes. Approximate finish time: 2026-03-17 22:59:39.695182
Predicting remaining genes...
loaded SAVER and set parent environment
loaded SAVER and set parent environment
loaded SAVER and set parent environment
loaded SAVER and set parent environment
loaded SAVER and set parent environment
loaded SAVER and set parent environment
loaded SAVER and set parent environment
loaded SAVER and set parent environment
Finished 466/996 genes. Approximate finish time: 2026-03-17 23:00:19.603851
Predicting remaining genes...
loaded SAVER and set parent environment
loaded SAVER and set parent environment
loaded SAVER and set parent environment
loaded SAVER and set parent environment
loaded SAVER and set parent environment
loaded SAVER and set parent environment
loaded SAVER and set parent environment
loaded SAVER and set parent environment
Done!
Finish time: 2026-03-17 23:00:16.216876
Total time: 5.221654 mins

=== groups_balanced_moderate_drop_n20000 ===
Running SAVER x1...
starting worker pid=572077 on localhost:11297 at 22:54:59.910
starting worker pid=572073 on localhost:11297 at 22:54:59.911
starting worker pid=572072 on localhost:11297 at 22:54:59.911
starting worker pid=572075 on localhost:11297 at 22:54:59.913
starting worker pid=572076 on localhost:11297 at 22:54:59.913
starting worker pid=572078 on localhost:11297 at 22:54:59.917
starting worker pid=572074 on localhost:11297 at 22:54:59.922
starting worker pid=572071 on localhost:11297 at 22:54:59.944
  [saver] Saved imputed matrix to results_imputation_r/saver/scale/n20000/groups_balanced_moderate_drop_n20000_saver.rds
Wrote results_imputation_r/saver/scale/n20000/saver_mse_table.tsv

Done.
Processing saver n30000...
Running SAVER with 8 worker(s)
995 genes, 30000 cells
Running SAVER with 8 worker(s)
Calculating predictions for 995 genes using 867 genes and 30000 cells...
Start time: 2026-03-17 23:01:13.899389
Estimating finish time...
Loading required package: SAVER
loaded SAVER and set parent environment
Loading required package: SAVER
loaded SAVER and set parent environment
Loading required package: SAVER
loaded SAVER and set parent environment
Loading required package: SAVER
loaded SAVER and set parent environment
Loading required package: SAVER
loaded SAVER and set parent environment
Loading required package: SAVER
loaded SAVER and set parent environment
Loading required package: SAVER
loaded SAVER and set parent environment
Loading required package: SAVER
loaded SAVER and set parent environment
Finished 8/995 genes. Approximate finish time: 2026-03-17 23:05:44.34759
Calculating max cor cutoff...
loaded SAVER and set parent environment
loaded SAVER and set parent environment
loaded SAVER and set parent environment
loaded SAVER and set parent environment
loaded SAVER and set parent environment
loaded SAVER and set parent environment
loaded SAVER and set parent environment
loaded SAVER and set parent environment
Finished 100/995 genes. Approximate finish time: 2026-03-17 23:06:10.24942
Calculating lambda coefficients...
loaded SAVER and set parent environment
loaded SAVER and set parent environment
loaded SAVER and set parent environment
loaded SAVER and set parent environment
loaded SAVER and set parent environment
loaded SAVER and set parent environment
loaded SAVER and set parent environment
loaded SAVER and set parent environment
Finished 259/995 genes. Approximate finish time: 2026-03-17 23:06:16.235878
Predicting remaining genes...
loaded SAVER and set parent environment
loaded SAVER and set parent environment
loaded SAVER and set parent environment
loaded SAVER and set parent environment
loaded SAVER and set parent environment
loaded SAVER and set parent environment
loaded SAVER and set parent environment
loaded SAVER and set parent environment
Finished 443/995 genes. Approximate finish time: 2026-03-17 23:07:28.440944
Predicting remaining genes...
loaded SAVER and set parent environment
loaded SAVER and set parent environment
loaded SAVER and set parent environment
loaded SAVER and set parent environment
loaded SAVER and set parent environment
loaded SAVER and set parent environment
loaded SAVER and set parent environment
loaded SAVER and set parent environment
Done!
Finish time: 2026-03-17 23:07:14.408754
Total time: 6.008484 mins

=== groups_balanced_moderate_drop_n30000 ===
Running SAVER x1...
starting worker pid=597682 on localhost:11503 at 23:01:10.347
starting worker pid=597683 on localhost:11503 at 23:01:10.347
starting worker pid=597676 on localhost:11503 at 23:01:10.371
starting worker pid=597680 on localhost:11503 at 23:01:10.372
starting worker pid=597679 on localhost:11503 at 23:01:10.372
starting worker pid=597678 on localhost:11503 at 23:01:10.373
starting worker pid=597681 on localhost:11503 at 23:01:10.373
starting worker pid=597677 on localhost:11503 at 23:01:10.376
  [saver] Saved imputed matrix to results_imputation_r/saver/scale/n30000/groups_balanced_moderate_drop_n30000_saver.rds
Wrote results_imputation_r/saver/scale/n30000/saver_mse_table.tsv

Done.
Processing saver n40000...
Running SAVER with 8 worker(s)
999 genes, 40000 cells
Running SAVER with 8 worker(s)
Calculating predictions for 999 genes using 881 genes and 40000 cells...
Start time: 2026-03-17 23:08:41.886526
Estimating finish time...
Loading required package: SAVER
loaded SAVER and set parent environment
Loading required package: SAVER
loaded SAVER and set parent environment
Loading required package: SAVER
loaded SAVER and set parent environment
Loading required package: SAVER
loaded SAVER and set parent environment
Loading required package: SAVER
loaded SAVER and set parent environment
Loading required package: SAVER
loaded SAVER and set parent environment
Loading required package: SAVER
loaded SAVER and set parent environment
Loading required package: SAVER
loaded SAVER and set parent environment
Finished 8/999 genes. Approximate finish time: 2026-03-17 23:14:16.946785
Calculating max cor cutoff...
loaded SAVER and set parent environment
loaded SAVER and set parent environment
loaded SAVER and set parent environment
loaded SAVER and set parent environment
loaded SAVER and set parent environment
loaded SAVER and set parent environment
loaded SAVER and set parent environment
loaded SAVER and set parent environment
Finished 100/999 genes. Approximate finish time: 2026-03-17 23:16:40.89864
Calculating lambda coefficients...
loaded SAVER and set parent environment
loaded SAVER and set parent environment
loaded SAVER and set parent environment
loaded SAVER and set parent environment
loaded SAVER and set parent environment
loaded SAVER and set parent environment
loaded SAVER and set parent environment
loaded SAVER and set parent environment
Finished 234/999 genes. Approximate finish time: 2026-03-17 23:17:35.815397
Predicting remaining genes...
loaded SAVER and set parent environment
loaded SAVER and set parent environment
loaded SAVER and set parent environment
loaded SAVER and set parent environment
loaded SAVER and set parent environment
loaded SAVER and set parent environment
loaded SAVER and set parent environment
loaded SAVER and set parent environment
Finished 426/999 genes. Approximate finish time: 2026-03-17 23:19:41.625321
Predicting remaining genes...
loaded SAVER and set parent environment
loaded SAVER and set parent environment
loaded SAVER and set parent environment
loaded SAVER and set parent environment
loaded SAVER and set parent environment
loaded SAVER and set parent environment
loaded SAVER and set parent environment
loaded SAVER and set parent environment
Done!
Finish time: 2026-03-17 23:19:25.119281
Total time: 10.72054 mins

=== groups_balanced_moderate_drop_n40000 ===
Running SAVER x1...
starting worker pid=627206 on localhost:11906 at 23:08:36.668
starting worker pid=627204 on localhost:11906 at 23:08:36.669
starting worker pid=627205 on localhost:11906 at 23:08:36.675
starting worker pid=627207 on localhost:11906 at 23:08:36.675
starting worker pid=627202 on localhost:11906 at 23:08:36.699
starting worker pid=627201 on localhost:11906 at 23:08:36.699
starting worker pid=627203 on localhost:11906 at 23:08:36.706
starting worker pid=627200 on localhost:11906 at 23:08:36.708
  [saver] Saved imputed matrix to results_imputation_r/saver/scale/n40000/groups_balanced_moderate_drop_n40000_saver.rds
Wrote results_imputation_r/saver/scale/n40000/saver_mse_table.tsv

Done.
Processing saver n50000...
Running SAVER with 8 worker(s)
997 genes, 50000 cells
Running SAVER with 8 worker(s)
Calculating predictions for 997 genes using 876 genes and 50000 cells...
Start time: 2026-03-17 23:21:13.129045
Estimating finish time...
Loading required package: SAVER
loaded SAVER and set parent environment
Loading required package: SAVER
loaded SAVER and set parent environment
Loading required package: SAVER
loaded SAVER and set parent environment
Loading required package: SAVER
loaded SAVER and set parent environment
Loading required package: SAVER
loaded SAVER and set parent environment
Loading required package: SAVER
loaded SAVER and set parent environment
Loading required package: SAVER
loaded SAVER and set parent environment
Loading required package: SAVER
loaded SAVER and set parent environment
Finished 8/997 genes. Approximate finish time: 2026-03-17 23:28:11.446373
Calculating max cor cutoff...
loaded SAVER and set parent environment
loaded SAVER and set parent environment
loaded SAVER and set parent environment
loaded SAVER and set parent environment
loaded SAVER and set parent environment
loaded SAVER and set parent environment
loaded SAVER and set parent environment
loaded SAVER and set parent environment
Finished 100/997 genes. Approximate finish time: 2026-03-17 23:30:11.49988
Calculating lambda coefficients...
loaded SAVER and set parent environment
loaded SAVER and set parent environment
loaded SAVER and set parent environment
loaded SAVER and set parent environment
loaded SAVER and set parent environment
loaded SAVER and set parent environment
loaded SAVER and set parent environment
loaded SAVER and set parent environment
Finished 248/997 genes. Approximate finish time: 2026-03-17 23:30:55.415889
Predicting remaining genes...
loaded SAVER and set parent environment
loaded SAVER and set parent environment
loaded SAVER and set parent environment
loaded SAVER and set parent environment
loaded SAVER and set parent environment
loaded SAVER and set parent environment
loaded SAVER and set parent environment
loaded SAVER and set parent environment
Finished 436/997 genes. Approximate finish time: 2026-03-17 23:33:32.356999
Predicting remaining genes...
loaded SAVER and set parent environment
loaded SAVER and set parent environment
loaded SAVER and set parent environment
loaded SAVER and set parent environment
loaded SAVER and set parent environment
loaded SAVER and set parent environment
loaded SAVER and set parent environment
loaded SAVER and set parent environment
Done!
Finish time: 2026-03-17 23:32:52.699214
Total time: 11.6595 mins

=== groups_balanced_moderate_drop_n50000 ===
Running SAVER x1...
starting worker pid=697690 on localhost:11297 at 23:21:07.313
starting worker pid=697687 on localhost:11297 at 23:21:07.313
starting worker pid=697689 on localhost:11297 at 23:21:07.321
starting worker pid=697685 on localhost:11297 at 23:21:07.321
starting worker pid=697688 on localhost:11297 at 23:21:07.345
starting worker pid=697691 on localhost:11297 at 23:21:07.348
starting worker pid=697684 on localhost:11297 at 23:21:07.348
starting worker pid=697686 on localhost:11297 at 23:21:07.354
  [saver] Saved imputed matrix to results_imputation_r/saver/scale/n50000/groups_balanced_moderate_drop_n50000_saver.rds
Wrote results_imputation_r/saver/scale/n50000/saver_mse_table.tsv

Done.
Processing saver n60000...
Running SAVER with 8 worker(s)
993 genes, 60000 cells
Running SAVER with 8 worker(s)
Calculating predictions for 993 genes using 882 genes and 60000 cells...
Start time: 2026-03-17 23:34:59.775509
Estimating finish time...
Loading required package: SAVER
loaded SAVER and set parent environment
Loading required package: SAVER
loaded SAVER and set parent environment
Loading required package: SAVER
loaded SAVER and set parent environment
Loading required package: SAVER
loaded SAVER and set parent environment
Loading required package: SAVER
loaded SAVER and set parent environment
Loading required package: SAVER
loaded SAVER and set parent environment
Loading required package: SAVER
loaded SAVER and set parent environment
Loading required package: SAVER
loaded SAVER and set parent environment
Finished 8/993 genes. Approximate finish time: 2026-03-17 23:43:41.676423
Calculating max cor cutoff...
loaded SAVER and set parent environment
loaded SAVER and set parent environment
loaded SAVER and set parent environment
loaded SAVER and set parent environment
loaded SAVER and set parent environment
loaded SAVER and set parent environment
loaded SAVER and set parent environment
loaded SAVER and set parent environment
Finished 100/993 genes. Approximate finish time: 2026-03-17 23:45:40.854684
Calculating lambda coefficients...
loaded SAVER and set parent environment
loaded SAVER and set parent environment
loaded SAVER and set parent environment
loaded SAVER and set parent environment
loaded SAVER and set parent environment
loaded SAVER and set parent environment
loaded SAVER and set parent environment
loaded SAVER and set parent environment
Finished 227/993 genes. Approximate finish time: 2026-03-17 23:47:06.557341
Predicting remaining genes...
loaded SAVER and set parent environment
loaded SAVER and set parent environment
loaded SAVER and set parent environment
loaded SAVER and set parent environment
loaded SAVER and set parent environment
loaded SAVER and set parent environment
loaded SAVER and set parent environment
loaded SAVER and set parent environment
Finished 419/993 genes. Approximate finish time: 2026-03-17 23:50:35.147391
Predicting remaining genes...
loaded SAVER and set parent environment
loaded SAVER and set parent environment
loaded SAVER and set parent environment
loaded SAVER and set parent environment
loaded SAVER and set parent environment
loaded SAVER and set parent environment
loaded SAVER and set parent environment
loaded SAVER and set parent environment
Done!
Finish time: 2026-03-17 23:50:00.630241
Total time: 15.01424 mins

=== groups_balanced_moderate_drop_n60000 ===
Running SAVER x1...
starting worker pid=828760 on localhost:11875 at 23:34:52.902
starting worker pid=828762 on localhost:11875 at 23:34:52.902
starting worker pid=828761 on localhost:11875 at 23:34:52.903
starting worker pid=828755 on localhost:11875 at 23:34:52.904
starting worker pid=828758 on localhost:11875 at 23:34:52.904
starting worker pid=828756 on localhost:11875 at 23:34:52.904
starting worker pid=828759 on localhost:11875 at 23:34:52.920
starting worker pid=828757 on localhost:11875 at 23:34:52.921
  [saver] Saved imputed matrix to results_imputation_r/saver/scale/n60000/groups_balanced_moderate_drop_n60000_saver.rds
Wrote results_imputation_r/saver/scale/n60000/saver_mse_table.tsv

Done.
Processing saver n70000...
Running SAVER with 8 worker(s)
998 genes, 70000 cells
Running SAVER with 8 worker(s)
Calculating predictions for 998 genes using 884 genes and 70000 cells...
Start time: 2026-03-17 23:52:26.627536
Estimating finish time...
Loading required package: SAVER
loaded SAVER and set parent environment
Loading required package: SAVER
loaded SAVER and set parent environment
Loading required package: SAVER
loaded SAVER and set parent environment
Loading required package: SAVER
loaded SAVER and set parent environment
Loading required package: SAVER
loaded SAVER and set parent environment
Loading required package: SAVER
loaded SAVER and set parent environment
Loading required package: SAVER
loaded SAVER and set parent environment
Loading required package: SAVER
loaded SAVER and set parent environment
Finished 8/998 genes. Approximate finish time: 2026-03-18 00:02:33.110799
Calculating max cor cutoff...
loaded SAVER and set parent environment
loaded SAVER and set parent environment
loaded SAVER and set parent environment
loaded SAVER and set parent environment
loaded SAVER and set parent environment
loaded SAVER and set parent environment
loaded SAVER and set parent environment
loaded SAVER and set parent environment
Finished 100/998 genes. Approximate finish time: 2026-03-18 00:03:58.078997
Calculating lambda coefficients...
loaded SAVER and set parent environment
loaded SAVER and set parent environment
loaded SAVER and set parent environment
loaded SAVER and set parent environment
loaded SAVER and set parent environment
loaded SAVER and set parent environment
loaded SAVER and set parent environment
loaded SAVER and set parent environment
Finished 236/998 genes. Approximate finish time: 2026-03-18 00:06:19.376248
Predicting remaining genes...
loaded SAVER and set parent environment
loaded SAVER and set parent environment
loaded SAVER and set parent environment
loaded SAVER and set parent environment
loaded SAVER and set parent environment
loaded SAVER and set parent environment
loaded SAVER and set parent environment
loaded SAVER and set parent environment
Finished 427/998 genes. Approximate finish time: 2026-03-18 00:10:39.677215
Predicting remaining genes...
loaded SAVER and set parent environment
loaded SAVER and set parent environment
loaded SAVER and set parent environment
loaded SAVER and set parent environment
loaded SAVER and set parent environment
loaded SAVER and set parent environment
loaded SAVER and set parent environment
loaded SAVER and set parent environment
Done!
Finish time: 2026-03-18 00:10:15.424856
Total time: 17.81328 mins

=== groups_balanced_moderate_drop_n70000 ===
Running SAVER x1...
starting worker pid=954564 on localhost:11267 at 23:52:19.058
starting worker pid=954567 on localhost:11267 at 23:52:19.058
starting worker pid=954566 on localhost:11267 at 23:52:19.059
starting worker pid=954563 on localhost:11267 at 23:52:19.059
starting worker pid=954560 on localhost:11267 at 23:52:19.059
starting worker pid=954561 on localhost:11267 at 23:52:19.059
starting worker pid=954562 on localhost:11267 at 23:52:19.059
starting worker pid=954565 on localhost:11267 at 23:52:19.089
  [saver] Saved imputed matrix to results_imputation_r/saver/scale/n70000/groups_balanced_moderate_drop_n70000_saver.rds
Wrote results_imputation_r/saver/scale/n70000/saver_mse_table.tsv

Done.
Processing saver n80000...
Running SAVER with 8 worker(s)
997 genes, 80000 cells
Running SAVER with 8 worker(s)
Calculating predictions for 997 genes using 902 genes and 80000 cells...
Start time: 2026-03-18 00:13:15.67857
Estimating finish time...
Loading required package: SAVER
loaded SAVER and set parent environment
Loading required package: SAVER
loaded SAVER and set parent environment
Loading required package: SAVER
loaded SAVER and set parent environment
Loading required package: SAVER
loaded SAVER and set parent environment
Loading required package: SAVER
loaded SAVER and set parent environment
Loading required package: SAVER
loaded SAVER and set parent environment
Loading required package: SAVER
loaded SAVER and set parent environment
Loading required package: SAVER
loaded SAVER and set parent environment
Finished 8/997 genes. Approximate finish time: 2026-03-18 00:24:46.541502
Calculating max cor cutoff...
loaded SAVER and set parent environment
loaded SAVER and set parent environment
loaded SAVER and set parent environment
loaded SAVER and set parent environment
loaded SAVER and set parent environment
loaded SAVER and set parent environment
loaded SAVER and set parent environment
loaded SAVER and set parent environment
Finished 100/997 genes. Approximate finish time: 2026-03-18 00:26:30.747601
Calculating lambda coefficients...
loaded SAVER and set parent environment
loaded SAVER and set parent environment
loaded SAVER and set parent environment
loaded SAVER and set parent environment
loaded SAVER and set parent environment
loaded SAVER and set parent environment
loaded SAVER and set parent environment
loaded SAVER and set parent environment
Finished 222/997 genes. Approximate finish time: 2026-03-18 00:27:58.361071
Predicting remaining genes...
loaded SAVER and set parent environment
loaded SAVER and set parent environment
loaded SAVER and set parent environment
loaded SAVER and set parent environment
loaded SAVER and set parent environment
loaded SAVER and set parent environment
loaded SAVER and set parent environment
loaded SAVER and set parent environment
Finished 416/997 genes. Approximate finish time: 2026-03-18 00:32:46.520557
Predicting remaining genes...
loaded SAVER and set parent environment
loaded SAVER and set parent environment
loaded SAVER and set parent environment
loaded SAVER and set parent environment
loaded SAVER and set parent environment
loaded SAVER and set parent environment
loaded SAVER and set parent environment
loaded SAVER and set parent environment
Done!
Finish time: 2026-03-18 00:32:23.169336
Total time: 19.12484 mins

=== groups_balanced_moderate_drop_n80000 ===
Running SAVER x1...
starting worker pid=1081121 on localhost:11134 at 00:13:06.903
starting worker pid=1081123 on localhost:11134 at 00:13:06.903
starting worker pid=1081124 on localhost:11134 at 00:13:06.904
starting worker pid=1081127 on localhost:11134 at 00:13:06.905
starting worker pid=1081122 on localhost:11134 at 00:13:06.905
starting worker pid=1081128 on localhost:11134 at 00:13:06.905
starting worker pid=1081125 on localhost:11134 at 00:13:06.905
starting worker pid=1081126 on localhost:11134 at 00:13:06.906
  [saver] Saved imputed matrix to results_imputation_r/saver/scale/n80000/groups_balanced_moderate_drop_n80000_saver.rds
Wrote results_imputation_r/saver/scale/n80000/saver_mse_table.tsv

Done.
Processing saver n90000...
Running SAVER with 8 worker(s)
998 genes, 90000 cells
Running SAVER with 8 worker(s)
Calculating predictions for 998 genes using 892 genes and 90000 cells...
Start time: 2026-03-18 00:35:31.605845
Estimating finish time...
Loading required package: SAVER
loaded SAVER and set parent environment
Loading required package: SAVER
loaded SAVER and set parent environment
Loading required package: SAVER
loaded SAVER and set parent environment
Loading required package: SAVER
loaded SAVER and set parent environment
Loading required package: SAVER
loaded SAVER and set parent environment
Loading required package: SAVER
loaded SAVER and set parent environment
Loading required package: SAVER
loaded SAVER and set parent environment
Loading required package: SAVER
loaded SAVER and set parent environment
Finished 8/998 genes. Approximate finish time: 2026-03-18 00:48:28.335762
Calculating max cor cutoff...
loaded SAVER and set parent environment
loaded SAVER and set parent environment
loaded SAVER and set parent environment
loaded SAVER and set parent environment
loaded SAVER and set parent environment
loaded SAVER and set parent environment
loaded SAVER and set parent environment
loaded SAVER and set parent environment
Finished 100/998 genes. Approximate finish time: 2026-03-18 00:49:46.032727
Calculating lambda coefficients...
loaded SAVER and set parent environment
loaded SAVER and set parent environment
loaded SAVER and set parent environment
loaded SAVER and set parent environment
loaded SAVER and set parent environment
loaded SAVER and set parent environment
loaded SAVER and set parent environment
loaded SAVER and set parent environment
Finished 243/998 genes. Approximate finish time: 2026-03-18 00:52:13.996693
Predicting remaining genes...
loaded SAVER and set parent environment
loaded SAVER and set parent environment
loaded SAVER and set parent environment
loaded SAVER and set parent environment
loaded SAVER and set parent environment
loaded SAVER and set parent environment
loaded SAVER and set parent environment
loaded SAVER and set parent environment
Finished 432/998 genes. Approximate finish time: 2026-03-18 00:56:48.324032
Predicting remaining genes...
loaded SAVER and set parent environment
loaded SAVER and set parent environment
loaded SAVER and set parent environment
loaded SAVER and set parent environment
loaded SAVER and set parent environment
loaded SAVER and set parent environment
loaded SAVER and set parent environment
loaded SAVER and set parent environment
Done!
Finish time: 2026-03-18 00:56:47.565842
Total time: 21.26599 mins

=== groups_balanced_moderate_drop_n90000 ===
Running SAVER x1...
starting worker pid=1203543 on localhost:11823 at 00:35:21.657
starting worker pid=1203536 on localhost:11823 at 00:35:21.658
starting worker pid=1203539 on localhost:11823 at 00:35:21.665
starting worker pid=1203542 on localhost:11823 at 00:35:21.665
starting worker pid=1203537 on localhost:11823 at 00:35:21.665
starting worker pid=1203541 on localhost:11823 at 00:35:21.668
starting worker pid=1203538 on localhost:11823 at 00:35:21.671
starting worker pid=1203540 on localhost:11823 at 00:35:21.674
  [saver] Saved imputed matrix to results_imputation_r/saver/scale/n90000/groups_balanced_moderate_drop_n90000_saver.rds
Wrote results_imputation_r/saver/scale/n90000/saver_mse_table.tsv

Done.
Finished [R/saver]
