/mnt/nfs/home/marcin.malec.local/miniconda3/envs/magic311/lib/python3.11/site-packages/keras/src/export/tf2onnx_lib.py:8: FutureWarning: In the future `np.object` will be defined as the corresponding NumPy scalar.
  if not hasattr(np, "object"):
{"ari_grid_max": 0.22944279762020717, "ari_grid_mean": 0.18075370544441902, "ari_matched_mean": 0.19131938041337188, "cluster_seeds": "42,43,44,45,46", "config": "default", "dataset": "PBMC68k", "n_clusters_grid_mean": 15.715555555555556, "n_clusters_matched_mean": 10.8, "nmi_grid_max": 0.4836839235597569, "nmi_grid_mean": 0.39984679490201464, "nmi_matched_mean": 0.4045124728610143, "runtime_sec": 325.7702365820296, "seed": 42, "transform": "raw"}
{"ari_grid_max": 0.3268432239920129, "ari_grid_mean": 0.23163457136372587, "ari_matched_mean": 0.24402513892421435, "cluster_seeds": "42,43,44,45,46", "config": "default", "dataset": "PBMC68k", "n_clusters_grid_mean": 15.537777777777778, "n_clusters_matched_mean": 11.4, "nmi_grid_max": 0.5028832927617255, "nmi_grid_mean": 0.44081198933594173, "nmi_matched_mean": 0.4568644636457327, "runtime_sec": 325.7702365820296, "seed": 42, "transform": "all_obs0.1"}
{"ari_grid_max": 0.3296082412122702, "ari_grid_mean": 0.23566789084066458, "ari_matched_mean": 0.2535662823977296, "cluster_seeds": "42,43,44,45,46", "config": "default", "dataset": "PBMC68k", "n_clusters_grid_mean": 15.36, "n_clusters_matched_mean": 11.0, "nmi_grid_max": 0.5047122052697195, "nmi_grid_mean": 0.4442923216047753, "nmi_matched_mean": 0.467234159698354, "runtime_sec": 325.7702365820296, "seed": 42, "transform": "all_obs0.15"}
{"ari_grid_max": 0.32500569612581576, "ari_grid_mean": 0.2350657781171657, "ari_matched_mean": 0.2566891743227656, "cluster_seeds": "42,43,44,45,46", "config": "default", "dataset": "PBMC68k", "n_clusters_grid_mean": 15.524444444444445, "n_clusters_matched_mean": 11.0, "nmi_grid_max": 0.5058504760306768, "nmi_grid_mean": 0.4441064874124883, "nmi_matched_mean": 0.4694381822337911, "runtime_sec": 325.7702365820296, "seed": 42, "transform": "all_obs0.25"}
Wrote results_real_data/tuning_maskimpute/seed42_5cluster/PBMC68k_screen.tsv
/mnt/nfs/home/marcin.malec.local/miniconda3/envs/magic311/lib/python3.11/site-packages/keras/src/export/tf2onnx_lib.py:8: FutureWarning: In the future `np.object` will be defined as the corresponding NumPy scalar.
  if not hasattr(np, "object"):
[WARN] normalization.target_sum missing; inferred target_sum=5075 from counts/logcounts.
{"ari_grid_max": 0.8208783894099589, "ari_grid_mean": 0.4528080497646945, "ari_matched_mean": 0.6591588385126366, "cluster_seeds": "42,43,44,45,46", "config": "default", "dataset": "Baron", "n_clusters_grid_mean": 25.253333333333334, "n_clusters_matched_mean": 14.0, "nmi_grid_max": 0.8741611917746251, "nmi_grid_mean": 0.7501751848641387, "nmi_matched_mean": 0.8323369488068646, "runtime_sec": 231.83580505196005, "seed": 42, "transform": "raw"}
{"ari_grid_max": 0.7449743839043416, "ari_grid_mean": 0.47307035835014477, "ari_matched_mean": 0.6771561562745547, "cluster_seeds": "42,43,44,45,46", "config": "default", "dataset": "Baron", "n_clusters_grid_mean": 25.68888888888889, "n_clusters_matched_mean": 14.0, "nmi_grid_max": 0.8660392418045144, "nmi_grid_mean": 0.7653759017374535, "nmi_matched_mean": 0.8494802577910935, "runtime_sec": 231.83580505196005, "seed": 42, "transform": "all_obs0.1"}
{"ari_grid_max": 0.8264818346285375, "ari_grid_mean": 0.47530485940411077, "ari_matched_mean": 0.6767515323297008, "cluster_seeds": "42,43,44,45,46", "config": "default", "dataset": "Baron", "n_clusters_grid_mean": 25.79111111111111, "n_clusters_matched_mean": 14.0, "nmi_grid_max": 0.8820816568780578, "nmi_grid_mean": 0.7665642562656939, "nmi_matched_mean": 0.8470559071517195, "runtime_sec": 231.83580505196005, "seed": 42, "transform": "all_obs0.15"}
{"ari_grid_max": 0.8263938170734358, "ari_grid_mean": 0.4768415604714684, "ari_matched_mean": 0.6829316050190146, "cluster_seeds": "42,43,44,45,46", "config": "default", "dataset": "Baron", "n_clusters_grid_mean": 25.64, "n_clusters_matched_mean": 14.0, "nmi_grid_max": 0.8801120739395266, "nmi_grid_mean": 0.7666754405275977, "nmi_matched_mean": 0.8477348338225544, "runtime_sec": 231.83580505196005, "seed": 42, "transform": "all_obs0.25"}
Wrote results_real_data/tuning_maskimpute/seed42_5cluster/Baron_screen.tsv
/mnt/nfs/home/marcin.malec.local/miniconda3/envs/magic311/lib/python3.11/site-packages/keras/src/export/tf2onnx_lib.py:8: FutureWarning: In the future `np.object` will be defined as the corresponding NumPy scalar.
  if not hasattr(np, "object"):
[WARN] normalization.target_sum missing; inferred target_sum=12089 from counts/logcounts.
{"ari_grid_max": 0.7017246316904054, "ari_grid_mean": 0.3707962001922612, "ari_matched_mean": 0.689563047288777, "cluster_seeds": "42,43,44,45,46", "config": "default", "dataset": "Zeisel", "n_clusters_grid_mean": 27.786666666666665, "n_clusters_matched_mean": 9.0, "nmi_grid_max": 0.7162957007562942, "nmi_grid_mean": 0.6209433016027947, "nmi_matched_mean": 0.6964403864115941, "runtime_sec": 82.86523003107868, "seed": 42, "transform": "raw"}
{"ari_grid_max": 0.7122708025406306, "ari_grid_mean": 0.3667187546673726, "ari_matched_mean": 0.6921206106580955, "cluster_seeds": "42,43,44,45,46", "config": "default", "dataset": "Zeisel", "n_clusters_grid_mean": 27.68888888888889, "n_clusters_matched_mean": 10.0, "nmi_grid_max": 0.7297248087409727, "nmi_grid_mean": 0.6203981314120114, "nmi_matched_mean": 0.7047718414019739, "runtime_sec": 82.86523003107868, "seed": 42, "transform": "all_obs0.1"}
{"ari_grid_max": 0.7103466386335072, "ari_grid_mean": 0.3694134510571528, "ari_matched_mean": 0.6909916998244334, "cluster_seeds": "42,43,44,45,46", "config": "default", "dataset": "Zeisel", "n_clusters_grid_mean": 27.426666666666666, "n_clusters_matched_mean": 9.8, "nmi_grid_max": 0.7272616123901738, "nmi_grid_mean": 0.6211629290040491, "nmi_matched_mean": 0.7004918773230335, "runtime_sec": 82.86523003107868, "seed": 42, "transform": "all_obs0.15"}
{"ari_grid_max": 0.7009346756213031, "ari_grid_mean": 0.3687361414171578, "ari_matched_mean": 0.6986289375030243, "cluster_seeds": "42,43,44,45,46", "config": "default", "dataset": "Zeisel", "n_clusters_grid_mean": 27.604444444444443, "n_clusters_matched_mean": 9.2, "nmi_grid_max": 0.7095525245615103, "nmi_grid_mean": 0.6210963735657535, "nmi_matched_mean": 0.7074622200953818, "runtime_sec": 82.86523003107868, "seed": 42, "transform": "all_obs0.25"}
Wrote results_real_data/tuning_maskimpute/seed42_5cluster/Zeisel_screen.tsv
