Seed set to 42
An NVIDIA GPU may be present on this machine, but a CUDA-enabled jaxlib is not installed. Falling back to cpu.
GPU available: True (cuda), used: True
TPU available: False, using: 0 TPU cores
IPU available: False, using: 0 IPUs
HPU available: False, using: 0 HPUs
You are using a CUDA device ('NVIDIA H100 80GB HBM3') that has Tensor Cores. To properly utilize them, you should set `torch.set_float32_matmul_precision('medium' | 'high')` which will trade-off precision for performance. For more details, read https://pytorch.org/docs/stable/generated/torch.set_float32_matmul_precision.html#torch.set_float32_matmul_precision
LOCAL_RANK: 0 - CUDA_VISIBLE_DEVICES: [1]
/mnt/nfs/home/marcin.malec.local/Coding/MaskedImpute/.venv_scvi/lib/python3.11/site-packages/lightning/pytorch/utilities/_pytree.py:21: `isinstance(treespec, LeafSpec)` is deprecated, use `isinstance(treespec, TreeSpec) and treespec.is_leaf()` instead.
/mnt/nfs/home/marcin.malec.local/Coding/MaskedImpute/.venv_scvi/lib/python3.11/site-packages/lightning/pytorch/trainer/connectors/data_connector.py:441: The 'train_dataloader' does not have many workers which may be a bottleneck. Consider increasing the value of the `num_workers` argument` to `num_workers=223` in the `DataLoader` to improve performance.
`Trainer.fit` stopped: `max_epochs=400` reached.
Seed set to 43
GPU available: True (cuda), used: True
TPU available: False, using: 0 TPU cores
IPU available: False, using: 0 IPUs
HPU available: False, using: 0 HPUs
LOCAL_RANK: 0 - CUDA_VISIBLE_DEVICES: [1]
/mnt/nfs/home/marcin.malec.local/Coding/MaskedImpute/.venv_scvi/lib/python3.11/site-packages/lightning/pytorch/utilities/_pytree.py:21: `isinstance(treespec, LeafSpec)` is deprecated, use `isinstance(treespec, TreeSpec) and treespec.is_leaf()` instead.
/mnt/nfs/home/marcin.malec.local/Coding/MaskedImpute/.venv_scvi/lib/python3.11/site-packages/lightning/pytorch/trainer/connectors/data_connector.py:441: The 'train_dataloader' does not have many workers which may be a bottleneck. Consider increasing the value of the `num_workers` argument` to `num_workers=223` in the `DataLoader` to improve performance.
`Trainer.fit` stopped: `max_epochs=400` reached.
Seed set to 44
GPU available: True (cuda), used: True
TPU available: False, using: 0 TPU cores
IPU available: False, using: 0 IPUs
HPU available: False, using: 0 HPUs
LOCAL_RANK: 0 - CUDA_VISIBLE_DEVICES: [1]
/mnt/nfs/home/marcin.malec.local/Coding/MaskedImpute/.venv_scvi/lib/python3.11/site-packages/lightning/pytorch/utilities/_pytree.py:21: `isinstance(treespec, LeafSpec)` is deprecated, use `isinstance(treespec, TreeSpec) and treespec.is_leaf()` instead.
/mnt/nfs/home/marcin.malec.local/Coding/MaskedImpute/.venv_scvi/lib/python3.11/site-packages/lightning/pytorch/trainer/connectors/data_connector.py:441: The 'train_dataloader' does not have many workers which may be a bottleneck. Consider increasing the value of the `num_workers` argument` to `num_workers=223` in the `DataLoader` to improve performance.
`Trainer.fit` stopped: `max_epochs=400` reached.
Seed set to 45
GPU available: True (cuda), used: True
TPU available: False, using: 0 TPU cores
IPU available: False, using: 0 IPUs
HPU available: False, using: 0 HPUs
LOCAL_RANK: 0 - CUDA_VISIBLE_DEVICES: [1]
/mnt/nfs/home/marcin.malec.local/Coding/MaskedImpute/.venv_scvi/lib/python3.11/site-packages/lightning/pytorch/utilities/_pytree.py:21: `isinstance(treespec, LeafSpec)` is deprecated, use `isinstance(treespec, TreeSpec) and treespec.is_leaf()` instead.
/mnt/nfs/home/marcin.malec.local/Coding/MaskedImpute/.venv_scvi/lib/python3.11/site-packages/lightning/pytorch/trainer/connectors/data_connector.py:441: The 'train_dataloader' does not have many workers which may be a bottleneck. Consider increasing the value of the `num_workers` argument` to `num_workers=223` in the `DataLoader` to improve performance.
`Trainer.fit` stopped: `max_epochs=400` reached.
Seed set to 46
GPU available: True (cuda), used: True
TPU available: False, using: 0 TPU cores
IPU available: False, using: 0 IPUs
HPU available: False, using: 0 HPUs
LOCAL_RANK: 0 - CUDA_VISIBLE_DEVICES: [1]
/mnt/nfs/home/marcin.malec.local/Coding/MaskedImpute/.venv_scvi/lib/python3.11/site-packages/lightning/pytorch/utilities/_pytree.py:21: `isinstance(treespec, LeafSpec)` is deprecated, use `isinstance(treespec, TreeSpec) and treespec.is_leaf()` instead.
/mnt/nfs/home/marcin.malec.local/Coding/MaskedImpute/.venv_scvi/lib/python3.11/site-packages/lightning/pytorch/trainer/connectors/data_connector.py:441: The 'train_dataloader' does not have many workers which may be a bottleneck. Consider increasing the value of the `num_workers` argument` to `num_workers=223` in the `DataLoader` to improve performance.
`Trainer.fit` stopped: `max_epochs=400` reached.

=== batch_effects_moderate_drop_group ===
  -> scVI [scvi]
Wrote results_imputation_py/scvi/test/batch_effects_moderate_drop_group/scvi_mse_table.tsv
